Component: ARM Compiler 5.06 update 5 (build 528) Tool: armlink [4d35e2]

==============================================================================

Section Cross References

    main.o(i.main) refers to led.o(i.LED_Init) for LED_Init
    main.o(i.main) refers to key.o(i.KEY_Init) for KEY_Init
    main.o(i.main) refers to exti.o(i.EXTI_Init) for EXTI_Init
    main.o(i.main) refers to delay.o(i.delay_ms) for delay_ms
    main.o(i.main) refers to key.o(i.KEY_A_Pressed) for KEY_A_Pressed
    main.o(i.main) refers to led.o(i.LED1_Toggle) for LED1_Toggle
    exti.o(i.EXTI1_IRQHandler) refers to led.o(i.LED1_Toggle) for LED1_Toggle
    exti.o(i.EXTI1_IRQHandler) refers to gd32f10x_exti.o(i.exti_interrupt_flag_clear) for exti_interrupt_flag_clear
    exti.o(i.EXTI2_IRQHandler) refers to led.o(i.LED2_Toggle) for LED2_Toggle
    exti.o(i.EXTI2_IRQHandler) refers to gd32f10x_exti.o(i.exti_interrupt_flag_clear) for exti_interrupt_flag_clear
    exti.o(i.EXTI_Init) refers to gd32f10x_rcu.o(i.rcu_periph_clock_enable) for rcu_periph_clock_enable
    exti.o(i.EXTI_Init) refers to gd32f10x_misc.o(i.nvic_irq_enable) for nvic_irq_enable
    exti.o(i.EXTI_Init) refers to gd32f10x_exti.o(i.exti_init) for exti_init
    exti.o(i.EXTI_Init) refers to gd32f10x_exti.o(i.exti_interrupt_flag_clear) for exti_interrupt_flag_clear
    exti.o(i.EXTI_Init) refers to gd32f10x_gpio.o(i.gpio_exti_source_select) for gpio_exti_source_select
    system_gd32f10x.o(i.SystemInit) refers to system_gd32f10x.o(i.system_clock_config) for system_clock_config
    system_gd32f10x.o(i.SystemInit) refers to gd32f10x_misc.o(i.nvic_vector_table_set) for nvic_vector_table_set
    system_gd32f10x.o(i.system_clock_config) refers to system_gd32f10x.o(i.system_clock_108m_hxtal) for system_clock_108m_hxtal
    startup_gd32f10x_md.o(STACK) refers (Special) to heapauxi.o(.text) for __use_two_region_memory
    startup_gd32f10x_md.o(HEAP) refers (Special) to heapauxi.o(.text) for __use_two_region_memory
    startup_gd32f10x_md.o(RESET) refers (Special) to heapauxi.o(.text) for __use_two_region_memory
    startup_gd32f10x_md.o(RESET) refers to startup_gd32f10x_md.o(STACK) for __initial_sp
    startup_gd32f10x_md.o(RESET) refers to startup_gd32f10x_md.o(.text) for Reset_Handler
    startup_gd32f10x_md.o(RESET) refers to gd32f10x_it.o(i.NMI_Handler) for NMI_Handler
    startup_gd32f10x_md.o(RESET) refers to gd32f10x_it.o(i.HardFault_Handler) for HardFault_Handler
    startup_gd32f10x_md.o(RESET) refers to gd32f10x_it.o(i.MemManage_Handler) for MemManage_Handler
    startup_gd32f10x_md.o(RESET) refers to gd32f10x_it.o(i.BusFault_Handler) for BusFault_Handler
    startup_gd32f10x_md.o(RESET) refers to gd32f10x_it.o(i.UsageFault_Handler) for UsageFault_Handler
    startup_gd32f10x_md.o(RESET) refers to gd32f10x_it.o(i.SVC_Handler) for SVC_Handler
    startup_gd32f10x_md.o(RESET) refers to gd32f10x_it.o(i.DebugMon_Handler) for DebugMon_Handler
    startup_gd32f10x_md.o(RESET) refers to gd32f10x_it.o(i.PendSV_Handler) for PendSV_Handler
    startup_gd32f10x_md.o(RESET) refers to gd32f10x_it.o(i.SysTick_Handler) for SysTick_Handler
    startup_gd32f10x_md.o(RESET) refers to exti.o(i.EXTI1_IRQHandler) for EXTI1_IRQHandler
    startup_gd32f10x_md.o(RESET) refers to exti.o(i.EXTI2_IRQHandler) for EXTI2_IRQHandler
    startup_gd32f10x_md.o(.text) refers (Special) to heapauxi.o(.text) for __use_two_region_memory
    startup_gd32f10x_md.o(.text) refers to system_gd32f10x.o(i.SystemInit) for SystemInit
    startup_gd32f10x_md.o(.text) refers to __main.o(!!!main) for __main
    startup_gd32f10x_md.o(.text) refers to startup_gd32f10x_md.o(HEAP) for Heap_Mem
    startup_gd32f10x_md.o(.text) refers to startup_gd32f10x_md.o(STACK) for Stack_Mem
    gd32f10x_gpio.o(i.gpio_afio_deinit) refers to gd32f10x_rcu.o(i.rcu_periph_reset_enable) for rcu_periph_reset_enable
    gd32f10x_gpio.o(i.gpio_afio_deinit) refers to gd32f10x_rcu.o(i.rcu_periph_reset_disable) for rcu_periph_reset_disable
    gd32f10x_gpio.o(i.gpio_deinit) refers to gd32f10x_rcu.o(i.rcu_periph_reset_enable) for rcu_periph_reset_enable
    gd32f10x_gpio.o(i.gpio_deinit) refers to gd32f10x_rcu.o(i.rcu_periph_reset_disable) for rcu_periph_reset_disable
    gd32f10x_misc.o(i.nvic_irq_enable) refers to gd32f10x_misc.o(i.nvic_priority_group_set) for nvic_priority_group_set
    gd32f10x_rcu.o(i.rcu_deinit) refers to gd32f10x_rcu.o(i.rcu_osci_stab_wait) for rcu_osci_stab_wait
    gd32f10x_rcu.o(i.rcu_osci_stab_wait) refers to gd32f10x_rcu.o(i.rcu_flag_get) for rcu_flag_get
    key.o(i.KEY_A_Pressed) refers to gd32f10x_gpio.o(i.gpio_input_bit_get) for gpio_input_bit_get
    key.o(i.KEY_A_Pressed) refers to delay.o(i.delay_ms) for delay_ms
    key.o(i.KEY_Init) refers to gd32f10x_rcu.o(i.rcu_periph_clock_enable) for rcu_periph_clock_enable
    key.o(i.KEY_Init) refers to gd32f10x_gpio.o(i.gpio_init) for gpio_init
    led.o(i.LED1_Off) refers to gd32f10x_gpio.o(i.gpio_bit_reset) for gpio_bit_reset
    led.o(i.LED1_On) refers to gd32f10x_gpio.o(i.gpio_bit_set) for gpio_bit_set
    led.o(i.LED1_Toggle) refers to gd32f10x_gpio.o(i.gpio_output_bit_get) for gpio_output_bit_get
    led.o(i.LED1_Toggle) refers to gd32f10x_gpio.o(i.gpio_bit_write) for gpio_bit_write
    led.o(i.LED2_Off) refers to gd32f10x_gpio.o(i.gpio_bit_reset) for gpio_bit_reset
    led.o(i.LED2_On) refers to gd32f10x_gpio.o(i.gpio_bit_set) for gpio_bit_set
    led.o(i.LED2_Toggle) refers to gd32f10x_gpio.o(i.gpio_output_bit_get) for gpio_output_bit_get
    led.o(i.LED2_Toggle) refers to gd32f10x_gpio.o(i.gpio_bit_write) for gpio_bit_write
    led.o(i.LED_Init) refers to gd32f10x_rcu.o(i.rcu_periph_clock_enable) for rcu_periph_clock_enable
    led.o(i.LED_Init) refers to gd32f10x_gpio.o(i.gpio_init) for gpio_init
    led.o(i.LED_Init) refers to gd32f10x_gpio.o(i.gpio_bit_reset) for gpio_bit_reset
    gd32f10x_it.o(i.SysTick_Handler) refers to systick.o(i.delay_decrement) for delay_decrement
    systick.o(i.delay_1ms) refers to systick.o(.data) for delay
    systick.o(i.delay_decrement) refers to systick.o(.data) for delay
    systick.o(i.systick_config) refers to systick.o(i.NVIC_SetPriority) for NVIC_SetPriority
    systick.o(i.systick_config) refers to system_gd32f10x.o(.data) for SystemCoreClock
    __main.o(!!!main) refers to __rtentry.o(.ARM.Collect$$rtentry$$00000000) for __rt_entry
    __rtentry.o(.ARM.Collect$$rtentry$$00000000) refers (Special) to __rtentry2.o(.ARM.Collect$$rtentry$$0000000A) for __rt_entry_li
    __rtentry.o(.ARM.Collect$$rtentry$$00000000) refers (Special) to __rtentry2.o(.ARM.Collect$$rtentry$$0000000D) for __rt_entry_main
    __rtentry.o(.ARM.Collect$$rtentry$$00000000) refers (Special) to __rtentry2.o(.ARM.Collect$$rtentry$$0000000C) for __rt_entry_postli_1
    __rtentry.o(.ARM.Collect$$rtentry$$00000000) refers (Special) to __rtentry2.o(.ARM.Collect$$rtentry$$00000009) for __rt_entry_postsh_1
    __rtentry.o(.ARM.Collect$$rtentry$$00000000) refers (Special) to __rtentry2.o(.ARM.Collect$$rtentry$$00000002) for __rt_entry_presh_1
    __rtentry.o(.ARM.Collect$$rtentry$$00000000) refers (Special) to __rtentry4.o(.ARM.Collect$$rtentry$$00000004) for __rt_entry_sh
    __rtentry2.o(.ARM.Collect$$rtentry$$00000008) refers to boardinit2.o(.text) for _platform_post_stackheap_init
    __rtentry2.o(.ARM.Collect$$rtentry$$0000000A) refers to libinit.o(.ARM.Collect$$libinit$$00000000) for __rt_lib_init
    __rtentry2.o(.ARM.Collect$$rtentry$$0000000B) refers to boardinit3.o(.text) for _platform_post_lib_init
    __rtentry2.o(.ARM.Collect$$rtentry$$0000000D) refers to main.o(i.main) for main
    __rtentry2.o(.ARM.Collect$$rtentry$$0000000D) refers to exit.o(.text) for exit
    __rtentry2.o(.ARM.exidx) refers to __rtentry2.o(.ARM.Collect$$rtentry$$00000001) for .ARM.Collect$$rtentry$$00000001
    __rtentry2.o(.ARM.exidx) refers to __rtentry2.o(.ARM.Collect$$rtentry$$00000008) for .ARM.Collect$$rtentry$$00000008
    __rtentry2.o(.ARM.exidx) refers to __rtentry2.o(.ARM.Collect$$rtentry$$0000000A) for .ARM.Collect$$rtentry$$0000000A
    __rtentry2.o(.ARM.exidx) refers to __rtentry2.o(.ARM.Collect$$rtentry$$0000000B) for .ARM.Collect$$rtentry$$0000000B
    __rtentry2.o(.ARM.exidx) refers to __rtentry2.o(.ARM.Collect$$rtentry$$0000000D) for .ARM.Collect$$rtentry$$0000000D
    __rtentry4.o(.ARM.Collect$$rtentry$$00000004) refers to sys_stackheap_outer.o(.text) for __user_setup_stackheap
    __rtentry4.o(.ARM.exidx) refers to __rtentry4.o(.ARM.Collect$$rtentry$$00000004) for .ARM.Collect$$rtentry$$00000004
    sys_stackheap_outer.o(.text) refers to libspace.o(.text) for __user_perproc_libspace
    sys_stackheap_outer.o(.text) refers to startup_gd32f10x_md.o(.text) for __user_initial_stackheap
    exit.o(.text) refers to rtexit.o(.ARM.Collect$$rtexit$$00000000) for __rt_exit
    libinit.o(.ARM.Collect$$libinit$$00000000) refers (Special) to libinit2.o(.ARM.Collect$$libinit$$0000002E) for __rt_lib_init_alloca_1
    libinit.o(.ARM.Collect$$libinit$$00000000) refers (Special) to libinit2.o(.ARM.Collect$$libinit$$0000002C) for __rt_lib_init_argv_1
    libinit.o(.ARM.Collect$$libinit$$00000000) refers (Special) to libinit2.o(.ARM.Collect$$libinit$$0000001B) for __rt_lib_init_atexit_1
    libinit.o(.ARM.Collect$$libinit$$00000000) refers (Special) to libinit2.o(.ARM.Collect$$libinit$$00000021) for __rt_lib_init_clock_1
    libinit.o(.ARM.Collect$$libinit$$00000000) refers (Special) to libinit2.o(.ARM.Collect$$libinit$$00000032) for __rt_lib_init_cpp_1
    libinit.o(.ARM.Collect$$libinit$$00000000) refers (Special) to libinit2.o(.ARM.Collect$$libinit$$00000030) for __rt_lib_init_exceptions_1
    libinit.o(.ARM.Collect$$libinit$$00000000) refers (Special) to libinit2.o(.ARM.Collect$$libinit$$00000002) for __rt_lib_init_fp_1
    libinit.o(.ARM.Collect$$libinit$$00000000) refers (Special) to libinit2.o(.ARM.Collect$$libinit$$0000001F) for __rt_lib_init_fp_trap_1
    libinit.o(.ARM.Collect$$libinit$$00000000) refers (Special) to libinit2.o(.ARM.Collect$$libinit$$00000023) for __rt_lib_init_getenv_1
    libinit.o(.ARM.Collect$$libinit$$00000000) refers (Special) to libinit2.o(.ARM.Collect$$libinit$$0000000A) for __rt_lib_init_heap_1
    libinit.o(.ARM.Collect$$libinit$$00000000) refers (Special) to libinit2.o(.ARM.Collect$$libinit$$00000011) for __rt_lib_init_lc_collate_1
    libinit.o(.ARM.Collect$$libinit$$00000000) refers (Special) to libinit2.o(.ARM.Collect$$libinit$$00000013) for __rt_lib_init_lc_ctype_1
    libinit.o(.ARM.Collect$$libinit$$00000000) refers (Special) to libinit2.o(.ARM.Collect$$libinit$$00000015) for __rt_lib_init_lc_monetary_1
    libinit.o(.ARM.Collect$$libinit$$00000000) refers (Special) to libinit2.o(.ARM.Collect$$libinit$$00000017) for __rt_lib_init_lc_numeric_1
    libinit.o(.ARM.Collect$$libinit$$00000000) refers (Special) to libinit2.o(.ARM.Collect$$libinit$$00000019) for __rt_lib_init_lc_time_1
    libinit.o(.ARM.Collect$$libinit$$00000000) refers (Special) to libinit2.o(.ARM.Collect$$libinit$$00000004) for __rt_lib_init_preinit_1
    libinit.o(.ARM.Collect$$libinit$$00000000) refers (Special) to libinit2.o(.ARM.Collect$$libinit$$0000000E) for __rt_lib_init_rand_1
    libinit.o(.ARM.Collect$$libinit$$00000000) refers (Special) to libinit2.o(.ARM.Collect$$libinit$$00000033) for __rt_lib_init_return
    libinit.o(.ARM.Collect$$libinit$$00000000) refers (Special) to libinit2.o(.ARM.Collect$$libinit$$0000001D) for __rt_lib_init_signal_1
    libinit.o(.ARM.Collect$$libinit$$00000000) refers (Special) to libinit2.o(.ARM.Collect$$libinit$$00000025) for __rt_lib_init_stdio_1
    libinit.o(.ARM.Collect$$libinit$$00000000) refers (Special) to libinit2.o(.ARM.Collect$$libinit$$0000000C) for __rt_lib_init_user_alloc_1
    libspace.o(.text) refers to libspace.o(.bss) for __libspace_start
    rtexit.o(.ARM.Collect$$rtexit$$00000000) refers (Special) to rtexit2.o(.ARM.Collect$$rtexit$$00000004) for __rt_exit_exit
    rtexit.o(.ARM.Collect$$rtexit$$00000000) refers (Special) to rtexit2.o(.ARM.Collect$$rtexit$$00000003) for __rt_exit_ls
    rtexit.o(.ARM.Collect$$rtexit$$00000000) refers (Special) to rtexit2.o(.ARM.Collect$$rtexit$$00000002) for __rt_exit_prels_1
    rtexit.o(.ARM.exidx) refers (Special) to rtexit2.o(.ARM.Collect$$rtexit$$00000004) for __rt_exit_exit
    rtexit.o(.ARM.exidx) refers (Special) to rtexit2.o(.ARM.Collect$$rtexit$$00000003) for __rt_exit_ls
    rtexit.o(.ARM.exidx) refers (Special) to rtexit2.o(.ARM.Collect$$rtexit$$00000002) for __rt_exit_prels_1
    rtexit.o(.ARM.exidx) refers to rtexit.o(.ARM.Collect$$rtexit$$00000000) for .ARM.Collect$$rtexit$$00000000
    libinit2.o(.ARM.Collect$$libinit$$00000010) refers to libinit2.o(.ARM.Collect$$libinit$$0000000F) for .ARM.Collect$$libinit$$0000000F
    libinit2.o(.ARM.Collect$$libinit$$00000012) refers to libinit2.o(.ARM.Collect$$libinit$$0000000F) for .ARM.Collect$$libinit$$0000000F
    libinit2.o(.ARM.Collect$$libinit$$00000014) refers to libinit2.o(.ARM.Collect$$libinit$$0000000F) for .ARM.Collect$$libinit$$0000000F
    libinit2.o(.ARM.Collect$$libinit$$00000016) refers to libinit2.o(.ARM.Collect$$libinit$$0000000F) for .ARM.Collect$$libinit$$0000000F
    libinit2.o(.ARM.Collect$$libinit$$00000018) refers to libinit2.o(.ARM.Collect$$libinit$$0000000F) for .ARM.Collect$$libinit$$0000000F
    libinit2.o(.ARM.Collect$$libinit$$00000026) refers to argv_veneer.o(.emb_text) for __ARM_argv_veneer
    libinit2.o(.ARM.Collect$$libinit$$00000027) refers to argv_veneer.o(.emb_text) for __ARM_argv_veneer
    rtexit2.o(.ARM.Collect$$rtexit$$00000003) refers to libshutdown.o(.ARM.Collect$$libshutdown$$00000000) for __rt_lib_shutdown
    rtexit2.o(.ARM.Collect$$rtexit$$00000004) refers to sys_exit.o(.text) for _sys_exit
    rtexit2.o(.ARM.exidx) refers to rtexit2.o(.ARM.Collect$$rtexit$$00000001) for .ARM.Collect$$rtexit$$00000001
    rtexit2.o(.ARM.exidx) refers to rtexit2.o(.ARM.Collect$$rtexit$$00000003) for .ARM.Collect$$rtexit$$00000003
    rtexit2.o(.ARM.exidx) refers to rtexit2.o(.ARM.Collect$$rtexit$$00000004) for .ARM.Collect$$rtexit$$00000004
    argv_veneer.o(.emb_text) refers to no_argv.o(.text) for __ARM_get_argv
    sys_exit.o(.text) refers (Special) to use_no_semi.o(.text) for __I$use$semihosting
    sys_exit.o(.text) refers (Special) to indicate_semi.o(.text) for __semihosting_library_function
    _get_argv_nomalloc.o(.text) refers (Special) to hrguard.o(.text) for __heap_region$guard
    _get_argv_nomalloc.o(.text) refers to defsig_rtmem_outer.o(.text) for __rt_SIGRTMEM
    _get_argv_nomalloc.o(.text) refers to sys_command.o(.text) for _sys_command_string
    libshutdown.o(.ARM.Collect$$libshutdown$$00000000) refers (Special) to libshutdown2.o(.ARM.Collect$$libshutdown$$00000002) for __rt_lib_shutdown_cpp_1
    libshutdown.o(.ARM.Collect$$libshutdown$$00000000) refers (Special) to libshutdown2.o(.ARM.Collect$$libshutdown$$00000007) for __rt_lib_shutdown_fp_trap_1
    libshutdown.o(.ARM.Collect$$libshutdown$$00000000) refers (Special) to libshutdown2.o(.ARM.Collect$$libshutdown$$0000000F) for __rt_lib_shutdown_heap_1
    libshutdown.o(.ARM.Collect$$libshutdown$$00000000) refers (Special) to libshutdown2.o(.ARM.Collect$$libshutdown$$00000010) for __rt_lib_shutdown_return
    libshutdown.o(.ARM.Collect$$libshutdown$$00000000) refers (Special) to libshutdown2.o(.ARM.Collect$$libshutdown$$0000000A) for __rt_lib_shutdown_signal_1
    libshutdown.o(.ARM.Collect$$libshutdown$$00000000) refers (Special) to libshutdown2.o(.ARM.Collect$$libshutdown$$00000004) for __rt_lib_shutdown_stdio_1
    libshutdown.o(.ARM.Collect$$libshutdown$$00000000) refers (Special) to libshutdown2.o(.ARM.Collect$$libshutdown$$0000000C) for __rt_lib_shutdown_user_alloc_1
    sys_command.o(.text) refers (Special) to use_no_semi.o(.text) for __I$use$semihosting
    sys_command.o(.text) refers (Special) to indicate_semi.o(.text) for __semihosting_library_function
    defsig_rtmem_outer.o(.text) refers to defsig_rtmem_inner.o(.text) for __rt_SIGRTMEM_inner
    defsig_rtmem_outer.o(.text) refers to defsig_exit.o(.text) for __sig_exit
    defsig_rtmem_formal.o(.text) refers to rt_raise.o(.text) for __rt_raise
    rt_raise.o(.text) refers to __raise.o(.text) for __raise
    rt_raise.o(.text) refers to sys_exit.o(.text) for _sys_exit
    defsig_exit.o(.text) refers to sys_exit.o(.text) for _sys_exit
    defsig_rtmem_inner.o(.text) refers to defsig_general.o(.text) for __default_signal_display
    __raise.o(.text) refers to defsig.o(CL$$defsig) for __default_signal_handler
    defsig_general.o(.text) refers to sys_wrch.o(.text) for _ttywrch
    sys_wrch.o(.text) refers (Special) to use_no_semi.o(.text) for __I$use$semihosting
    sys_wrch.o(.text) refers (Special) to indicate_semi.o(.text) for __semihosting_library_function
    defsig.o(CL$$defsig) refers to defsig_rtmem_inner.o(.text) for __rt_SIGRTMEM_inner
    defsig_abrt_inner.o(.text) refers to defsig_general.o(.text) for __default_signal_display
    defsig_fpe_inner.o(.text) refers to defsig_general.o(.text) for __default_signal_display
    defsig_rtred_inner.o(.text) refers to defsig_general.o(.text) for __default_signal_display
    defsig_stak_inner.o(.text) refers to defsig_general.o(.text) for __default_signal_display
    defsig_pvfn_inner.o(.text) refers to defsig_general.o(.text) for __default_signal_display
    defsig_cppl_inner.o(.text) refers to defsig_general.o(.text) for __default_signal_display
    defsig_segv_inner.o(.text) refers to defsig_general.o(.text) for __default_signal_display
    defsig_other.o(.text) refers to defsig_general.o(.text) for __default_signal_display


==============================================================================

Removing Unused input sections from the image.

    Removing main.o(.rev16_text), (4 bytes).
    Removing main.o(.revsh_text), (4 bytes).
    Removing delay.o(.rev16_text), (4 bytes).
    Removing delay.o(.revsh_text), (4 bytes).
    Removing exti.o(.rev16_text), (4 bytes).
    Removing exti.o(.revsh_text), (4 bytes).
    Removing system_gd32f10x.o(.rev16_text), (4 bytes).
    Removing system_gd32f10x.o(.revsh_text), (4 bytes).
    Removing system_gd32f10x.o(.data), (4 bytes).
    Removing gd32f10x_exti.o(.rev16_text), (4 bytes).
    Removing gd32f10x_exti.o(.revsh_text), (4 bytes).
    Removing gd32f10x_exti.o(i.exti_deinit), (28 bytes).
    Removing gd32f10x_exti.o(i.exti_event_disable), (16 bytes).
    Removing gd32f10x_exti.o(i.exti_event_enable), (16 bytes).
    Removing gd32f10x_exti.o(i.exti_flag_clear), (12 bytes).
    Removing gd32f10x_exti.o(i.exti_flag_get), (24 bytes).
    Removing gd32f10x_exti.o(i.exti_interrupt_disable), (16 bytes).
    Removing gd32f10x_exti.o(i.exti_interrupt_enable), (16 bytes).
    Removing gd32f10x_exti.o(i.exti_interrupt_flag_get), (24 bytes).
    Removing gd32f10x_exti.o(i.exti_software_interrupt_disable), (16 bytes).
    Removing gd32f10x_exti.o(i.exti_software_interrupt_enable), (16 bytes).
    Removing gd32f10x_gpio.o(.rev16_text), (4 bytes).
    Removing gd32f10x_gpio.o(.revsh_text), (4 bytes).
    Removing gd32f10x_gpio.o(i.gpio_afio_deinit), (20 bytes).
    Removing gd32f10x_gpio.o(i.gpio_bit_set), (4 bytes).
    Removing gd32f10x_gpio.o(i.gpio_deinit), (196 bytes).
    Removing gd32f10x_gpio.o(i.gpio_event_output_config), (28 bytes).
    Removing gd32f10x_gpio.o(i.gpio_event_output_disable), (20 bytes).
    Removing gd32f10x_gpio.o(i.gpio_event_output_enable), (20 bytes).
    Removing gd32f10x_gpio.o(i.gpio_input_port_get), (8 bytes).
    Removing gd32f10x_gpio.o(i.gpio_output_port_get), (8 bytes).
    Removing gd32f10x_gpio.o(i.gpio_pin_lock), (18 bytes).
    Removing gd32f10x_gpio.o(i.gpio_pin_remap_config), (144 bytes).
    Removing gd32f10x_gpio.o(i.gpio_port_write), (4 bytes).
    Removing gd32f10x_misc.o(.rev16_text), (4 bytes).
    Removing gd32f10x_misc.o(.revsh_text), (4 bytes).
    Removing gd32f10x_misc.o(i.nvic_irq_disable), (24 bytes).
    Removing gd32f10x_misc.o(i.system_lowpower_reset), (16 bytes).
    Removing gd32f10x_misc.o(i.system_lowpower_set), (16 bytes).
    Removing gd32f10x_misc.o(i.systick_clksource_set), (40 bytes).
    Removing gd32f10x_rcu.o(.rev16_text), (4 bytes).
    Removing gd32f10x_rcu.o(.revsh_text), (4 bytes).
    Removing gd32f10x_rcu.o(i.rcu_adc_clock_config), (72 bytes).
    Removing gd32f10x_rcu.o(i.rcu_ahb_clock_config), (24 bytes).
    Removing gd32f10x_rcu.o(i.rcu_all_reset_flag_clear), (20 bytes).
    Removing gd32f10x_rcu.o(i.rcu_apb1_clock_config), (24 bytes).
    Removing gd32f10x_rcu.o(i.rcu_apb2_clock_config), (24 bytes).
    Removing gd32f10x_rcu.o(i.rcu_bkp_reset_disable), (20 bytes).
    Removing gd32f10x_rcu.o(i.rcu_bkp_reset_enable), (20 bytes).
    Removing gd32f10x_rcu.o(i.rcu_ckout0_config), (24 bytes).
    Removing gd32f10x_rcu.o(i.rcu_clock_freq_get), (292 bytes).
    Removing gd32f10x_rcu.o(i.rcu_deepsleep_voltage_set), (16 bytes).
    Removing gd32f10x_rcu.o(i.rcu_deinit), (88 bytes).
    Removing gd32f10x_rcu.o(i.rcu_flag_get), (36 bytes).
    Removing gd32f10x_rcu.o(i.rcu_hxtal_clock_monitor_disable), (20 bytes).
    Removing gd32f10x_rcu.o(i.rcu_hxtal_clock_monitor_enable), (20 bytes).
    Removing gd32f10x_rcu.o(i.rcu_interrupt_disable), (32 bytes).
    Removing gd32f10x_rcu.o(i.rcu_interrupt_enable), (32 bytes).
    Removing gd32f10x_rcu.o(i.rcu_interrupt_flag_clear), (32 bytes).
    Removing gd32f10x_rcu.o(i.rcu_interrupt_flag_get), (36 bytes).
    Removing gd32f10x_rcu.o(i.rcu_irc8m_adjust_value_set), (28 bytes).
    Removing gd32f10x_rcu.o(i.rcu_osci_bypass_mode_disable), (92 bytes).
    Removing gd32f10x_rcu.o(i.rcu_osci_bypass_mode_enable), (92 bytes).
    Removing gd32f10x_rcu.o(i.rcu_osci_off), (32 bytes).
    Removing gd32f10x_rcu.o(i.rcu_osci_on), (32 bytes).
    Removing gd32f10x_rcu.o(i.rcu_osci_stab_wait), (224 bytes).
    Removing gd32f10x_rcu.o(i.rcu_periph_clock_disable), (32 bytes).
    Removing gd32f10x_rcu.o(i.rcu_periph_clock_sleep_disable), (32 bytes).
    Removing gd32f10x_rcu.o(i.rcu_periph_clock_sleep_enable), (32 bytes).
    Removing gd32f10x_rcu.o(i.rcu_periph_reset_disable), (32 bytes).
    Removing gd32f10x_rcu.o(i.rcu_periph_reset_enable), (32 bytes).
    Removing gd32f10x_rcu.o(i.rcu_pll_config), (32 bytes).
    Removing gd32f10x_rcu.o(i.rcu_predv0_config), (32 bytes).
    Removing gd32f10x_rcu.o(i.rcu_rtc_clock_config), (24 bytes).
    Removing gd32f10x_rcu.o(i.rcu_system_clock_source_config), (24 bytes).
    Removing gd32f10x_rcu.o(i.rcu_system_clock_source_get), (16 bytes).
    Removing gd32f10x_rcu.o(i.rcu_usb_clock_config), (24 bytes).
    Removing key.o(.rev16_text), (4 bytes).
    Removing key.o(.revsh_text), (4 bytes).
    Removing led.o(.rev16_text), (4 bytes).
    Removing led.o(.revsh_text), (4 bytes).
    Removing led.o(i.LED1_Off), (16 bytes).
    Removing led.o(i.LED1_On), (16 bytes).
    Removing led.o(i.LED2_Off), (16 bytes).
    Removing led.o(i.LED2_On), (16 bytes).
    Removing gd32f10x_it.o(.rev16_text), (4 bytes).
    Removing gd32f10x_it.o(.revsh_text), (4 bytes).
    Removing systick.o(.rev16_text), (4 bytes).
    Removing systick.o(.revsh_text), (4 bytes).
    Removing systick.o(i.NVIC_SetPriority), (40 bytes).
    Removing systick.o(i.delay_1ms), (20 bytes).
    Removing systick.o(i.systick_config), (80 bytes).

92 unused section(s) (total 2698 bytes) removed from the image.

==============================================================================

Image Symbol Table

    Local Symbols

    Symbol Name                              Value     Ov Type        Size  Object(Section)

    ../clib/angel/boardlib.s                 0x00000000   Number         0  boardinit3.o ABSOLUTE
    ../clib/angel/boardlib.s                 0x00000000   Number         0  boardshut.o ABSOLUTE
    ../clib/angel/boardlib.s                 0x00000000   Number         0  boardinit2.o ABSOLUTE
    ../clib/angel/boardlib.s                 0x00000000   Number         0  boardinit1.o ABSOLUTE
    ../clib/angel/handlers.s                 0x00000000   Number         0  __scatter_zi.o ABSOLUTE
    ../clib/angel/handlers.s                 0x00000000   Number         0  __scatter_copy.o ABSOLUTE
    ../clib/angel/kernel.s                   0x00000000   Number         0  __rtentry.o ABSOLUTE
    ../clib/angel/kernel.s                   0x00000000   Number         0  __rtentry2.o ABSOLUTE
    ../clib/angel/kernel.s                   0x00000000   Number         0  rtexit2.o ABSOLUTE
    ../clib/angel/kernel.s                   0x00000000   Number         0  __rtentry4.o ABSOLUTE
    ../clib/angel/kernel.s                   0x00000000   Number         0  rtexit.o ABSOLUTE
    ../clib/angel/rt.s                       0x00000000   Number         0  rt_raise.o ABSOLUTE
    ../clib/angel/scatter.s                  0x00000000   Number         0  __scatter.o ABSOLUTE
    ../clib/angel/startup.s                  0x00000000   Number         0  __main.o ABSOLUTE
    ../clib/angel/sys.s                      0x00000000   Number         0  libspace.o ABSOLUTE
    ../clib/angel/sys.s                      0x00000000   Number         0  indicate_semi.o ABSOLUTE
    ../clib/angel/sys.s                      0x00000000   Number         0  use_no_semi.o ABSOLUTE
    ../clib/angel/sys.s                      0x00000000   Number         0  sys_stackheap_outer.o ABSOLUTE
    ../clib/angel/sysapp.c                   0x00000000   Number         0  sys_wrch.o ABSOLUTE
    ../clib/angel/sysapp.c                   0x00000000   Number         0  sys_exit.o ABSOLUTE
    ../clib/angel/sysapp.c                   0x00000000   Number         0  sys_command.o ABSOLUTE
    ../clib/armsys.c                         0x00000000   Number         0  _get_argv_nomalloc.o ABSOLUTE
    ../clib/armsys.c                         0x00000000   Number         0  argv_veneer.o ABSOLUTE
    ../clib/armsys.c                         0x00000000   Number         0  argv_veneer.o ABSOLUTE
    ../clib/armsys.c                         0x00000000   Number         0  no_argv.o ABSOLUTE
    ../clib/heapalloc.c                      0x00000000   Number         0  hrguard.o ABSOLUTE
    ../clib/heapaux.c                        0x00000000   Number         0  heapauxi.o ABSOLUTE
    ../clib/libinit.s                        0x00000000   Number         0  libinit.o ABSOLUTE
    ../clib/libinit.s                        0x00000000   Number         0  libshutdown2.o ABSOLUTE
    ../clib/libinit.s                        0x00000000   Number         0  libshutdown.o ABSOLUTE
    ../clib/libinit.s                        0x00000000   Number         0  libinit2.o ABSOLUTE
    ../clib/signal.c                         0x00000000   Number         0  defsig_rtmem_outer.o ABSOLUTE
    ../clib/signal.c                         0x00000000   Number         0  defsig_rtmem_formal.o ABSOLUTE
    ../clib/signal.c                         0x00000000   Number         0  defsig_fpe_inner.o ABSOLUTE
    ../clib/signal.c                         0x00000000   Number         0  defsig_abrt_inner.o ABSOLUTE
    ../clib/signal.c                         0x00000000   Number         0  defsig_general.o ABSOLUTE
    ../clib/signal.c                         0x00000000   Number         0  __raise.o ABSOLUTE
    ../clib/signal.c                         0x00000000   Number         0  defsig_rtred_inner.o ABSOLUTE
    ../clib/signal.c                         0x00000000   Number         0  defsig_stak_inner.o ABSOLUTE
    ../clib/signal.c                         0x00000000   Number         0  defsig_pvfn_inner.o ABSOLUTE
    ../clib/signal.c                         0x00000000   Number         0  defsig_cppl_inner.o ABSOLUTE
    ../clib/signal.c                         0x00000000   Number         0  defsig_segv_inner.o ABSOLUTE
    ../clib/signal.c                         0x00000000   Number         0  defsig_other.o ABSOLUTE
    ../clib/signal.c                         0x00000000   Number         0  defsig_rtmem_inner.o ABSOLUTE
    ../clib/signal.c                         0x00000000   Number         0  defsig_exit.o ABSOLUTE
    ../clib/signal.s                         0x00000000   Number         0  defsig.o ABSOLUTE
    ../clib/stdlib.c                         0x00000000   Number         0  exit.o ABSOLUTE
    ../fplib/fpinit.s                        0x00000000   Number         0  fpinit.o ABSOLUTE
    ..\App\DELAY.c                           0x00000000   Number         0  delay.o ABSOLUTE
    ..\App\EXTI.c                            0x00000000   Number         0  exti.o ABSOLUTE
    ..\App\main.c                            0x00000000   Number         0  main.o ABSOLUTE
    ..\Firmware\CMSIS\GD\GD32F10x\Source\ARM\startup_gd32f10x_md.s 0x00000000   Number         0  startup_gd32f10x_md.o ABSOLUTE
    ..\Firmware\CMSIS\GD\GD32F10x\Source\system_gd32f10x.c 0x00000000   Number         0  system_gd32f10x.o ABSOLUTE
    ..\Firmware\GD32F10x_standard_peripheral\Source\gd32f10x_exti.c 0x00000000   Number         0  gd32f10x_exti.o ABSOLUTE
    ..\Firmware\GD32F10x_standard_peripheral\Source\gd32f10x_gpio.c 0x00000000   Number         0  gd32f10x_gpio.o ABSOLUTE
    ..\Firmware\GD32F10x_standard_peripheral\Source\gd32f10x_misc.c 0x00000000   Number         0  gd32f10x_misc.o ABSOLUTE
    ..\Firmware\GD32F10x_standard_peripheral\Source\gd32f10x_rcu.c 0x00000000   Number         0  gd32f10x_rcu.o ABSOLUTE
    ..\Hardware\KEY.c                        0x00000000   Number         0  key.o ABSOLUTE
    ..\Hardware\LED.c                        0x00000000   Number         0  led.o ABSOLUTE
    ..\User\gd32f10x_it.c                    0x00000000   Number         0  gd32f10x_it.o ABSOLUTE
    ..\User\systick.c                        0x00000000   Number         0  systick.o ABSOLUTE
    ..\\App\\DELAY.c                         0x00000000   Number         0  delay.o ABSOLUTE
    ..\\App\\EXTI.c                          0x00000000   Number         0  exti.o ABSOLUTE
    ..\\App\\main.c                          0x00000000   Number         0  main.o ABSOLUTE
    ..\\Firmware\\CMSIS\\GD\\GD32F10x\\Source\\system_gd32f10x.c 0x00000000   Number         0  system_gd32f10x.o ABSOLUTE
    ..\\Firmware\\GD32F10x_standard_peripheral\\Source\\gd32f10x_exti.c 0x00000000   Number         0  gd32f10x_exti.o ABSOLUTE
    ..\\Firmware\\GD32F10x_standard_peripheral\\Source\\gd32f10x_gpio.c 0x00000000   Number         0  gd32f10x_gpio.o ABSOLUTE
    ..\\Firmware\\GD32F10x_standard_peripheral\\Source\\gd32f10x_misc.c 0x00000000   Number         0  gd32f10x_misc.o ABSOLUTE
    ..\\Firmware\\GD32F10x_standard_peripheral\\Source\\gd32f10x_rcu.c 0x00000000   Number         0  gd32f10x_rcu.o ABSOLUTE
    ..\\Hardware\\KEY.c                      0x00000000   Number         0  key.o ABSOLUTE
    ..\\Hardware\\LED.c                      0x00000000   Number         0  led.o ABSOLUTE
    ..\\User\\gd32f10x_it.c                  0x00000000   Number         0  gd32f10x_it.o ABSOLUTE
    ..\\User\\systick.c                      0x00000000   Number         0  systick.o ABSOLUTE
    dc.s                                     0x00000000   Number         0  dc.o ABSOLUTE
    RESET                                    0x08000000   Section      260  startup_gd32f10x_md.o(RESET)
    !!!main                                  0x08000104   Section        8  __main.o(!!!main)
    !!!scatter                               0x0800010c   Section       52  __scatter.o(!!!scatter)
    !!handler_copy                           0x08000140   Section       26  __scatter_copy.o(!!handler_copy)
    !!handler_zi                             0x0800015c   Section       28  __scatter_zi.o(!!handler_zi)
    .ARM.Collect$$libinit$$00000000          0x08000178   Section        2  libinit.o(.ARM.Collect$$libinit$$00000000)
    .ARM.Collect$$libinit$$00000002          0x0800017a   Section        0  libinit2.o(.ARM.Collect$$libinit$$00000002)
    .ARM.Collect$$libinit$$00000004          0x0800017a   Section        0  libinit2.o(.ARM.Collect$$libinit$$00000004)
    .ARM.Collect$$libinit$$0000000A          0x0800017a   Section        0  libinit2.o(.ARM.Collect$$libinit$$0000000A)
    .ARM.Collect$$libinit$$0000000C          0x0800017a   Section        0  libinit2.o(.ARM.Collect$$libinit$$0000000C)
    .ARM.Collect$$libinit$$0000000E          0x0800017a   Section        0  libinit2.o(.ARM.Collect$$libinit$$0000000E)
    .ARM.Collect$$libinit$$00000011          0x0800017a   Section        0  libinit2.o(.ARM.Collect$$libinit$$00000011)
    .ARM.Collect$$libinit$$00000013          0x0800017a   Section        0  libinit2.o(.ARM.Collect$$libinit$$00000013)
    .ARM.Collect$$libinit$$00000015          0x0800017a   Section        0  libinit2.o(.ARM.Collect$$libinit$$00000015)
    .ARM.Collect$$libinit$$00000017          0x0800017a   Section        0  libinit2.o(.ARM.Collect$$libinit$$00000017)
    .ARM.Collect$$libinit$$00000019          0x0800017a   Section        0  libinit2.o(.ARM.Collect$$libinit$$00000019)
    .ARM.Collect$$libinit$$0000001B          0x0800017a   Section        0  libinit2.o(.ARM.Collect$$libinit$$0000001B)
    .ARM.Collect$$libinit$$0000001D          0x0800017a   Section        0  libinit2.o(.ARM.Collect$$libinit$$0000001D)
    .ARM.Collect$$libinit$$0000001F          0x0800017a   Section        0  libinit2.o(.ARM.Collect$$libinit$$0000001F)
    .ARM.Collect$$libinit$$00000021          0x0800017a   Section        0  libinit2.o(.ARM.Collect$$libinit$$00000021)
    .ARM.Collect$$libinit$$00000023          0x0800017a   Section        0  libinit2.o(.ARM.Collect$$libinit$$00000023)
    .ARM.Collect$$libinit$$00000025          0x0800017a   Section        0  libinit2.o(.ARM.Collect$$libinit$$00000025)
    .ARM.Collect$$libinit$$0000002C          0x0800017a   Section        0  libinit2.o(.ARM.Collect$$libinit$$0000002C)
    .ARM.Collect$$libinit$$0000002E          0x0800017a   Section        0  libinit2.o(.ARM.Collect$$libinit$$0000002E)
    .ARM.Collect$$libinit$$00000030          0x0800017a   Section        0  libinit2.o(.ARM.Collect$$libinit$$00000030)
    .ARM.Collect$$libinit$$00000032          0x0800017a   Section        0  libinit2.o(.ARM.Collect$$libinit$$00000032)
    .ARM.Collect$$libinit$$00000033          0x0800017a   Section        2  libinit2.o(.ARM.Collect$$libinit$$00000033)
    .ARM.Collect$$libshutdown$$00000000      0x0800017c   Section        2  libshutdown.o(.ARM.Collect$$libshutdown$$00000000)
    .ARM.Collect$$libshutdown$$00000002      0x0800017e   Section        0  libshutdown2.o(.ARM.Collect$$libshutdown$$00000002)
    .ARM.Collect$$libshutdown$$00000004      0x0800017e   Section        0  libshutdown2.o(.ARM.Collect$$libshutdown$$00000004)
    .ARM.Collect$$libshutdown$$00000007      0x0800017e   Section        0  libshutdown2.o(.ARM.Collect$$libshutdown$$00000007)
    .ARM.Collect$$libshutdown$$0000000A      0x0800017e   Section        0  libshutdown2.o(.ARM.Collect$$libshutdown$$0000000A)
    .ARM.Collect$$libshutdown$$0000000C      0x0800017e   Section        0  libshutdown2.o(.ARM.Collect$$libshutdown$$0000000C)
    .ARM.Collect$$libshutdown$$0000000F      0x0800017e   Section        0  libshutdown2.o(.ARM.Collect$$libshutdown$$0000000F)
    .ARM.Collect$$libshutdown$$00000010      0x0800017e   Section        2  libshutdown2.o(.ARM.Collect$$libshutdown$$00000010)
    .ARM.Collect$$rtentry$$00000000          0x08000180   Section        0  __rtentry.o(.ARM.Collect$$rtentry$$00000000)
    .ARM.Collect$$rtentry$$00000002          0x08000180   Section        0  __rtentry2.o(.ARM.Collect$$rtentry$$00000002)
    .ARM.Collect$$rtentry$$00000004          0x08000180   Section        6  __rtentry4.o(.ARM.Collect$$rtentry$$00000004)
    .ARM.Collect$$rtentry$$00000009          0x08000186   Section        0  __rtentry2.o(.ARM.Collect$$rtentry$$00000009)
    .ARM.Collect$$rtentry$$0000000A          0x08000186   Section        4  __rtentry2.o(.ARM.Collect$$rtentry$$0000000A)
    .ARM.Collect$$rtentry$$0000000C          0x0800018a   Section        0  __rtentry2.o(.ARM.Collect$$rtentry$$0000000C)
    .ARM.Collect$$rtentry$$0000000D          0x0800018a   Section        8  __rtentry2.o(.ARM.Collect$$rtentry$$0000000D)
    .ARM.Collect$$rtexit$$00000000           0x08000192   Section        2  rtexit.o(.ARM.Collect$$rtexit$$00000000)
    .ARM.Collect$$rtexit$$00000002           0x08000194   Section        0  rtexit2.o(.ARM.Collect$$rtexit$$00000002)
    .ARM.Collect$$rtexit$$00000003           0x08000194   Section        4  rtexit2.o(.ARM.Collect$$rtexit$$00000003)
    .ARM.Collect$$rtexit$$00000004           0x08000198   Section        6  rtexit2.o(.ARM.Collect$$rtexit$$00000004)
    .text                                    0x080001a0   Section       64  startup_gd32f10x_md.o(.text)
    .text                                    0x080001e0   Section        0  heapauxi.o(.text)
    .text                                    0x080001e6   Section       74  sys_stackheap_outer.o(.text)
    .text                                    0x08000230   Section        0  exit.o(.text)
    .text                                    0x08000244   Section        8  libspace.o(.text)
    .text                                    0x0800024c   Section        0  sys_exit.o(.text)
    .text                                    0x08000258   Section        2  use_no_semi.o(.text)
    .text                                    0x0800025a   Section        0  indicate_semi.o(.text)
    i.BusFault_Handler                       0x0800025a   Section        0  gd32f10x_it.o(i.BusFault_Handler)
    i.DebugMon_Handler                       0x0800025e   Section        0  gd32f10x_it.o(i.DebugMon_Handler)
    i.EXTI1_IRQHandler                       0x08000260   Section        0  exti.o(i.EXTI1_IRQHandler)
    i.EXTI2_IRQHandler                       0x0800026e   Section        0  exti.o(i.EXTI2_IRQHandler)
    i.EXTI_Init                              0x0800027c   Section        0  exti.o(i.EXTI_Init)
    i.HardFault_Handler                      0x080002cc   Section        0  gd32f10x_it.o(i.HardFault_Handler)
    i.KEY_A_Pressed                          0x080002d0   Section        0  key.o(i.KEY_A_Pressed)
    i.KEY_Init                               0x0800030c   Section        0  key.o(i.KEY_Init)
    i.LED1_Toggle                            0x08000328   Section        0  led.o(i.LED1_Toggle)
    i.LED2_Toggle                            0x0800034c   Section        0  led.o(i.LED2_Toggle)
    i.LED_Init                               0x08000370   Section        0  led.o(i.LED_Init)
    i.MemManage_Handler                      0x08000394   Section        0  gd32f10x_it.o(i.MemManage_Handler)
    i.NMI_Handler                            0x08000398   Section        0  gd32f10x_it.o(i.NMI_Handler)
    i.PendSV_Handler                         0x0800039a   Section        0  gd32f10x_it.o(i.PendSV_Handler)
    i.SVC_Handler                            0x0800039c   Section        0  gd32f10x_it.o(i.SVC_Handler)
    i.SysTick_Handler                        0x0800039e   Section        0  gd32f10x_it.o(i.SysTick_Handler)
    i.SystemInit                             0x080003a8   Section        0  system_gd32f10x.o(i.SystemInit)
    i.UsageFault_Handler                     0x0800047c   Section        0  gd32f10x_it.o(i.UsageFault_Handler)
    i.delay_decrement                        0x08000480   Section        0  systick.o(i.delay_decrement)
    i.delay_ms                               0x08000498   Section        0  delay.o(i.delay_ms)
    i.exti_init                              0x080004b8   Section        0  gd32f10x_exti.o(i.exti_init)
    i.exti_interrupt_flag_clear              0x08000574   Section        0  gd32f10x_exti.o(i.exti_interrupt_flag_clear)
    i.gpio_bit_reset                         0x08000580   Section        0  gd32f10x_gpio.o(i.gpio_bit_reset)
    i.gpio_bit_write                         0x08000584   Section        0  gd32f10x_gpio.o(i.gpio_bit_write)
    i.gpio_exti_source_select                0x08000590   Section        0  gd32f10x_gpio.o(i.gpio_exti_source_select)
    i.gpio_init                              0x08000628   Section        0  gd32f10x_gpio.o(i.gpio_init)
    i.gpio_input_bit_get                     0x080006d4   Section        0  gd32f10x_gpio.o(i.gpio_input_bit_get)
    i.gpio_output_bit_get                    0x080006e4   Section        0  gd32f10x_gpio.o(i.gpio_output_bit_get)
    i.main                                   0x080006f4   Section        0  main.o(i.main)
    i.nvic_irq_enable                        0x08000718   Section        0  gd32f10x_misc.o(i.nvic_irq_enable)
    i.nvic_priority_group_set                0x080007c4   Section        0  gd32f10x_misc.o(i.nvic_priority_group_set)
    i.nvic_vector_table_set                  0x080007d8   Section        0  gd32f10x_misc.o(i.nvic_vector_table_set)
    i.rcu_periph_clock_enable                0x080007f0   Section        0  gd32f10x_rcu.o(i.rcu_periph_clock_enable)
    i.system_clock_108m_hxtal                0x08000810   Section        0  system_gd32f10x.o(i.system_clock_108m_hxtal)
    system_clock_108m_hxtal                  0x08000811   Thumb Code   182  system_gd32f10x.o(i.system_clock_108m_hxtal)
    i.system_clock_config                    0x080008d4   Section        0  system_gd32f10x.o(i.system_clock_config)
    system_clock_config                      0x080008d5   Thumb Code     8  system_gd32f10x.o(i.system_clock_config)
    .data                                    0x20000000   Section        4  systick.o(.data)
    delay                                    0x20000000   Data           4  systick.o(.data)
    .bss                                     0x20000004   Section       96  libspace.o(.bss)
    HEAP                                     0x20000068   Section      512  startup_gd32f10x_md.o(HEAP)
    Heap_Mem                                 0x20000068   Data         512  startup_gd32f10x_md.o(HEAP)
    STACK                                    0x20000268   Section     1024  startup_gd32f10x_md.o(STACK)
    Stack_Mem                                0x20000268   Data        1024  startup_gd32f10x_md.o(STACK)
    __initial_sp                             0x20000668   Data           0  startup_gd32f10x_md.o(STACK)

    Global Symbols

    Symbol Name                              Value     Ov Type        Size  Object(Section)

    BuildAttributes$$THM_ISAv4$P$D$K$B$S$PE$A:L22UL41UL21$X:L11$S22US41US21$IEEE1$IW$USESV6$~STKCKD$USESV7$~SHL$OSPACE$ROPI$EBA8$UX$STANDARDLIB$REQ8$PRES8$EABIv2 0x00000000   Number         0  anon$$obj.o ABSOLUTE
    __ARM_use_no_argv                        0x00000000   Number         0  main.o ABSOLUTE
    __ARM_exceptions_init                     - Undefined Weak Reference
    __alloca_initialize                       - Undefined Weak Reference
    __arm_preinit_                            - Undefined Weak Reference
    __cpp_initialize__aeabi_                  - Undefined Weak Reference
    __cxa_finalize                            - Undefined Weak Reference
    __rt_locale                               - Undefined Weak Reference
    __sigvec_lookup                           - Undefined Weak Reference
    _atexit_init                              - Undefined Weak Reference
    _call_atexit_fns                          - Undefined Weak Reference
    _clock_init                               - Undefined Weak Reference
    _fp_trap_init                             - Undefined Weak Reference
    _fp_trap_shutdown                         - Undefined Weak Reference
    _get_lc_collate                           - Undefined Weak Reference
    _get_lc_ctype                             - Undefined Weak Reference
    _get_lc_monetary                          - Undefined Weak Reference
    _get_lc_numeric                           - Undefined Weak Reference
    _get_lc_time                              - Undefined Weak Reference
    _getenv_init                              - Undefined Weak Reference
    _handle_redirection                       - Undefined Weak Reference
    _init_alloc                               - Undefined Weak Reference
    _init_user_alloc                          - Undefined Weak Reference
    _initio                                   - Undefined Weak Reference
    _rand_init                                - Undefined Weak Reference
    _signal_finish                            - Undefined Weak Reference
    _signal_init                              - Undefined Weak Reference
    _terminate_alloc                          - Undefined Weak Reference
    _terminate_user_alloc                     - Undefined Weak Reference
    _terminateio                              - Undefined Weak Reference
    __Vectors_Size                           0x00000104   Number         0  startup_gd32f10x_md.o ABSOLUTE
    __Vectors                                0x08000000   Data           4  startup_gd32f10x_md.o(RESET)
    __Vectors_End                            0x08000104   Data           0  startup_gd32f10x_md.o(RESET)
    __main                                   0x08000105   Thumb Code     8  __main.o(!!!main)
    __scatterload                            0x0800010d   Thumb Code     0  __scatter.o(!!!scatter)
    __scatterload_rt2                        0x0800010d   Thumb Code    44  __scatter.o(!!!scatter)
    __scatterload_rt2_thumb_only             0x0800010d   Thumb Code     0  __scatter.o(!!!scatter)
    __scatterload_null                       0x0800011b   Thumb Code     0  __scatter.o(!!!scatter)
    __scatterload_copy                       0x08000141   Thumb Code    26  __scatter_copy.o(!!handler_copy)
    __scatterload_zeroinit                   0x0800015d   Thumb Code    28  __scatter_zi.o(!!handler_zi)
    __rt_lib_init                            0x08000179   Thumb Code     0  libinit.o(.ARM.Collect$$libinit$$00000000)
    __rt_lib_init_alloca_1                   0x0800017b   Thumb Code     0  libinit2.o(.ARM.Collect$$libinit$$0000002E)
    __rt_lib_init_argv_1                     0x0800017b   Thumb Code     0  libinit2.o(.ARM.Collect$$libinit$$0000002C)
    __rt_lib_init_atexit_1                   0x0800017b   Thumb Code     0  libinit2.o(.ARM.Collect$$libinit$$0000001B)
    __rt_lib_init_clock_1                    0x0800017b   Thumb Code     0  libinit2.o(.ARM.Collect$$libinit$$00000021)
    __rt_lib_init_cpp_1                      0x0800017b   Thumb Code     0  libinit2.o(.ARM.Collect$$libinit$$00000032)
    __rt_lib_init_exceptions_1               0x0800017b   Thumb Code     0  libinit2.o(.ARM.Collect$$libinit$$00000030)
    __rt_lib_init_fp_1                       0x0800017b   Thumb Code     0  libinit2.o(.ARM.Collect$$libinit$$00000002)
    __rt_lib_init_fp_trap_1                  0x0800017b   Thumb Code     0  libinit2.o(.ARM.Collect$$libinit$$0000001F)
    __rt_lib_init_getenv_1                   0x0800017b   Thumb Code     0  libinit2.o(.ARM.Collect$$libinit$$00000023)
    __rt_lib_init_heap_1                     0x0800017b   Thumb Code     0  libinit2.o(.ARM.Collect$$libinit$$0000000A)
    __rt_lib_init_lc_collate_1               0x0800017b   Thumb Code     0  libinit2.o(.ARM.Collect$$libinit$$00000011)
    __rt_lib_init_lc_ctype_1                 0x0800017b   Thumb Code     0  libinit2.o(.ARM.Collect$$libinit$$00000013)
    __rt_lib_init_lc_monetary_1              0x0800017b   Thumb Code     0  libinit2.o(.ARM.Collect$$libinit$$00000015)
    __rt_lib_init_lc_numeric_1               0x0800017b   Thumb Code     0  libinit2.o(.ARM.Collect$$libinit$$00000017)
    __rt_lib_init_lc_time_1                  0x0800017b   Thumb Code     0  libinit2.o(.ARM.Collect$$libinit$$00000019)
    __rt_lib_init_preinit_1                  0x0800017b   Thumb Code     0  libinit2.o(.ARM.Collect$$libinit$$00000004)
    __rt_lib_init_rand_1                     0x0800017b   Thumb Code     0  libinit2.o(.ARM.Collect$$libinit$$0000000E)
    __rt_lib_init_return                     0x0800017b   Thumb Code     0  libinit2.o(.ARM.Collect$$libinit$$00000033)
    __rt_lib_init_signal_1                   0x0800017b   Thumb Code     0  libinit2.o(.ARM.Collect$$libinit$$0000001D)
    __rt_lib_init_stdio_1                    0x0800017b   Thumb Code     0  libinit2.o(.ARM.Collect$$libinit$$00000025)
    __rt_lib_init_user_alloc_1               0x0800017b   Thumb Code     0  libinit2.o(.ARM.Collect$$libinit$$0000000C)
    __rt_lib_shutdown                        0x0800017d   Thumb Code     0  libshutdown.o(.ARM.Collect$$libshutdown$$00000000)
    __rt_lib_shutdown_cpp_1                  0x0800017f   Thumb Code     0  libshutdown2.o(.ARM.Collect$$libshutdown$$00000002)
    __rt_lib_shutdown_fp_trap_1              0x0800017f   Thumb Code     0  libshutdown2.o(.ARM.Collect$$libshutdown$$00000007)
    __rt_lib_shutdown_heap_1                 0x0800017f   Thumb Code     0  libshutdown2.o(.ARM.Collect$$libshutdown$$0000000F)
    __rt_lib_shutdown_return                 0x0800017f   Thumb Code     0  libshutdown2.o(.ARM.Collect$$libshutdown$$00000010)
    __rt_lib_shutdown_signal_1               0x0800017f   Thumb Code     0  libshutdown2.o(.ARM.Collect$$libshutdown$$0000000A)
    __rt_lib_shutdown_stdio_1                0x0800017f   Thumb Code     0  libshutdown2.o(.ARM.Collect$$libshutdown$$00000004)
    __rt_lib_shutdown_user_alloc_1           0x0800017f   Thumb Code     0  libshutdown2.o(.ARM.Collect$$libshutdown$$0000000C)
    __rt_entry                               0x08000181   Thumb Code     0  __rtentry.o(.ARM.Collect$$rtentry$$00000000)
    __rt_entry_presh_1                       0x08000181   Thumb Code     0  __rtentry2.o(.ARM.Collect$$rtentry$$00000002)
    __rt_entry_sh                            0x08000181   Thumb Code     0  __rtentry4.o(.ARM.Collect$$rtentry$$00000004)
    __rt_entry_li                            0x08000187   Thumb Code     0  __rtentry2.o(.ARM.Collect$$rtentry$$0000000A)
    __rt_entry_postsh_1                      0x08000187   Thumb Code     0  __rtentry2.o(.ARM.Collect$$rtentry$$00000009)
    __rt_entry_main                          0x0800018b   Thumb Code     0  __rtentry2.o(.ARM.Collect$$rtentry$$0000000D)
    __rt_entry_postli_1                      0x0800018b   Thumb Code     0  __rtentry2.o(.ARM.Collect$$rtentry$$0000000C)
    __rt_exit                                0x08000193   Thumb Code     0  rtexit.o(.ARM.Collect$$rtexit$$00000000)
    __rt_exit_ls                             0x08000195   Thumb Code     0  rtexit2.o(.ARM.Collect$$rtexit$$00000003)
    __rt_exit_prels_1                        0x08000195   Thumb Code     0  rtexit2.o(.ARM.Collect$$rtexit$$00000002)
    __rt_exit_exit                           0x08000199   Thumb Code     0  rtexit2.o(.ARM.Collect$$rtexit$$00000004)
    Reset_Handler                            0x080001a1   Thumb Code     8  startup_gd32f10x_md.o(.text)
    ADC0_1_IRQHandler                        0x080001bb   Thumb Code     0  startup_gd32f10x_md.o(.text)
    CAN0_EWMC_IRQHandler                     0x080001bb   Thumb Code     0  startup_gd32f10x_md.o(.text)
    CAN0_RX1_IRQHandler                      0x080001bb   Thumb Code     0  startup_gd32f10x_md.o(.text)
    DMA0_Channel0_IRQHandler                 0x080001bb   Thumb Code     0  startup_gd32f10x_md.o(.text)
    DMA0_Channel1_IRQHandler                 0x080001bb   Thumb Code     0  startup_gd32f10x_md.o(.text)
    DMA0_Channel2_IRQHandler                 0x080001bb   Thumb Code     0  startup_gd32f10x_md.o(.text)
    DMA0_Channel3_IRQHandler                 0x080001bb   Thumb Code     0  startup_gd32f10x_md.o(.text)
    DMA0_Channel4_IRQHandler                 0x080001bb   Thumb Code     0  startup_gd32f10x_md.o(.text)
    DMA0_Channel5_IRQHandler                 0x080001bb   Thumb Code     0  startup_gd32f10x_md.o(.text)
    DMA0_Channel6_IRQHandler                 0x080001bb   Thumb Code     0  startup_gd32f10x_md.o(.text)
    EXMC_IRQHandler                          0x080001bb   Thumb Code     0  startup_gd32f10x_md.o(.text)
    EXTI0_IRQHandler                         0x080001bb   Thumb Code     0  startup_gd32f10x_md.o(.text)
    EXTI10_15_IRQHandler                     0x080001bb   Thumb Code     0  startup_gd32f10x_md.o(.text)
    EXTI3_IRQHandler                         0x080001bb   Thumb Code     0  startup_gd32f10x_md.o(.text)
    EXTI4_IRQHandler                         0x080001bb   Thumb Code     0  startup_gd32f10x_md.o(.text)
    EXTI5_9_IRQHandler                       0x080001bb   Thumb Code     0  startup_gd32f10x_md.o(.text)
    FMC_IRQHandler                           0x080001bb   Thumb Code     0  startup_gd32f10x_md.o(.text)
    I2C0_ER_IRQHandler                       0x080001bb   Thumb Code     0  startup_gd32f10x_md.o(.text)
    I2C0_EV_IRQHandler                       0x080001bb   Thumb Code     0  startup_gd32f10x_md.o(.text)
    I2C1_ER_IRQHandler                       0x080001bb   Thumb Code     0  startup_gd32f10x_md.o(.text)
    I2C1_EV_IRQHandler                       0x080001bb   Thumb Code     0  startup_gd32f10x_md.o(.text)
    LVD_IRQHandler                           0x080001bb   Thumb Code     0  startup_gd32f10x_md.o(.text)
    RCU_IRQHandler                           0x080001bb   Thumb Code     0  startup_gd32f10x_md.o(.text)
    RTC_Alarm_IRQHandler                     0x080001bb   Thumb Code     0  startup_gd32f10x_md.o(.text)
    RTC_IRQHandler                           0x080001bb   Thumb Code     0  startup_gd32f10x_md.o(.text)
    SPI0_IRQHandler                          0x080001bb   Thumb Code     0  startup_gd32f10x_md.o(.text)
    SPI1_IRQHandler                          0x080001bb   Thumb Code     0  startup_gd32f10x_md.o(.text)
    TAMPER_IRQHandler                        0x080001bb   Thumb Code     0  startup_gd32f10x_md.o(.text)
    TIMER0_BRK_IRQHandler                    0x080001bb   Thumb Code     0  startup_gd32f10x_md.o(.text)
    TIMER0_Channel_IRQHandler                0x080001bb   Thumb Code     0  startup_gd32f10x_md.o(.text)
    TIMER0_TRG_CMT_IRQHandler                0x080001bb   Thumb Code     0  startup_gd32f10x_md.o(.text)
    TIMER0_UP_IRQHandler                     0x080001bb   Thumb Code     0  startup_gd32f10x_md.o(.text)
    TIMER1_IRQHandler                        0x080001bb   Thumb Code     0  startup_gd32f10x_md.o(.text)
    TIMER2_IRQHandler                        0x080001bb   Thumb Code     0  startup_gd32f10x_md.o(.text)
    TIMER3_IRQHandler                        0x080001bb   Thumb Code     0  startup_gd32f10x_md.o(.text)
    USART0_IRQHandler                        0x080001bb   Thumb Code     0  startup_gd32f10x_md.o(.text)
    USART1_IRQHandler                        0x080001bb   Thumb Code     0  startup_gd32f10x_md.o(.text)
    USART2_IRQHandler                        0x080001bb   Thumb Code     0  startup_gd32f10x_md.o(.text)
    USBD_HP_CAN0_TX_IRQHandler               0x080001bb   Thumb Code     0  startup_gd32f10x_md.o(.text)
    USBD_LP_CAN0_RX0_IRQHandler              0x080001bb   Thumb Code     0  startup_gd32f10x_md.o(.text)
    USBD_WKUP_IRQHandler                     0x080001bb   Thumb Code     0  startup_gd32f10x_md.o(.text)
    WWDGT_IRQHandler                         0x080001bb   Thumb Code     0  startup_gd32f10x_md.o(.text)
    __user_initial_stackheap                 0x080001bd   Thumb Code    10  startup_gd32f10x_md.o(.text)
    __use_two_region_memory                  0x080001e1   Thumb Code     2  heapauxi.o(.text)
    __rt_heap_escrow$2region                 0x080001e3   Thumb Code     2  heapauxi.o(.text)
    __rt_heap_expand$2region                 0x080001e5   Thumb Code     2  heapauxi.o(.text)
    __user_setup_stackheap                   0x080001e7   Thumb Code    74  sys_stackheap_outer.o(.text)
    exit                                     0x08000231   Thumb Code    18  exit.o(.text)
    __user_libspace                          0x08000245   Thumb Code     8  libspace.o(.text)
    __user_perproc_libspace                  0x08000245   Thumb Code     0  libspace.o(.text)
    __user_perthread_libspace                0x08000245   Thumb Code     0  libspace.o(.text)
    _sys_exit                                0x0800024d   Thumb Code     8  sys_exit.o(.text)
    __I$use$semihosting                      0x08000259   Thumb Code     0  use_no_semi.o(.text)
    __use_no_semihosting_swi                 0x08000259   Thumb Code     2  use_no_semi.o(.text)
    BusFault_Handler                         0x0800025b   Thumb Code     4  gd32f10x_it.o(i.BusFault_Handler)
    __semihosting_library_function           0x0800025b   Thumb Code     0  indicate_semi.o(.text)
    DebugMon_Handler                         0x0800025f   Thumb Code     2  gd32f10x_it.o(i.DebugMon_Handler)
    EXTI1_IRQHandler                         0x08000261   Thumb Code    14  exti.o(i.EXTI1_IRQHandler)
    EXTI2_IRQHandler                         0x0800026f   Thumb Code    14  exti.o(i.EXTI2_IRQHandler)
    EXTI_Init                                0x0800027d   Thumb Code    80  exti.o(i.EXTI_Init)
    HardFault_Handler                        0x080002cd   Thumb Code     4  gd32f10x_it.o(i.HardFault_Handler)
    KEY_A_Pressed                            0x080002d1   Thumb Code    54  key.o(i.KEY_A_Pressed)
    KEY_Init                                 0x0800030d   Thumb Code    24  key.o(i.KEY_Init)
    LED1_Toggle                              0x08000329   Thumb Code    32  led.o(i.LED1_Toggle)
    LED2_Toggle                              0x0800034d   Thumb Code    32  led.o(i.LED2_Toggle)
    LED_Init                                 0x08000371   Thumb Code    32  led.o(i.LED_Init)
    MemManage_Handler                        0x08000395   Thumb Code     4  gd32f10x_it.o(i.MemManage_Handler)
    NMI_Handler                              0x08000399   Thumb Code     2  gd32f10x_it.o(i.NMI_Handler)
    PendSV_Handler                           0x0800039b   Thumb Code     2  gd32f10x_it.o(i.PendSV_Handler)
    SVC_Handler                              0x0800039d   Thumb Code     2  gd32f10x_it.o(i.SVC_Handler)
    SysTick_Handler                          0x0800039f   Thumb Code     8  gd32f10x_it.o(i.SysTick_Handler)
    SystemInit                               0x080003a9   Thumb Code   196  system_gd32f10x.o(i.SystemInit)
    UsageFault_Handler                       0x0800047d   Thumb Code     4  gd32f10x_it.o(i.UsageFault_Handler)
    delay_decrement                          0x08000481   Thumb Code    18  systick.o(i.delay_decrement)
    delay_ms                                 0x08000499   Thumb Code    32  delay.o(i.delay_ms)
    exti_init                                0x080004b9   Thumb Code   184  gd32f10x_exti.o(i.exti_init)
    exti_interrupt_flag_clear                0x08000575   Thumb Code     6  gd32f10x_exti.o(i.exti_interrupt_flag_clear)
    gpio_bit_reset                           0x08000581   Thumb Code     4  gd32f10x_gpio.o(i.gpio_bit_reset)
    gpio_bit_write                           0x08000585   Thumb Code    10  gd32f10x_gpio.o(i.gpio_bit_write)
    gpio_exti_source_select                  0x08000591   Thumb Code   146  gd32f10x_gpio.o(i.gpio_exti_source_select)
    gpio_init                                0x08000629   Thumb Code   172  gd32f10x_gpio.o(i.gpio_init)
    gpio_input_bit_get                       0x080006d5   Thumb Code    16  gd32f10x_gpio.o(i.gpio_input_bit_get)
    gpio_output_bit_get                      0x080006e5   Thumb Code    16  gd32f10x_gpio.o(i.gpio_output_bit_get)
    main                                     0x080006f5   Thumb Code    34  main.o(i.main)
    nvic_irq_enable                          0x08000719   Thumb Code   162  gd32f10x_misc.o(i.nvic_irq_enable)
    nvic_priority_group_set                  0x080007c5   Thumb Code    10  gd32f10x_misc.o(i.nvic_priority_group_set)
    nvic_vector_table_set                    0x080007d9   Thumb Code    16  gd32f10x_misc.o(i.nvic_vector_table_set)
    rcu_periph_clock_enable                  0x080007f1   Thumb Code    28  gd32f10x_rcu.o(i.rcu_periph_clock_enable)
    Region$$Table$$Base                      0x080008dc   Number         0  anon$$obj.o(Region$$Table)
    Region$$Table$$Limit                     0x080008fc   Number         0  anon$$obj.o(Region$$Table)
    __libspace_start                         0x20000004   Data          96  libspace.o(.bss)
    __temporary_stack_top$libspace           0x20000064   Data           0  libspace.o(.bss)



==============================================================================

Memory Map of the image

  Image Entry point : 0x08000105

  Load Region LR_IROM1 (Base: 0x08000000, Size: 0x00000900, Max: 0x00010000, ABSOLUTE)

    Execution Region ER_IROM1 (Exec base: 0x08000000, Load base: 0x08000000, Size: 0x000008fc, Max: 0x00010000, ABSOLUTE)

    Exec Addr    Load Addr    Size         Type   Attr      Idx    E Section Name        Object

    0x08000000   0x08000000   0x00000104   Data   RO          325    RESET               startup_gd32f10x_md.o
    0x08000104   0x08000104   0x00000008   Code   RO         1032  * !!!main             c_w.l(__main.o)
    0x0800010c   0x0800010c   0x00000034   Code   RO         1189    !!!scatter          c_w.l(__scatter.o)
    0x08000140   0x08000140   0x0000001a   Code   RO         1191    !!handler_copy      c_w.l(__scatter_copy.o)
    0x0800015a   0x0800015a   0x00000002   PAD
    0x0800015c   0x0800015c   0x0000001c   Code   RO         1193    !!handler_zi        c_w.l(__scatter_zi.o)
    0x08000178   0x08000178   0x00000002   Code   RO         1059    .ARM.Collect$$libinit$$00000000  c_w.l(libinit.o)
    0x0800017a   0x0800017a   0x00000000   Code   RO         1066    .ARM.Collect$$libinit$$00000002  c_w.l(libinit2.o)
    0x0800017a   0x0800017a   0x00000000   Code   RO         1068    .ARM.Collect$$libinit$$00000004  c_w.l(libinit2.o)
    0x0800017a   0x0800017a   0x00000000   Code   RO         1071    .ARM.Collect$$libinit$$0000000A  c_w.l(libinit2.o)
    0x0800017a   0x0800017a   0x00000000   Code   RO         1073    .ARM.Collect$$libinit$$0000000C  c_w.l(libinit2.o)
    0x0800017a   0x0800017a   0x00000000   Code   RO         1075    .ARM.Collect$$libinit$$0000000E  c_w.l(libinit2.o)
    0x0800017a   0x0800017a   0x00000000   Code   RO         1078    .ARM.Collect$$libinit$$00000011  c_w.l(libinit2.o)
    0x0800017a   0x0800017a   0x00000000   Code   RO         1080    .ARM.Collect$$libinit$$00000013  c_w.l(libinit2.o)
    0x0800017a   0x0800017a   0x00000000   Code   RO         1082    .ARM.Collect$$libinit$$00000015  c_w.l(libinit2.o)
    0x0800017a   0x0800017a   0x00000000   Code   RO         1084    .ARM.Collect$$libinit$$00000017  c_w.l(libinit2.o)
    0x0800017a   0x0800017a   0x00000000   Code   RO         1086    .ARM.Collect$$libinit$$00000019  c_w.l(libinit2.o)
    0x0800017a   0x0800017a   0x00000000   Code   RO         1088    .ARM.Collect$$libinit$$0000001B  c_w.l(libinit2.o)
    0x0800017a   0x0800017a   0x00000000   Code   RO         1090    .ARM.Collect$$libinit$$0000001D  c_w.l(libinit2.o)
    0x0800017a   0x0800017a   0x00000000   Code   RO         1092    .ARM.Collect$$libinit$$0000001F  c_w.l(libinit2.o)
    0x0800017a   0x0800017a   0x00000000   Code   RO         1094    .ARM.Collect$$libinit$$00000021  c_w.l(libinit2.o)
    0x0800017a   0x0800017a   0x00000000   Code   RO         1096    .ARM.Collect$$libinit$$00000023  c_w.l(libinit2.o)
    0x0800017a   0x0800017a   0x00000000   Code   RO         1098    .ARM.Collect$$libinit$$00000025  c_w.l(libinit2.o)
    0x0800017a   0x0800017a   0x00000000   Code   RO         1102    .ARM.Collect$$libinit$$0000002C  c_w.l(libinit2.o)
    0x0800017a   0x0800017a   0x00000000   Code   RO         1104    .ARM.Collect$$libinit$$0000002E  c_w.l(libinit2.o)
    0x0800017a   0x0800017a   0x00000000   Code   RO         1106    .ARM.Collect$$libinit$$00000030  c_w.l(libinit2.o)
    0x0800017a   0x0800017a   0x00000000   Code   RO         1108    .ARM.Collect$$libinit$$00000032  c_w.l(libinit2.o)
    0x0800017a   0x0800017a   0x00000002   Code   RO         1109    .ARM.Collect$$libinit$$00000033  c_w.l(libinit2.o)
    0x0800017c   0x0800017c   0x00000002   Code   RO         1129    .ARM.Collect$$libshutdown$$00000000  c_w.l(libshutdown.o)
    0x0800017e   0x0800017e   0x00000000   Code   RO         1142    .ARM.Collect$$libshutdown$$00000002  c_w.l(libshutdown2.o)
    0x0800017e   0x0800017e   0x00000000   Code   RO         1144    .ARM.Collect$$libshutdown$$00000004  c_w.l(libshutdown2.o)
    0x0800017e   0x0800017e   0x00000000   Code   RO         1147    .ARM.Collect$$libshutdown$$00000007  c_w.l(libshutdown2.o)
    0x0800017e   0x0800017e   0x00000000   Code   RO         1150    .ARM.Collect$$libshutdown$$0000000A  c_w.l(libshutdown2.o)
    0x0800017e   0x0800017e   0x00000000   Code   RO         1152    .ARM.Collect$$libshutdown$$0000000C  c_w.l(libshutdown2.o)
    0x0800017e   0x0800017e   0x00000000   Code   RO         1155    .ARM.Collect$$libshutdown$$0000000F  c_w.l(libshutdown2.o)
    0x0800017e   0x0800017e   0x00000002   Code   RO         1156    .ARM.Collect$$libshutdown$$00000010  c_w.l(libshutdown2.o)
    0x08000180   0x08000180   0x00000000   Code   RO         1034    .ARM.Collect$$rtentry$$00000000  c_w.l(__rtentry.o)
    0x08000180   0x08000180   0x00000000   Code   RO         1036    .ARM.Collect$$rtentry$$00000002  c_w.l(__rtentry2.o)
    0x08000180   0x08000180   0x00000006   Code   RO         1048    .ARM.Collect$$rtentry$$00000004  c_w.l(__rtentry4.o)
    0x08000186   0x08000186   0x00000000   Code   RO         1038    .ARM.Collect$$rtentry$$00000009  c_w.l(__rtentry2.o)
    0x08000186   0x08000186   0x00000004   Code   RO         1039    .ARM.Collect$$rtentry$$0000000A  c_w.l(__rtentry2.o)
    0x0800018a   0x0800018a   0x00000000   Code   RO         1041    .ARM.Collect$$rtentry$$0000000C  c_w.l(__rtentry2.o)
    0x0800018a   0x0800018a   0x00000008   Code   RO         1042    .ARM.Collect$$rtentry$$0000000D  c_w.l(__rtentry2.o)
    0x08000192   0x08000192   0x00000002   Code   RO         1063    .ARM.Collect$$rtexit$$00000000  c_w.l(rtexit.o)
    0x08000194   0x08000194   0x00000000   Code   RO         1111    .ARM.Collect$$rtexit$$00000002  c_w.l(rtexit2.o)
    0x08000194   0x08000194   0x00000004   Code   RO         1112    .ARM.Collect$$rtexit$$00000003  c_w.l(rtexit2.o)
    0x08000198   0x08000198   0x00000006   Code   RO         1113    .ARM.Collect$$rtexit$$00000004  c_w.l(rtexit2.o)
    0x0800019e   0x0800019e   0x00000002   PAD
    0x080001a0   0x080001a0   0x00000040   Code   RO          326    .text               startup_gd32f10x_md.o
    0x080001e0   0x080001e0   0x00000006   Code   RO         1030    .text               c_w.l(heapauxi.o)
    0x080001e6   0x080001e6   0x0000004a   Code   RO         1050    .text               c_w.l(sys_stackheap_outer.o)
    0x08000230   0x08000230   0x00000012   Code   RO         1052    .text               c_w.l(exit.o)
    0x08000242   0x08000242   0x00000002   PAD
    0x08000244   0x08000244   0x00000008   Code   RO         1060    .text               c_w.l(libspace.o)
    0x0800024c   0x0800024c   0x0000000c   Code   RO         1121    .text               c_w.l(sys_exit.o)
    0x08000258   0x08000258   0x00000002   Code   RO         1132    .text               c_w.l(use_no_semi.o)
    0x0800025a   0x0800025a   0x00000000   Code   RO         1134    .text               c_w.l(indicate_semi.o)
    0x0800025a   0x0800025a   0x00000004   Code   RO          910    i.BusFault_Handler  gd32f10x_it.o
    0x0800025e   0x0800025e   0x00000002   Code   RO          911    i.DebugMon_Handler  gd32f10x_it.o
    0x08000260   0x08000260   0x0000000e   Code   RO          253    i.EXTI1_IRQHandler  exti.o
    0x0800026e   0x0800026e   0x0000000e   Code   RO          254    i.EXTI2_IRQHandler  exti.o
    0x0800027c   0x0800027c   0x00000050   Code   RO          255    i.EXTI_Init         exti.o
    0x080002cc   0x080002cc   0x00000004   Code   RO          912    i.HardFault_Handler  gd32f10x_it.o
    0x080002d0   0x080002d0   0x0000003c   Code   RO          820    i.KEY_A_Pressed     key.o
    0x0800030c   0x0800030c   0x0000001c   Code   RO          821    i.KEY_Init          key.o
    0x08000328   0x08000328   0x00000024   Code   RO          852    i.LED1_Toggle       led.o
    0x0800034c   0x0800034c   0x00000024   Code   RO          855    i.LED2_Toggle       led.o
    0x08000370   0x08000370   0x00000024   Code   RO          856    i.LED_Init          led.o
    0x08000394   0x08000394   0x00000004   Code   RO          913    i.MemManage_Handler  gd32f10x_it.o
    0x08000398   0x08000398   0x00000002   Code   RO          914    i.NMI_Handler       gd32f10x_it.o
    0x0800039a   0x0800039a   0x00000002   Code   RO          915    i.PendSV_Handler    gd32f10x_it.o
    0x0800039c   0x0800039c   0x00000002   Code   RO          916    i.SVC_Handler       gd32f10x_it.o
    0x0800039e   0x0800039e   0x00000008   Code   RO          917    i.SysTick_Handler   gd32f10x_it.o
    0x080003a6   0x080003a6   0x00000002   PAD
    0x080003a8   0x080003a8   0x000000d4   Code   RO          289    i.SystemInit        system_gd32f10x.o
    0x0800047c   0x0800047c   0x00000004   Code   RO          918    i.UsageFault_Handler  gd32f10x_it.o
    0x08000480   0x08000480   0x00000018   Code   RO          989    i.delay_decrement   systick.o
    0x08000498   0x08000498   0x00000020   Code   RO          137    i.delay_ms          delay.o
    0x080004b8   0x080004b8   0x000000bc   Code   RO          337    i.exti_init         gd32f10x_exti.o
    0x08000574   0x08000574   0x0000000c   Code   RO          340    i.exti_interrupt_flag_clear  gd32f10x_exti.o
    0x08000580   0x08000580   0x00000004   Code   RO          419    i.gpio_bit_reset    gd32f10x_gpio.o
    0x08000584   0x08000584   0x0000000a   Code   RO          421    i.gpio_bit_write    gd32f10x_gpio.o
    0x0800058e   0x0800058e   0x00000002   PAD
    0x08000590   0x08000590   0x00000098   Code   RO          426    i.gpio_exti_source_select  gd32f10x_gpio.o
    0x08000628   0x08000628   0x000000ac   Code   RO          427    i.gpio_init         gd32f10x_gpio.o
    0x080006d4   0x080006d4   0x00000010   Code   RO          428    i.gpio_input_bit_get  gd32f10x_gpio.o
    0x080006e4   0x080006e4   0x00000010   Code   RO          430    i.gpio_output_bit_get  gd32f10x_gpio.o
    0x080006f4   0x080006f4   0x00000022   Code   RO            3    i.main              main.o
    0x08000716   0x08000716   0x00000002   PAD
    0x08000718   0x08000718   0x000000ac   Code   RO          535    i.nvic_irq_enable   gd32f10x_misc.o
    0x080007c4   0x080007c4   0x00000014   Code   RO          536    i.nvic_priority_group_set  gd32f10x_misc.o
    0x080007d8   0x080007d8   0x00000018   Code   RO          537    i.nvic_vector_table_set  gd32f10x_misc.o
    0x080007f0   0x080007f0   0x00000020   Code   RO          615    i.rcu_periph_clock_enable  gd32f10x_rcu.o
    0x08000810   0x08000810   0x000000c4   Code   RO          290    i.system_clock_108m_hxtal  system_gd32f10x.o
    0x080008d4   0x080008d4   0x00000008   Code   RO          291    i.system_clock_config  system_gd32f10x.o
    0x080008dc   0x080008dc   0x00000020   Data   RO         1187    Region$$Table       anon$$obj.o


    Execution Region RW_IRAM1 (Exec base: 0x20000000, Load base: 0x080008fc, Size: 0x00000668, Max: 0x00005000, ABSOLUTE)

    Exec Addr    Load Addr    Size         Type   Attr      Idx    E Section Name        Object

    0x20000000   0x080008fc   0x00000004   Data   RW          991    .data               systick.o
    0x20000004        -       0x00000060   Zero   RW         1061    .bss                c_w.l(libspace.o)
    0x20000064   0x08000900   0x00000004   PAD
    0x20000068        -       0x00000200   Zero   RW          324    HEAP                startup_gd32f10x_md.o
    0x20000268        -       0x00000400   Zero   RW          323    STACK               startup_gd32f10x_md.o


==============================================================================

Image component sizes


      Code (inc. data)   RO Data    RW Data    ZI Data      Debug   Object Name

        32          0          0          0          0      31631   delay.o
       108          0          0          0          0       1458   exti.o
       200         10          0          0          0       1368   gd32f10x_exti.o
       370          6          0          0          0       4415   gd32f10x_gpio.o
        32          0          0          0          0       4238   gd32f10x_it.o
       216         28          0          0          0       2160   gd32f10x_misc.o
        32          4          0          0          0        606   gd32f10x_rcu.o
        88         10          0          0          0       1027   key.o
       108         12          0          0          0       1431   led.o
        34          0          0          0          0       9039   main.o
        64         26        260          0       1536        940   startup_gd32f10x_md.o
       416         30          0          0          0       2781   system_gd32f10x.o
        24          6          0          4          0       1194   systick.o

    ----------------------------------------------------------------------
      1730        132        292          4       1536      62288   Object Totals
         0          0         32          0          0          0   (incl. Generated)
         6          0          0          0          0          0   (incl. Padding)

    ----------------------------------------------------------------------

      Code (inc. data)   RO Data    RW Data    ZI Data      Debug   Library Member Name

         8          0          0          0          0         68   __main.o
         0          0          0          0          0          0   __rtentry.o
        12          0          0          0          0          0   __rtentry2.o
         6          0          0          0          0          0   __rtentry4.o
        52          8          0          0          0          0   __scatter.o
        26          0          0          0          0          0   __scatter_copy.o
        28          0          0          0          0          0   __scatter_zi.o
        18          0          0          0          0         80   exit.o
         6          0          0          0          0        152   heapauxi.o
         0          0          0          0          0          0   indicate_semi.o
         2          0          0          0          0          0   libinit.o
         2          0          0          0          0          0   libinit2.o
         2          0          0          0          0          0   libshutdown.o
         2          0          0          0          0          0   libshutdown2.o
         8          4          0          0         96         68   libspace.o
         2          0          0          0          0          0   rtexit.o
        10          0          0          0          0          0   rtexit2.o
        12          4          0          0          0         68   sys_exit.o
        74          0          0          0          0         80   sys_stackheap_outer.o
         2          0          0          0          0         68   use_no_semi.o

    ----------------------------------------------------------------------
       278         16          0          0        100        584   Library Totals
         6          0          0          0          4          0   (incl. Padding)

    ----------------------------------------------------------------------

      Code (inc. data)   RO Data    RW Data    ZI Data      Debug   Library Name

       272         16          0          0         96        584   c_w.l

    ----------------------------------------------------------------------
       278         16          0          0        100        584   Library Totals

    ----------------------------------------------------------------------

==============================================================================


      Code (inc. data)   RO Data    RW Data    ZI Data      Debug   

      2008        148        292          4       1636      61100   Grand Totals
      2008        148        292          4       1636      61100   ELF Image Totals
      2008        148        292          4          0          0   ROM Totals

==============================================================================

    Total RO  Size (Code + RO Data)                 2300 (   2.25kB)
    Total RW  Size (RW Data + ZI Data)              1640 (   1.60kB)
    Total ROM Size (Code + RO Data + RW Data)       2304 (   2.25kB)

==============================================================================

