BL51 BANKED LINKER/LOCATER V6.22.2.0                                                    11/01/2025  13:57:37  PAGE 1


BL51 BANKED LINKER/LOCATER V6.22.2.0, INVOKED BY:
C:\KEIL_V5\C51\BIN\BL51.EXE .\Objects\STARTUP.obj, .\Objects\main.obj TO .\Objects\7-2 INE PRINT (.\Listings\7-2 INE.m51
>> )


MEMORY MODEL: SMALL


INPUT MODULES INCLUDED:
  .\Objects\STARTUP.obj (?C_STARTUP)
  .\Objects\main.obj (MAIN)
  C:\KEIL_V5\C51\LIB\C51S.LIB (?C_INIT)
  C:\KEIL_V5\C51\LIB\C51S.LIB (?C?SLCMP)


LINK MAP OF MODULE:  .\Objects\7-2 INE (?C_STARTUP)


            TYPE    BASE      LENGTH    RELOCATION   SEGMENT NAME
            -----------------------------------------------------

            * * * * * * *   D A T A   M E M O R Y   * * * * * * *
            REG     0000H     0008H     ABSOLUTE     "REG BANK 0"
            REG     0008H     0008H     ABSOLUTE     "REG BANK 1"
            REG     0010H     0008H     ABSOLUTE     "REG BANK 2"
            DATA    0018H     0008H     UNIT         ?DT?MAIN
            DATA    0020H     0003H     UNIT         _DATA_GROUP_
            IDATA   0023H     0001H     UNIT         ?STACK

            * * * * * * *   C O D E   M E M O R Y   * * * * * * *
            CODE    0000H     0003H     ABSOLUTE     
            CODE    0003H     0003H     ABSOLUTE     
            CODE    0006H     000BH     UNIT         ?C_INITSEG
                    0011H     0002H                  *** GAP ***
            CODE    0013H     0003H     ABSOLUTE     
            CODE    0016H     008CH     UNIT         ?C_C51STARTUP
            CODE    00A2H     0038H     UNIT         ?PR?INT0?MAIN
            CODE    00DAH     0038H     UNIT         ?PR?INT1?MAIN
            CODE    0112H     0025H     UNIT         ?PR?MAIN?MAIN
            CODE    0137H     001AH     UNIT         ?PR?DELAY?MAIN
            CODE    0151H     0016H     UNIT         ?C?LIB_CODE



OVERLAY MAP OF MODULE:   .\Objects\7-2 INE (?C_STARTUP)


SEGMENT                          DATA_GROUP 
  +--> CALLED SEGMENT          START    LENGTH
----------------------------------------------
?C_C51STARTUP                  -----    -----
  +--> ?PR?MAIN?MAIN
  +--> ?C_INITSEG

?PR?MAIN?MAIN                  0020H    0001H
  +--> ?PR?DELAY?MAIN

*** NEW ROOT ***************************************************
BL51 BANKED LINKER/LOCATER V6.22.2.0                                                  11/01/2025  13:57:37  PAGE 2



?PR?INT0?MAIN                  0021H    0001H
  +--> ?PR?DELAY?MAIN

*** NEW ROOT ***************************************************

?PR?INT1?MAIN                  0022H    0001H
  +--> ?PR?DELAY?MAIN



SYMBOL TABLE OF MODULE:  .\Objects\7-2 INE (?C_STARTUP)

  VALUE           TYPE          NAME
  ----------------------------------

  -------         MODULE        ?C_STARTUP
  C:0016H         SEGMENT       ?C_C51STARTUP
  I:0023H         SEGMENT       ?STACK
  C:0000H         PUBLIC        ?C_STARTUP
  D:00E0H         SYMBOL        ACC
  D:00F0H         SYMBOL        B
  D:0083H         SYMBOL        DPH
  D:0082H         SYMBOL        DPL
  N:0000H         SYMBOL        IBPSTACK
  N:0100H         SYMBOL        IBPSTACKTOP
  N:0080H         SYMBOL        IDATALEN
  C:0019H         SYMBOL        IDATALOOP
  N:0000H         SYMBOL        PBPSTACK
  N:0100H         SYMBOL        PBPSTACKTOP
  N:0000H         SYMBOL        PDATALEN
  N:0000H         SYMBOL        PDATASTART
  N:0000H         SYMBOL        PPAGE
  N:0000H         SYMBOL        PPAGEENABLE
  D:00A0H         SYMBOL        PPAGE_SFR
  D:0081H         SYMBOL        SP
  C:0016H         SYMBOL        STARTUP1
  N:0000H         SYMBOL        XBPSTACK
  N:0000H         SYMBOL        XBPSTACKTOP
  N:0000H         SYMBOL        XDATALEN
  N:0000H         SYMBOL        XDATASTART
  C:0000H         LINE#         126
  C:0016H         LINE#         133
  C:0018H         LINE#         134
  C:0019H         LINE#         135
  C:001AH         LINE#         136
  C:001CH         LINE#         185
  C:001FH         LINE#         196
  -------         ENDMOD        ?C_STARTUP

  -------         MODULE        MAIN
  C:0000H         SYMBOL        _ICE_DUMMY_
  D:0080H         PUBLIC        P0
  D:0090H         PUBLIC        P1
  D:00A0H         PUBLIC        P2
  D:00B0H         PUBLIC        P3
  D:00A8H         PUBLIC        IE
BL51 BANKED LINKER/LOCATER V6.22.2.0                                                  11/01/2025  13:57:37  PAGE 3


  C:0137H         PUBLIC        delay
  C:0112H         PUBLIC        main
  D:0088H         PUBLIC        TCON
  D:0018H         PUBLIC        led
  B:00B8H.2       PUBLIC        PX1
  C:00A2H         PUBLIC        int0
  C:00DAH         PUBLIC        int1
  -------         PROC          DELAY
  -------         DO            
  D:0082H         SYMBOL        j
  -------         ENDDO         
  C:0137H         LINE#         14
  C:0137H         LINE#         16
  C:0150H         LINE#         17
  -------         ENDPROC       DELAY
  -------         PROC          INT0
  -------         DO            
  D:0021H         SYMBOL        i
  -------         ENDDO         
  C:00A2H         LINE#         18
  C:00AFH         LINE#         20
  C:00BDH         LINE#         21
  C:00C8H         LINE#         22
  C:00CCH         LINE#         23
  C:00CFH         LINE#         24
  -------         ENDPROC       INT0
  -------         PROC          INT1
  -------         DO            
  D:0022H         SYMBOL        i
  -------         ENDDO         
  C:00DAH         LINE#         25
  C:00E7H         LINE#         27
  C:00F5H         LINE#         28
  C:0100H         LINE#         29
  C:0104H         LINE#         30
  C:0107H         LINE#         31
  -------         ENDPROC       INT1
  -------         PROC          MAIN
  -------         DO            
  D:0020H         SYMBOL        i
  -------         ENDDO         
  C:0112H         LINE#         32
  C:0112H         LINE#         33
  C:0112H         LINE#         35
  C:011AH         LINE#         36
  C:011AH         LINE#         37
  C:0128H         LINE#         38
  C:0133H         LINE#         39
  -------         ENDPROC       MAIN
  -------         ENDMOD        MAIN

  -------         MODULE        ?C?SLCMP
  C:0151H         PUBLIC        ?C?SLCMP
  -------         ENDMOD        ?C?SLCMP

Program Size: data=36.0 xdata=0 code=357
LINK/LOCATE RUN COMPLETE.  0 WARNING(S),  0 ERROR(S)
