C51 COMPILER V9.59.0.0   MAIN                                                              11/01/2025 13:57:37 PAGE 1   


C51 COMPILER V9.59.0.0, COMPILATION OF MODULE MAIN
OBJECT MODULE PLACED IN .\Objects\main.obj
COMPILER INVOKED BY: C:\Keil_v5\C51\BIN\C51.EXE main.c OPTIMIZE(8,SPEED) BROWSE DEBUG OBJECTEXTEND PRINT(.\Listings\main
                    -.lst) TABS(2) OBJECT(.\Objects\main.obj)

line level    source

   1          /* Main.c file generated by New Project wizard
   2           *
   3           * Created:   周日 3月 27 2016
   4           * Processor: AT89C51
   5           * Compiler:  Keil for 8051
   6           */
   7          
   8          #include <reg51.h>
   9          #define  uchar  unsigned  char
  10          #define uint unsigned  int
  11          uchar led[]={0xfe,0xfd,0xfb,0xf7,0xfef,0xdf,0xbf,0x7f};//流水灯
  12          sbit sw1=P3^2;      //定义按键
  13          sbit sw2=P3^3;
  14          void delay(){         //延时函数
  15   1         uint j;
  16   1         for(j=0;j<34000;j++);
  17   1         }
  18          void int0() interrupt 0 using 1{        //INT0中断服务函数
  19   1         uchar i;
  20   1         for(i=0;i<8;i++){
  21   2            P0=led[i];delay();       //P0口显示流水灯
  22   2         }
  23   1         P0=0xff;
  24   1      }
  25          void int1() interrupt 2 using 2{        //INT1中断服务函数
  26   1         uchar i;
  27   1         for(i=0;i<8;i++){
  28   2            P2=led[i];delay();       //P2口显示流水灯
  29   2         }
  30   1         P2=0xff;
  31   1      }
  32          void main()
  33           { 
  34   1          uchar i;
  35   1          IE=0x85;TCON=0x05;PX1=1;//亓中断,设置INT1为高优先级
  36   1          while(1){
  37   2            for(i=0;i<8;i++){
  38   3            P1=led[i];delay();       //P1口非中新断状态时显示流水灯
  39   3          }
  40   2         }
  41   1       }


MODULE INFORMATION:   STATIC OVERLAYABLE
   CODE SIZE        =    175    ----
   CONSTANT SIZE    =   ----    ----
   XDATA SIZE       =   ----    ----
   PDATA SIZE       =   ----    ----
   DATA SIZE        =      8       3
   IDATA SIZE       =   ----    ----
   BIT SIZE         =   ----    ----
END OF MODULE INFORMATION.


C51 COMPILATION COMPLETE.  0 WARNING(S),  0 ERROR(S)
