<html>
<body>
<pre>
<h1>礦ision Build Log</h1>
<h2>Tool Versions:</h2>
IDE-Version: μVision V5.39.0.0
Copyright (C) 2023 ARM Ltd and ARM Germany GmbH. All rights reserved.
License Information: ZeWan Wang, SZPU, LIC=32B1Q-NF1K7-63BMB-2CU1N-6IJFJ-CG56Y
 
Tool Versions:
Toolchain:       MDK-ARM Plus  Version: 5.39.0.0
Toolchain Path:  D:\keil5_MDK539\Keil_5\ARM\ARMCC\Bin
C Compiler:      Armcc.exe V5.06 update 7 (build 960)
Assembler:       Armasm.exe V5.06 update 7 (build 960)
Linker/Locator:  ArmLink.exe V5.06 update 7 (build 960)
Library Manager: ArmAr.exe V5.06 update 7 (build 960)
Hex Converter:   FromElf.exe V5.06 update 7 (build 960)
CPU DLL:         SARMCM3.DLL V5.39.0.0
Dialog DLL:      DCM.DLL V1.17.5.0
Target DLL:      CMSIS_AGDI.dll V1.33.16.0
Dialog DLL:      TCM.DLL V1.56.4.0
 
<h2>Project:</h2>
E:\GD32\liuhui_MCU\单片机实验课\10-1 GD32F103库函数LED\10-1 GD32F103库函数LED\Project\001LH_LIB_LED.uvprojx
Project File Date:  11/17/2025

<h2>Output:</h2>
*** Using Compiler 'V5.06 update 7 (build 960)', folder: 'D:\keil5_MDK539\Keil_5\ARM\ARMCC\Bin'
Rebuild target 'LED-LIB'
assembling startup_gd32f10x_md.s...
compiling DELAY.c...
compiling system_gd32f10x.c...
compiling systick.c...
compiling LED.c...
compiling gd32f10x_it.c...
compiling gd32f10x_gpio.c...
compiling main.c...
compiling gd32f10x_misc.c...
compiling gd32f10x_rcu.c...
linking...
Program Size: Code=1636 RO-data=292 RW-data=8 ZI-data=1632  
FromELF: creating hex file...
".\LIB-LED.axf" - 0 Error(s), 0 Warning(s).

<h2>Software Packages used:</h2>

Package Vendor: GigaDevice
                https://gd32mcu.com/data/documents/pack/GigaDevice.GD32F10x_DFP.2.0.3.pack
                GigaDevice::GD32F10x_DFP@2.0.3
                GigaDevice GD32F10x Series Device Support and Examples

<h2>Collection of Component include folders:</h2>
  D:/keil5_MDK539/AppDate/GigaDevice/GD32F10x_DFP/2.0.3/Device/Include

<h2>Collection of Component Files used:</h2>
Build Time Elapsed:  00:00:02
</pre>
</body>
</html>
