C51 COMPILER V9.56.0.0   MAIN                                                              03/25/2021 09:21:03 PAGE 1   


C51 COMPILER V9.56.0.0, COMPILATION OF MODULE MAIN
OBJECT MODULE PLACED IN main.OBJ
COMPILER INVOKED BY: C:\Keil_v5\C51\BIN\C51.exe ..\main.c ROM(COMPACT) BROWSE DEBUG CODE OBJECTEXTEND PREPRINT OBJECT(ma
                    -in.OBJ)

line level    source

   1          /* Main.c file generated by New Project wizard
   2           *
   3           * Created:   周日 3月 27 2016
   4           * Processor: AT89C51
   5           * Compiler:  Keil for 8051
   6           */
   7          
   8          #include <reg51.h>
   9          #define  uchar  unsigned  char
  10          #define uint unsigned  int
  11          uchar led[]={0xfe,0xfd,0xfb,0xf7,0xfef,0xdf,0xbf,0x7f};//流水灯
  12          sbit sw1=P3^2;      //定义按键
  13          sbit sw2=P3^3;
  14          void delay(){         //延时函数
  15   1         uint j;
  16   1         for(j=0;j<34000;j++);
  17   1         }
  18          void int0() interrupt 0 using 1{        //INT0中断服务函数
  19   1         uchar i;
  20   1         for(i=0;i<8;i++){
  21   2            P0=led[i];delay();       //P0口显示流水灯
  22   2         }
  23   1         P0=0xff;
  24   1      }
  25          void int1() interrupt 2 using 2{        //INT1中断服务函数
  26   1         uchar i;
  27   1         for(i=0;i<8;i++){
  28   2            P2=led[i];delay();       //P2口显示流水灯
  29   2         }
  30   1         P2=0xff;
  31   1      }
  32          void main()
  33           { 
  34   1          uchar i;
  35   1          IE=0x85;TCON=0x05;PX1=1;//亓中断,设置INT1为高优先级
  36   1          while(1){
  37   2            for(i=0;i<8;i++){
  38   3            P1=led[i];delay();       //P1口非中新断状态时显示流水灯
  39   3          }
  40   2         }
  41   1       }
C51 COMPILER V9.56.0.0   MAIN                                                              03/25/2021 09:21:03 PAGE 2   

ASSEMBLY LISTING OF GENERATED OBJECT CODE


             ; FUNCTION delay (BEGIN)
                                           ; SOURCE LINE # 14
                                           ; SOURCE LINE # 16
;---- Variable 'j' assigned to Register 'DPTR' ----
0000 900000            MOV     DPTR,#00H
0003         ?C0001:
0003 AF82              MOV     R7,DPL
0005 AE83              MOV     R6,DPH
0007 E4                CLR     A
0008 FC                MOV     R4,A
0009 FD                MOV     R5,A
000A 7BD0              MOV     R3,#0D0H
000C 7A84              MOV     R2,#084H
000E F9                MOV     R1,A
000F F8                MOV     R0,A
0010 D3                SETB    C
0011 120000      E     LCALL   ?C?SLCMP
0014 4003              JC      ?C0004
0016 A3                INC     DPTR
0017 80EA              SJMP    ?C0001
                                           ; SOURCE LINE # 17
0019         ?C0004:
0019 22                RET     
             ; FUNCTION delay (END)

             ; FUNCTION int0 (BEGIN)
0000 C0E0              PUSH    ACC
0002 C0F0              PUSH    B
0004 C083              PUSH    DPH
0006 C082              PUSH    DPL
0008 C0D0              PUSH    PSW
000A 75D008            MOV     PSW,#08H
                                           ; SOURCE LINE # 18
                                           ; SOURCE LINE # 20
000D 750000      R     MOV     i,#00H
0010         ?C0005:
                                           ; SOURCE LINE # 21
0010 7400        R     MOV     A,#LOW led
0012 2500        R     ADD     A,i
0014 F8                MOV     R0,A
0015 E6                MOV     A,@R0
0016 F580              MOV     P0,A
0018 120000      R     LCALL   delay
                                           ; SOURCE LINE # 22
001B 0500        R     INC     i
001D E500        R     MOV     A,i
001F C3                CLR     C
0020 9408              SUBB    A,#08H
0022 40EC              JC      ?C0005
0024         ?C0006:
                                           ; SOURCE LINE # 23
0024 7580FF            MOV     P0,#0FFH
                                           ; SOURCE LINE # 24
0027 D0D0              POP     PSW
0029 D082              POP     DPL
002B D083              POP     DPH
002D D0F0              POP     B
002F D0E0              POP     ACC
0031 32                RETI    
C51 COMPILER V9.56.0.0   MAIN                                                              03/25/2021 09:21:03 PAGE 3   

             ; FUNCTION int0 (END)

             ; FUNCTION int1 (BEGIN)
0000 C0E0              PUSH    ACC
0002 C0F0              PUSH    B
0004 C083              PUSH    DPH
0006 C082              PUSH    DPL
0008 C0D0              PUSH    PSW
000A 75D010            MOV     PSW,#010H
                                           ; SOURCE LINE # 25
                                           ; SOURCE LINE # 27
000D 750000      R     MOV     i,#00H
0010         ?C0009:
                                           ; SOURCE LINE # 28
0010 7400        R     MOV     A,#LOW led
0012 2500        R     ADD     A,i
0014 F8                MOV     R0,A
0015 E6                MOV     A,@R0
0016 F5A0              MOV     P2,A
0018 120000      R     LCALL   delay
                                           ; SOURCE LINE # 29
001B 0500        R     INC     i
001D E500        R     MOV     A,i
001F C3                CLR     C
0020 9408              SUBB    A,#08H
0022 40EC              JC      ?C0009
0024         ?C0010:
                                           ; SOURCE LINE # 30
0024 75A0FF            MOV     P2,#0FFH
                                           ; SOURCE LINE # 31
0027 D0D0              POP     PSW
0029 D082              POP     DPL
002B D083              POP     DPH
002D D0F0              POP     B
002F D0E0              POP     ACC
0031 32                RETI    
             ; FUNCTION int1 (END)

             ; FUNCTION main (BEGIN)
                                           ; SOURCE LINE # 32
                                           ; SOURCE LINE # 33
                                           ; SOURCE LINE # 35
0000 75A885            MOV     IE,#085H
0003 758805            MOV     TCON,#05H
0006 D2BA              SETB    PX1
0008         ?C0013:
                                           ; SOURCE LINE # 36
                                           ; SOURCE LINE # 37
0008 E4                CLR     A
0009 F500        R     MOV     i,A
000B         ?C0015:
                                           ; SOURCE LINE # 38
000B 7400        R     MOV     A,#LOW led
000D 2500        R     ADD     A,i
000F F8                MOV     R0,A
0010 E6                MOV     A,@R0
0011 F590              MOV     P1,A
0013 120000      R     LCALL   delay
                                           ; SOURCE LINE # 39
0016 0500        R     INC     i
0018 E500        R     MOV     A,i
001A C3                CLR     C
C51 COMPILER V9.56.0.0   MAIN                                                              03/25/2021 09:21:03 PAGE 4   

001B 9408              SUBB    A,#08H
001D 40EC              JC      ?C0015
001F 80E7              SJMP    ?C0013
             ; FUNCTION main (END)



MODULE INFORMATION:   STATIC OVERLAYABLE
   CODE SIZE        =    159    ----
   CONSTANT SIZE    =   ----    ----
   XDATA SIZE       =   ----    ----
   PDATA SIZE       =   ----    ----
   DATA SIZE        =      8       3
   IDATA SIZE       =   ----    ----
   BIT SIZE         =   ----    ----
END OF MODULE INFORMATION.


C51 COMPILATION COMPLETE.  0 WARNING(S),  0 ERROR(S)
