<html>
<body>
<pre>
<h1>礦ision Build Log</h1>
<h2>Tool Versions:</h2>
IDE-Version: μVision V5.25.3.0
Copyright (C) 2018 ARM Ltd and ARM Germany GmbH. All rights reserved.
License Information: LH HUI, 1, LIC=4ZLZX-H0VAT-D39M3-A4HLL-Y8SHU-XKF4R
 
Tool Versions:
Toolchain:       MDK-ARM Professional  Version: 5.24.1
Toolchain Path:  C:\Keil_v5\ARM\ARMCLANG\Bin
C Compiler:      ArmClang.exe V6.7
Assembler:       Armasm.exe V6.7
Linker/Locator:  ArmLink.exe V6.7
Library Manager: ArmAr.exe V6.7
Hex Converter:   FromElf.exe V6.7
CPU DLL:         
Dialog DLL:      
Target DLL:      CMSIS_AGDI_V8M.DLL V1.3.2.0
Dialog DLL:      TCM.DLL V1.32.0.0
 
<h2>Project:</h2>
D:\BaiduSyncdisk\2025-2026(1)\单片机技术\TEST12\Week12-1触摸键LED反转\12-1 E230Project\Project\GD32E230C8T6.uvprojx
Project File Date:  11/24/2025

<h2>Output:</h2>
*** Using Compiler 'V6.7', folder: 'C:\Keil_v5\ARM\ARMCLANG\Bin'
Rebuild target 'Target 1'
compiling gd32e23x_it.c...
compiling systick.c...
compiling usart.c...
compiling gd32e23x_cmp.c...
compiling main.c...
compiling gd32e23x_crc.c...
compiling gd32e23x_adc.c...
compiling gd32e23x_dbg.c...
compiling gd32e23x_dma.c...
compiling gd32e23x_exti.c...
compiling gd32e23x_fwdgt.c...
compiling gd32e23x_fmc.c...
compiling gd32e23x_gpio.c...
compiling gd32e23x_i2c.c...
compiling gd32e23x_misc.c...
compiling gd32e23x_pmu.c...
compiling gd32e23x_rcu.c...
compiling gd32e23x_syscfg.c...
compiling gd32e23x_spi.c...
compiling gd32e23x_rtc.c...
compiling gd32e23x_timer.c...
compiling gd32e23x_usart.c...
compiling gd32e23x_wwdgt.c...
assembling startup_gd32e23x.s...
compiling system_gd32e23x.c...
linking...
Program Size: Code=3688 RO-data=236 RW-data=8 ZI-data=1032  
FromELF: creating hex file...
".\Objects\GD32E230C8T6.axf" - 0 Error(s), 0 Warning(s).

<h2>Software Packages used:</h2>

Package Vendor: ARM
                http://www.keil.com/pack/ARM.CMSIS.5.0.1.pack
                ARM.CMSIS.5.0.1
                CMSIS (Cortex Microcontroller Software Interface Standard)
   * Component: CORE Version: 5.0.1

Package Vendor: GigaDevice
                http://gd32mcu.com/data/documents/pack/GigaDevice.GD32E23x_DFP.1.1.0.pack
                GigaDevice.GD32E23x_DFP.1.1.0
                GigaDevice GD32E23x Series Device Support and Examples

<h2>Collection of Component include folders:</h2>
  .\RTE\_Target_1
  C:\Keil_v5\ARM\PACK\ARM\CMSIS\5.0.1\CMSIS\Include
  C:\Keil_v5\ARM\PACK\GigaDevice\GD32E23x_DFP\1.1.0\Device\Include

<h2>Collection of Component Files used:</h2>

   * Component: ARM::CMSIS:CORE:5.0.1
Build Time Elapsed:  00:00:04
</pre>
</body>
</html>
