Component: ARM Compiler 6.7 Tool: armlink [5c9ef700]

==============================================================================

Section Cross References

    gd32e23x_it.o(.ARM.exidx.text.NMI_Handler) refers to gd32e23x_it.o(.text.NMI_Handler) for [Anonymous Symbol]
    gd32e23x_it.o(.ARM.exidx.text.HardFault_Handler) refers to gd32e23x_it.o(.text.HardFault_Handler) for [Anonymous Symbol]
    gd32e23x_it.o(.ARM.exidx.text.SVC_Handler) refers to gd32e23x_it.o(.text.SVC_Handler) for [Anonymous Symbol]
    gd32e23x_it.o(.ARM.exidx.text.PendSV_Handler) refers to gd32e23x_it.o(.text.PendSV_Handler) for [Anonymous Symbol]
    gd32e23x_it.o(.ARM.exidx.text.SysTick_Handler) refers to gd32e23x_it.o(.text.SysTick_Handler) for [Anonymous Symbol]
    main.o(.text.led) refers to gd32e23x_rcu.o(.text.rcu_periph_clock_enable) for rcu_periph_clock_enable
    main.o(.text.led) refers to gd32e23x_gpio.o(.text.gpio_mode_set) for gpio_mode_set
    main.o(.text.led) refers to gd32e23x_gpio.o(.text.gpio_output_options_set) for gpio_output_options_set
    main.o(.text.led) refers to gd32e23x_gpio.o(.text.gpio_bit_reset) for gpio_bit_reset
    main.o(.ARM.exidx.text.led) refers to main.o(.text.led) for [Anonymous Symbol]
    main.o(.text.EXTI0_1_IRQHandler) refers to gd32e23x_exti.o(.text.exti_interrupt_flag_get) for exti_interrupt_flag_get
    main.o(.text.EXTI0_1_IRQHandler) refers to gd32e23x_gpio.o(.text.gpio_input_bit_get) for gpio_input_bit_get
    main.o(.text.EXTI0_1_IRQHandler) refers to puts.o(i.puts) for puts
    main.o(.text.EXTI0_1_IRQHandler) refers to gd32e23x_gpio.o(.text.gpio_bit_toggle) for gpio_bit_toggle
    main.o(.text.EXTI0_1_IRQHandler) refers to gd32e23x_exti.o(.text.exti_interrupt_flag_clear) for exti_interrupt_flag_clear
    main.o(.ARM.exidx.text.EXTI0_1_IRQHandler) refers to main.o(.text.EXTI0_1_IRQHandler) for [Anonymous Symbol]
    main.o(.text.main) refers to systick.o(.text.systick_config) for systick_config
    main.o(.text.main) refers to usart.o(.text.usart_init) for usart_init
    main.o(.text.main) refers to gd32e23x_rcu.o(.text.rcu_periph_clock_enable) for rcu_periph_clock_enable
    main.o(.text.main) refers to gd32e23x_gpio.o(.text.gpio_mode_set) for gpio_mode_set
    main.o(.text.main) refers to gd32e23x_gpio.o(.text.gpio_output_options_set) for gpio_output_options_set
    main.o(.text.main) refers to gd32e23x_gpio.o(.text.gpio_bit_reset) for gpio_bit_reset
    main.o(.text.main) refers to gd32e23x_misc.o(.text.nvic_irq_enable) for nvic_irq_enable
    main.o(.text.main) refers to gd32e23x_syscfg.o(.text.syscfg_exti_line_config) for syscfg_exti_line_config
    main.o(.text.main) refers to gd32e23x_exti.o(.text.exti_init) for exti_init
    main.o(.text.main) refers to gd32e23x_exti.o(.text.exti_interrupt_enable) for exti_interrupt_enable
    main.o(.ARM.exidx.text.main) refers to main.o(.text.main) for [Anonymous Symbol]
    systick.o(.text.systick_config) refers to gd32e23x_misc.o(.text.systick_clksource_set) for systick_clksource_set
    systick.o(.text.systick_config) refers to ffltui.o(.text) for __aeabi_ui2f
    systick.o(.text.systick_config) refers to fdiv.o(.text) for __aeabi_fdiv
    systick.o(.text.systick_config) refers to fmul.o(.text) for __aeabi_fmul
    systick.o(.text.systick_config) refers to system_gd32e23x.o(.data.SystemCoreClock) for SystemCoreClock
    systick.o(.text.systick_config) refers to systick.o(.bss..L_MergedGlobals) for [Anonymous Symbol]
    systick.o(.ARM.exidx.text.systick_config) refers to systick.o(.text.systick_config) for [Anonymous Symbol]
    systick.o(.text.delay_1us) refers to ffltui.o(.text) for __aeabi_ui2f
    systick.o(.text.delay_1us) refers to fmul.o(.text) for __aeabi_fmul
    systick.o(.text.delay_1us) refers to ffixui.o(.text) for __aeabi_f2uiz
    systick.o(.text.delay_1us) refers to systick.o(.bss..L_MergedGlobals) for [Anonymous Symbol]
    systick.o(.ARM.exidx.text.delay_1us) refers to systick.o(.text.delay_1us) for [Anonymous Symbol]
    systick.o(.text.delay_1ms) refers to ffltui.o(.text) for __aeabi_ui2f
    systick.o(.text.delay_1ms) refers to fmul.o(.text) for __aeabi_fmul
    systick.o(.text.delay_1ms) refers to ffixui.o(.text) for __aeabi_f2uiz
    systick.o(.text.delay_1ms) refers to systick.o(.bss..L_MergedGlobals) for [Anonymous Symbol]
    systick.o(.ARM.exidx.text.delay_1ms) refers to systick.o(.text.delay_1ms) for [Anonymous Symbol]
    usart.o(.text.usart_init) refers to gd32e23x_rcu.o(.text.rcu_periph_clock_enable) for rcu_periph_clock_enable
    usart.o(.text.usart_init) refers to gd32e23x_gpio.o(.text.gpio_af_set) for gpio_af_set
    usart.o(.text.usart_init) refers to gd32e23x_gpio.o(.text.gpio_mode_set) for gpio_mode_set
    usart.o(.text.usart_init) refers to gd32e23x_gpio.o(.text.gpio_output_options_set) for gpio_output_options_set
    usart.o(.text.usart_init) refers to gd32e23x_usart.o(.text.usart_deinit) for usart_deinit
[...]
    Removing gd32e23x_gpio.o(.ARM.exidx.text.gpio_bit_toggle), (8 bytes).
    Removing gd32e23x_gpio.o(.text.gpio_port_toggle), (12 bytes).
    Removing gd32e23x_gpio.o(.ARM.exidx.text.gpio_port_toggle), (8 bytes).
    Removing gd32e23x_i2c.o(.text), (0 bytes).
    Removing gd32e23x_i2c.o(.text.i2c_deinit), (52 bytes).
    Removing gd32e23x_i2c.o(.ARM.exidx.text.i2c_deinit), (8 bytes).
    Removing gd32e23x_i2c.o(.text.i2c_clock_config), (288 bytes).
    Removing gd32e23x_i2c.o(.ARM.exidx.text.i2c_clock_config), (8 bytes).
    Removing gd32e23x_i2c.o(.text.i2c_mode_addr_config), (28 bytes).
    Removing gd32e23x_i2c.o(.ARM.exidx.text.i2c_mode_addr_config), (8 bytes).
    Removing gd32e23x_i2c.o(.text.i2c_smbus_type_config), (22 bytes).
    Removing gd32e23x_i2c.o(.ARM.exidx.text.i2c_smbus_type_config), (8 bytes).
    Removing gd32e23x_i2c.o(.text.i2c_ack_config), (14 bytes).
    Removing gd32e23x_i2c.o(.ARM.exidx.text.i2c_ack_config), (8 bytes).
    Removing gd32e23x_i2c.o(.text.i2c_ackpos_config), (14 bytes).
    Removing gd32e23x_i2c.o(.ARM.exidx.text.i2c_ackpos_config), (8 bytes).
    Removing gd32e23x_i2c.o(.text.i2c_master_addressing), (20 bytes).
    Removing gd32e23x_i2c.o(.ARM.exidx.text.i2c_master_addressing), (8 bytes).
    Removing gd32e23x_i2c.o(.text.i2c_dualaddr_enable), (12 bytes).
    Removing gd32e23x_i2c.o(.ARM.exidx.text.i2c_dualaddr_enable), (8 bytes).
    Removing gd32e23x_i2c.o(.text.i2c_dualaddr_disable), (10 bytes).
    Removing gd32e23x_i2c.o(.ARM.exidx.text.i2c_dualaddr_disable), (8 bytes).
    Removing gd32e23x_i2c.o(.text.i2c_enable), (10 bytes).
    Removing gd32e23x_i2c.o(.ARM.exidx.text.i2c_enable), (8 bytes).
    Removing gd32e23x_i2c.o(.text.i2c_disable), (10 bytes).
    Removing gd32e23x_i2c.o(.ARM.exidx.text.i2c_disable), (8 bytes).
    Removing gd32e23x_i2c.o(.text.i2c_start_on_bus), (12 bytes).
    Removing gd32e23x_i2c.o(.ARM.exidx.text.i2c_start_on_bus), (8 bytes).
    Removing gd32e23x_i2c.o(.text.i2c_stop_on_bus), (12 bytes).
    Removing gd32e23x_i2c.o(.ARM.exidx.text.i2c_stop_on_bus), (8 bytes).
    Removing gd32e23x_i2c.o(.text.i2c_data_transmit), (4 bytes).
    Removing gd32e23x_i2c.o(.ARM.exidx.text.i2c_data_transmit), (8 bytes).
    Removing gd32e23x_i2c.o(.text.i2c_data_receive), (6 bytes).
    Removing gd32e23x_i2c.o(.ARM.exidx.text.i2c_data_receive), (8 bytes).
    Removing gd32e23x_i2c.o(.text.i2c_dma_config), (14 bytes).
    Removing gd32e23x_i2c.o(.ARM.exidx.text.i2c_dma_config), (8 bytes).
    Removing gd32e23x_i2c.o(.text.i2c_dma_last_transfer_config), (14 bytes).
    Removing gd32e23x_i2c.o(.ARM.exidx.text.i2c_dma_last_transfer_config), (8 bytes).
    Removing gd32e23x_i2c.o(.text.i2c_stretch_scl_low_config), (12 bytes).
    Removing gd32e23x_i2c.o(.ARM.exidx.text.i2c_stretch_scl_low_config), (8 bytes).
    Removing gd32e23x_i2c.o(.text.i2c_slave_response_to_gcall_config), (12 bytes).
    Removing gd32e23x_i2c.o(.ARM.exidx.text.i2c_slave_response_to_gcall_config), (8 bytes).
    Removing gd32e23x_i2c.o(.text.i2c_software_reset_config), (14 bytes).
    Removing gd32e23x_i2c.o(.ARM.exidx.text.i2c_software_reset_config), (8 bytes).
    Removing gd32e23x_i2c.o(.text.i2c_pec_config), (12 bytes).
    Removing gd32e23x_i2c.o(.ARM.exidx.text.i2c_pec_config), (8 bytes).
    Removing gd32e23x_i2c.o(.text.i2c_pec_transfer_config), (14 bytes).
    Removing gd32e23x_i2c.o(.ARM.exidx.text.i2c_pec_transfer_config), (8 bytes).
    Removing gd32e23x_i2c.o(.text.i2c_pec_value_get), (8 bytes).
    Removing gd32e23x_i2c.o(.ARM.exidx.text.i2c_pec_value_get), (8 bytes).
    Removing gd32e23x_i2c.o(.text.i2c_smbus_alert_config), (14 bytes).
    Removing gd32e23x_i2c.o(.ARM.exidx.text.i2c_smbus_alert_config), (8 bytes).
    Removing gd32e23x_i2c.o(.text.i2c_smbus_arp_config), (12 bytes).
    Removing gd32e23x_i2c.o(.ARM.exidx.text.i2c_smbus_arp_config), (8 bytes).
    Removing gd32e23x_i2c.o(.text.i2c_sam_enable), (12 bytes).
    Removing gd32e23x_i2c.o(.ARM.exidx.text.i2c_sam_enable), (8 bytes).
    Removing gd32e23x_i2c.o(.text.i2c_sam_disable), (12 bytes).
    Removing gd32e23x_i2c.o(.ARM.exidx.text.i2c_sam_disable), (8 bytes).
    Removing gd32e23x_i2c.o(.text.i2c_sam_timeout_enable), (12 bytes).
    Removing gd32e23x_i2c.o(.ARM.exidx.text.i2c_sam_timeout_enable), (8 bytes).
    Removing gd32e23x_i2c.o(.text.i2c_sam_timeout_disable), (12 bytes).
    Removing gd32e23x_i2c.o(.ARM.exidx.text.i2c_sam_timeout_disable), (8 bytes).
    Removing gd32e23x_i2c.o(.text.i2c_flag_get), (26 bytes).
    Removing gd32e23x_i2c.o(.ARM.exidx.text.i2c_flag_get), (8 bytes).
    Removing gd32e23x_i2c.o(.text.i2c_flag_clear), (36 bytes).
    Removing gd32e23x_i2c.o(.ARM.exidx.text.i2c_flag_clear), (8 bytes).
    Removing gd32e23x_i2c.o(.text.i2c_interrupt_enable), (18 bytes).
    Removing gd32e23x_i2c.o(.ARM.exidx.text.i2c_interrupt_enable), (8 bytes).
    Removing gd32e23x_i2c.o(.text.i2c_interrupt_disable), (18 bytes).
    Removing gd32e23x_i2c.o(.ARM.exidx.text.i2c_interrupt_disable), (8 bytes).
    Removing gd32e23x_i2c.o(.text.i2c_interrupt_flag_get), (100 bytes).
    Removing gd32e23x_i2c.o(.ARM.exidx.text.i2c_interrupt_flag_get), (8 bytes).
    Removing gd32e23x_i2c.o(.text.i2c_interrupt_flag_clear), (40 bytes).
    Removing gd32e23x_i2c.o(.ARM.exidx.text.i2c_interrupt_flag_clear), (8 bytes).
    Removing gd32e23x_misc.o(.text), (0 bytes).
    Removing gd32e23x_misc.o(.ARM.exidx.text.nvic_irq_enable), (8 bytes).
    Removing gd32e23x_misc.o(.text.nvic_irq_disable), (44 bytes).
    Removing gd32e23x_misc.o(.ARM.exidx.text.nvic_irq_disable), (8 bytes).
    Removing gd32e23x_misc.o(.text.nvic_system_reset), (28 bytes).
    Removing gd32e23x_misc.o(.ARM.exidx.text.nvic_system_reset), (8 bytes).
    Removing gd32e23x_misc.o(.ARM.exidx.text.nvic_vector_table_set), (8 bytes).
    Removing gd32e23x_misc.o(.text.system_lowpower_set), (16 bytes).
    Removing gd32e23x_misc.o(.ARM.exidx.text.system_lowpower_set), (8 bytes).
    Removing gd32e23x_misc.o(.text.system_lowpower_reset), (16 bytes).
    Removing gd32e23x_misc.o(.ARM.exidx.text.system_lowpower_reset), (8 bytes).
    Removing gd32e23x_misc.o(.ARM.exidx.text.systick_clksource_set), (8 bytes).
    Removing gd32e23x_pmu.o(.text), (0 bytes).
    Removing gd32e23x_pmu.o(.text.pmu_deinit), (24 bytes).
    Removing gd32e23x_pmu.o(.ARM.exidx.text.pmu_deinit), (8 bytes).
    Removing gd32e23x_pmu.o(.text.pmu_lvd_select), (40 bytes).
    Removing gd32e23x_pmu.o(.ARM.exidx.text.pmu_lvd_select), (8 bytes).
    Removing gd32e23x_pmu.o(.text.pmu_ldo_output_select), (24 bytes).
    Removing gd32e23x_pmu.o(.ARM.exidx.text.pmu_ldo_output_select), (8 bytes).
    Removing gd32e23x_pmu.o(.text.pmu_lvd_disable), (16 bytes).
    Removing gd32e23x_pmu.o(.ARM.exidx.text.pmu_lvd_disable), (8 bytes).
    Removing gd32e23x_pmu.o(.text.pmu_to_sleepmode), (28 bytes).
    Removing gd32e23x_pmu.o(.ARM.exidx.text.pmu_to_sleepmode), (8 bytes).
    Removing gd32e23x_pmu.o(.text.pmu_to_deepsleepmode), (56 bytes).
    Removing gd32e23x_pmu.o(.ARM.exidx.text.pmu_to_deepsleepmode), (8 bytes).
    Removing gd32e23x_pmu.o(.text.pmu_to_standbymode), (100 bytes).
    Removing gd32e23x_pmu.o(.ARM.exidx.text.pmu_to_standbymode), (8 bytes).
    Removing gd32e23x_pmu.o(.text.pmu_wakeup_pin_enable), (16 bytes).
    Removing gd32e23x_pmu.o(.ARM.exidx.text.pmu_wakeup_pin_enable), (8 bytes).
    Removing gd32e23x_pmu.o(.text.pmu_wakeup_pin_disable), (16 bytes).
    Removing gd32e23x_pmu.o(.ARM.exidx.text.pmu_wakeup_pin_disable), (8 bytes).
    Removing gd32e23x_pmu.o(.text.pmu_backup_write_enable), (20 bytes).
    Removing gd32e23x_pmu.o(.ARM.exidx.text.pmu_backup_write_enable), (8 bytes).
    Removing gd32e23x_pmu.o(.text.pmu_backup_write_disable), (20 bytes).
    Removing gd32e23x_pmu.o(.ARM.exidx.text.pmu_backup_write_disable), (8 bytes).
    Removing gd32e23x_pmu.o(.text.pmu_flag_get), (20 bytes).
    Removing gd32e23x_pmu.o(.ARM.exidx.text.pmu_flag_get), (8 bytes).
    Removing gd32e23x_pmu.o(.text.pmu_flag_clear), (32 bytes).
    Removing gd32e23x_pmu.o(.ARM.exidx.text.pmu_flag_clear), (8 bytes).
    Removing gd32e23x_rcu.o(.text), (0 bytes).
    Removing gd32e23x_rcu.o(.text.rcu_deinit), (116 bytes).
    Removing gd32e23x_rcu.o(.ARM.exidx.text.rcu_deinit), (8 bytes).
    Removing gd32e23x_rcu.o(.ARM.exidx.text.rcu_periph_clock_enable), (8 bytes).
    Removing gd32e23x_rcu.o(.text.rcu_periph_clock_disable), (24 bytes).
    Removing gd32e23x_rcu.o(.ARM.exidx.text.rcu_periph_clock_disable), (8 bytes).
    Removing gd32e23x_rcu.o(.text.rcu_periph_clock_sleep_enable), (24 bytes).
    Removing gd32e23x_rcu.o(.ARM.exidx.text.rcu_periph_clock_sleep_enable), (8 bytes).
    Removing gd32e23x_rcu.o(.text.rcu_periph_clock_sleep_disable), (24 bytes).
    Removing gd32e23x_rcu.o(.ARM.exidx.text.rcu_periph_clock_sleep_disable), (8 bytes).
    Removing gd32e23x_rcu.o(.ARM.exidx.text.rcu_periph_reset_enable), (8 bytes).
    Removing gd32e23x_rcu.o(.ARM.exidx.text.rcu_periph_reset_disable), (8 bytes).
    Removing gd32e23x_rcu.o(.text.rcu_bkp_reset_enable), (20 bytes).
    Removing gd32e23x_rcu.o(.ARM.exidx.text.rcu_bkp_reset_enable), (8 bytes).
    Removing gd32e23x_rcu.o(.text.rcu_bkp_reset_disable), (20 bytes).
    Removing gd32e23x_rcu.o(.ARM.exidx.text.rcu_bkp_reset_disable), (8 bytes).
    Removing gd32e23x_rcu.o(.text.rcu_system_clock_source_config), (20 bytes).
    Removing gd32e23x_rcu.o(.ARM.exidx.text.rcu_system_clock_source_config), (8 bytes).
    Removing gd32e23x_rcu.o(.text.rcu_system_clock_source_get), (16 bytes).
    Removing gd32e23x_rcu.o(.ARM.exidx.text.rcu_system_clock_source_get), (8 bytes).
    Removing gd32e23x_rcu.o(.text.rcu_ahb_clock_config), (20 bytes).
    Removing gd32e23x_rcu.o(.ARM.exidx.text.rcu_ahb_clock_config), (8 bytes).
    Removing gd32e23x_rcu.o(.text.rcu_apb1_clock_config), (20 bytes).
    Removing gd32e23x_rcu.o(.ARM.exidx.text.rcu_apb1_clock_config), (8 bytes).
    Removing gd32e23x_rcu.o(.text.rcu_apb2_clock_config), (20 bytes).
    Removing gd32e23x_rcu.o(.ARM.exidx.text.rcu_apb2_clock_config), (8 bytes).
    Removing gd32e23x_rcu.o(.text.rcu_adc_clock_config), (200 bytes).
    Removing gd32e23x_rcu.o(.ARM.exidx.text.rcu_adc_clock_config), (8 bytes).
    Removing gd32e23x_rcu.o(.text.rcu_ckout_config), (24 bytes).
    Removing gd32e23x_rcu.o(.ARM.exidx.text.rcu_ckout_config), (8 bytes).
    Removing gd32e23x_rcu.o(.text.rcu_pll_config), (32 bytes).
    Removing gd32e23x_rcu.o(.ARM.exidx.text.rcu_pll_config), (8 bytes).
    Removing gd32e23x_rcu.o(.text.rcu_usart_clock_config), (24 bytes).
    Removing gd32e23x_rcu.o(.ARM.exidx.text.rcu_usart_clock_config), (8 bytes).
    Removing gd32e23x_rcu.o(.text.rcu_rtc_clock_config), (24 bytes).
    Removing gd32e23x_rcu.o(.ARM.exidx.text.rcu_rtc_clock_config), (8 bytes).
    Removing gd32e23x_rcu.o(.text.rcu_hxtal_prediv_config), (20 bytes).
    Removing gd32e23x_rcu.o(.ARM.exidx.text.rcu_hxtal_prediv_config), (8 bytes).
    Removing gd32e23x_rcu.o(.text.rcu_lxtal_drive_capability_config), (24 bytes).
    Removing gd32e23x_rcu.o(.ARM.exidx.text.rcu_lxtal_drive_capability_config), (8 bytes).
    Removing gd32e23x_rcu.o(.text.rcu_osci_stab_wait), (224 bytes).
    Removing gd32e23x_rcu.o(.ARM.exidx.text.rcu_osci_stab_wait), (8 bytes).
    Removing gd32e23x_rcu.o(.text.rcu_flag_get), (32 bytes).
    Removing gd32e23x_rcu.o(.ARM.exidx.text.rcu_flag_get), (8 bytes).
    Removing gd32e23x_rcu.o(.text.rcu_osci_on), (24 bytes).
    Removing gd32e23x_rcu.o(.ARM.exidx.text.rcu_osci_on), (8 bytes).
    Removing gd32e23x_rcu.o(.text.rcu_osci_off), (24 bytes).
    Removing gd32e23x_rcu.o(.ARM.exidx.text.rcu_osci_off), (8 bytes).
    Removing gd32e23x_rcu.o(.text.rcu_osci_bypass_mode_enable), (60 bytes).
    Removing gd32e23x_rcu.o(.ARM.exidx.text.rcu_osci_bypass_mode_enable), (8 bytes).
    Removing gd32e23x_rcu.o(.text.rcu_osci_bypass_mode_disable), (60 bytes).
    Removing gd32e23x_rcu.o(.ARM.exidx.text.rcu_osci_bypass_mode_disable), (8 bytes).
    Removing gd32e23x_rcu.o(.text.rcu_hxtal_clock_monitor_enable), (20 bytes).
    Removing gd32e23x_rcu.o(.ARM.exidx.text.rcu_hxtal_clock_monitor_enable), (8 bytes).
    Removing gd32e23x_rcu.o(.text.rcu_hxtal_clock_monitor_disable), (20 bytes).
    Removing gd32e23x_rcu.o(.ARM.exidx.text.rcu_hxtal_clock_monitor_disable), (8 bytes).
    Removing gd32e23x_rcu.o(.text.rcu_irc8m_adjust_value_set), (20 bytes).
    Removing gd32e23x_rcu.o(.ARM.exidx.text.rcu_irc8m_adjust_value_set), (8 bytes).
    Removing gd32e23x_rcu.o(.text.rcu_irc28m_adjust_value_set), (20 bytes).
    Removing gd32e23x_rcu.o(.ARM.exidx.text.rcu_irc28m_adjust_value_set), (8 bytes).
    Removing gd32e23x_rcu.o(.text.rcu_voltage_key_unlock), (28 bytes).
    Removing gd32e23x_rcu.o(.ARM.exidx.text.rcu_voltage_key_unlock), (8 bytes).
    Removing gd32e23x_rcu.o(.text.rcu_deepsleep_voltage_set), (24 bytes).
    Removing gd32e23x_rcu.o(.ARM.exidx.text.rcu_deepsleep_voltage_set), (8 bytes).
    Removing gd32e23x_rcu.o(.ARM.exidx.text.rcu_clock_freq_get), (8 bytes).
    Removing gd32e23x_rcu.o(.text.rcu_all_reset_flag_clear), (20 bytes).
    Removing gd32e23x_rcu.o(.ARM.exidx.text.rcu_all_reset_flag_clear), (8 bytes).
    Removing gd32e23x_rcu.o(.text.rcu_interrupt_flag_get), (32 bytes).
    Removing gd32e23x_rcu.o(.ARM.exidx.text.rcu_interrupt_flag_get), (8 bytes).
    Removing gd32e23x_rcu.o(.text.rcu_interrupt_flag_clear), (24 bytes).
    Removing gd32e23x_rcu.o(.ARM.exidx.text.rcu_interrupt_flag_clear), (8 bytes).
    Removing gd32e23x_rcu.o(.text.rcu_interrupt_enable), (24 bytes).
    Removing gd32e23x_rcu.o(.ARM.exidx.text.rcu_interrupt_enable), (8 bytes).
    Removing gd32e23x_rcu.o(.text.rcu_interrupt_disable), (24 bytes).
    Removing gd32e23x_rcu.o(.ARM.exidx.text.rcu_interrupt_disable), (8 bytes).
    Removing gd32e23x_rtc.o(.text), (0 bytes).
    Removing gd32e23x_rtc.o(.text.rtc_deinit), (172 bytes).
    Removing gd32e23x_rtc.o(.ARM.exidx.text.rtc_deinit), (8 bytes).
    Removing gd32e23x_rtc.o(.text.rtc_init_mode_enter), (56 bytes).
    Removing gd32e23x_rtc.o(.ARM.exidx.text.rtc_init_mode_enter), (8 bytes).
    Removing gd32e23x_rtc.o(.text.rtc_register_sync_wait), (76 bytes).
    Removing gd32e23x_rtc.o(.ARM.exidx.text.rtc_register_sync_wait), (8 bytes).
    Removing gd32e23x_rtc.o(.text.rtc_init), (280 bytes).
    Removing gd32e23x_rtc.o(.ARM.exidx.text.rtc_init), (8 bytes).
    Removing gd32e23x_rtc.o(.text.rtc_init_mode_exit), (16 bytes).
    Removing gd32e23x_rtc.o(.ARM.exidx.text.rtc_init_mode_exit), (8 bytes).
    Removing gd32e23x_rtc.o(.text.rtc_current_time_get), (96 bytes).
    Removing gd32e23x_rtc.o(.ARM.exidx.text.rtc_current_time_get), (8 bytes).
    Removing gd32e23x_rtc.o(.text.rtc_subsecond_get), (12 bytes).
    Removing gd32e23x_rtc.o(.ARM.exidx.text.rtc_subsecond_get), (8 bytes).
    Removing gd32e23x_rtc.o(.text.rtc_alarm_config), (92 bytes).
    Removing gd32e23x_rtc.o(.ARM.exidx.text.rtc_alarm_config), (8 bytes).
    Removing gd32e23x_rtc.o(.text.rtc_alarm_subsecond_config), (24 bytes).
    Removing gd32e23x_rtc.o(.ARM.exidx.text.rtc_alarm_subsecond_config), (8 bytes).
    Removing gd32e23x_rtc.o(.text.rtc_alarm_enable), (36 bytes).
    Removing gd32e23x_rtc.o(.ARM.exidx.text.rtc_alarm_enable), (8 bytes).
    Removing gd32e23x_rtc.o(.text.rtc_alarm_disable), (68 bytes).
    Removing gd32e23x_rtc.o(.ARM.exidx.text.rtc_alarm_disable), (8 bytes).
    Removing gd32e23x_rtc.o(.text.rtc_alarm_get), (60 bytes).
    Removing gd32e23x_rtc.o(.ARM.exidx.text.rtc_alarm_get), (8 bytes).
    Removing gd32e23x_rtc.o(.text.rtc_alarm_subsecond_get), (20 bytes).
    Removing gd32e23x_rtc.o(.ARM.exidx.text.rtc_alarm_subsecond_get), (8 bytes).
    Removing gd32e23x_rtc.o(.text.rtc_timestamp_enable), (48 bytes).
    Removing gd32e23x_rtc.o(.ARM.exidx.text.rtc_timestamp_enable), (8 bytes).
    Removing gd32e23x_rtc.o(.text.rtc_timestamp_disable), (36 bytes).
    Removing gd32e23x_rtc.o(.ARM.exidx.text.rtc_timestamp_disable), (8 bytes).
    Removing gd32e23x_rtc.o(.text.rtc_timestamp_get), (64 bytes).
    Removing gd32e23x_rtc.o(.ARM.exidx.text.rtc_timestamp_get), (8 bytes).
    Removing gd32e23x_rtc.o(.text.rtc_timestamp_subsecond_get), (12 bytes).
    Removing gd32e23x_rtc.o(.ARM.exidx.text.rtc_timestamp_subsecond_get), (8 bytes).
    Removing gd32e23x_rtc.o(.text.rtc_tamper_enable), (132 bytes).
    Removing gd32e23x_rtc.o(.ARM.exidx.text.rtc_tamper_enable), (8 bytes).
    Removing gd32e23x_rtc.o(.text.rtc_tamper_disable), (16 bytes).
    Removing gd32e23x_rtc.o(.ARM.exidx.text.rtc_tamper_disable), (8 bytes).
    Removing gd32e23x_rtc.o(.text.rtc_interrupt_enable), (48 bytes).
    Removing gd32e23x_rtc.o(.ARM.exidx.text.rtc_interrupt_enable), (8 bytes).
    Removing gd32e23x_rtc.o(.text.rtc_interrupt_disable), (52 bytes).
    Removing gd32e23x_rtc.o(.ARM.exidx.text.rtc_interrupt_disable), (8 bytes).
    Removing gd32e23x_rtc.o(.text.rtc_flag_get), (20 bytes).
    Removing gd32e23x_rtc.o(.ARM.exidx.text.rtc_flag_get), (8 bytes).
    Removing gd32e23x_rtc.o(.text.rtc_flag_clear), (16 bytes).
    Removing gd32e23x_rtc.o(.ARM.exidx.text.rtc_flag_clear), (8 bytes).
    Removing gd32e23x_rtc.o(.text.rtc_alter_output_config), (60 bytes).
    Removing gd32e23x_rtc.o(.ARM.exidx.text.rtc_alter_output_config), (8 bytes).
    Removing gd32e23x_rtc.o(.text.rtc_calibration_config), (72 bytes).
    Removing gd32e23x_rtc.o(.ARM.exidx.text.rtc_calibration_config), (8 bytes).
    Removing gd32e23x_rtc.o(.text.rtc_hour_adjust), (32 bytes).
    Removing gd32e23x_rtc.o(.ARM.exidx.text.rtc_hour_adjust), (8 bytes).
    Removing gd32e23x_rtc.o(.text.rtc_second_adjust), (144 bytes).
    Removing gd32e23x_rtc.o(.ARM.exidx.text.rtc_second_adjust), (8 bytes).
    Removing gd32e23x_rtc.o(.text.rtc_bypass_shadow_enable), (32 bytes).
    Removing gd32e23x_rtc.o(.ARM.exidx.text.rtc_bypass_shadow_enable), (8 bytes).
    Removing gd32e23x_rtc.o(.text.rtc_bypass_shadow_disable), (32 bytes).
    Removing gd32e23x_rtc.o(.ARM.exidx.text.rtc_bypass_shadow_disable), (8 bytes).
    Removing gd32e23x_rtc.o(.text.rtc_refclock_detection_enable), (84 bytes).
    Removing gd32e23x_rtc.o(.ARM.exidx.text.rtc_refclock_detection_enable), (8 bytes).
    Removing gd32e23x_rtc.o(.text.rtc_refclock_detection_disable), (84 bytes).
    Removing gd32e23x_rtc.o(.ARM.exidx.text.rtc_refclock_detection_disable), (8 bytes).
    Removing gd32e23x_spi.o(.text), (0 bytes).
    Removing gd32e23x_spi.o(.text.spi_i2s_deinit), (64 bytes).
    Removing gd32e23x_spi.o(.ARM.exidx.text.spi_i2s_deinit), (8 bytes).
    Removing gd32e23x_spi.o(.text.spi_struct_para_init), (22 bytes).
    Removing gd32e23x_spi.o(.ARM.exidx.text.spi_struct_para_init), (8 bytes).
    Removing gd32e23x_spi.o(.text.spi_init), (168 bytes).
    Removing gd32e23x_spi.o(.ARM.exidx.text.spi_init), (8 bytes).
    Removing gd32e23x_spi.o(.text.spi_enable), (10 bytes).
    Removing gd32e23x_spi.o(.ARM.exidx.text.spi_enable), (8 bytes).
    Removing gd32e23x_spi.o(.text.spi_disable), (10 bytes).
    Removing gd32e23x_spi.o(.ARM.exidx.text.spi_disable), (8 bytes).
    Removing gd32e23x_spi.o(.text.i2s_init), (28 bytes).
    Removing gd32e23x_spi.o(.ARM.exidx.text.i2s_init), (8 bytes).
    Removing gd32e23x_spi.o(.text.i2s_psc_config), (108 bytes).
    Removing gd32e23x_spi.o(.ARM.exidx.text.i2s_psc_config), (8 bytes).
    Removing gd32e23x_spi.o(.text.i2s_enable), (12 bytes).
    Removing gd32e23x_spi.o(.ARM.exidx.text.i2s_enable), (8 bytes).
    Removing gd32e23x_spi.o(.text.i2s_disable), (12 bytes).
    Removing gd32e23x_spi.o(.ARM.exidx.text.i2s_disable), (8 bytes).
    Removing gd32e23x_spi.o(.text.spi_nss_output_enable), (10 bytes).
    Removing gd32e23x_spi.o(.ARM.exidx.text.spi_nss_output_enable), (8 bytes).
    Removing gd32e23x_spi.o(.text.spi_nss_output_disable), (10 bytes).
    Removing gd32e23x_spi.o(.ARM.exidx.text.spi_nss_output_disable), (8 bytes).
    Removing gd32e23x_spi.o(.text.spi_nss_internal_high), (12 bytes).
    Removing gd32e23x_spi.o(.ARM.exidx.text.spi_nss_internal_high), (8 bytes).
    Removing gd32e23x_spi.o(.text.spi_nss_internal_low), (12 bytes).
    Removing gd32e23x_spi.o(.ARM.exidx.text.spi_nss_internal_low), (8 bytes).
    Removing gd32e23x_spi.o(.text.spi_dma_enable), (16 bytes).
    Removing gd32e23x_spi.o(.ARM.exidx.text.spi_dma_enable), (8 bytes).
    Removing gd32e23x_spi.o(.text.spi_dma_disable), (18 bytes).
    Removing gd32e23x_spi.o(.ARM.exidx.text.spi_dma_disable), (8 bytes).
    Removing gd32e23x_spi.o(.text.spi_transmit_odd_config), (18 bytes).
    Removing gd32e23x_spi.o(.ARM.exidx.text.spi_transmit_odd_config), (8 bytes).
    Removing gd32e23x_spi.o(.text.spi_receive_odd_config), (18 bytes).
    Removing gd32e23x_spi.o(.ARM.exidx.text.spi_receive_odd_config), (8 bytes).
    Removing gd32e23x_spi.o(.text.spi_i2s_data_frame_format_config), (64 bytes).
    Removing gd32e23x_spi.o(.ARM.exidx.text.spi_i2s_data_frame_format_config), (8 bytes).
    Removing gd32e23x_spi.o(.text.spi_fifo_access_size_config), (18 bytes).
    Removing gd32e23x_spi.o(.ARM.exidx.text.spi_fifo_access_size_config), (8 bytes).
    Removing gd32e23x_spi.o(.text.spi_bidirectional_transfer_config), (24 bytes).
    Removing gd32e23x_spi.o(.ARM.exidx.text.spi_bidirectional_transfer_config), (8 bytes).
    Removing gd32e23x_spi.o(.text.spi_i2s_data_transmit), (32 bytes).
    Removing gd32e23x_spi.o(.ARM.exidx.text.spi_i2s_data_transmit), (8 bytes).
    Removing gd32e23x_spi.o(.text.spi_i2s_data_receive), (40 bytes).
    Removing gd32e23x_spi.o(.ARM.exidx.text.spi_i2s_data_receive), (8 bytes).
    Removing gd32e23x_spi.o(.text.spi_i2s_format_error_clear), (6 bytes).
    Removing gd32e23x_spi.o(.ARM.exidx.text.spi_i2s_format_error_clear), (8 bytes).
    Removing gd32e23x_spi.o(.text.spi_crc_polynomial_set), (14 bytes).
    Removing gd32e23x_spi.o(.ARM.exidx.text.spi_crc_polynomial_set), (8 bytes).
    Removing gd32e23x_spi.o(.text.spi_crc_polynomial_get), (6 bytes).
    Removing gd32e23x_spi.o(.ARM.exidx.text.spi_crc_polynomial_get), (8 bytes).
    Removing gd32e23x_spi.o(.text.spi_crc_length_set), (18 bytes).
    Removing gd32e23x_spi.o(.ARM.exidx.text.spi_crc_length_set), (8 bytes).
    Removing gd32e23x_spi.o(.text.spi_crc_on), (12 bytes).
    Removing gd32e23x_spi.o(.ARM.exidx.text.spi_crc_on), (8 bytes).
    Removing gd32e23x_spi.o(.text.spi_crc_off), (12 bytes).
    Removing gd32e23x_spi.o(.ARM.exidx.text.spi_crc_off), (8 bytes).
    Removing gd32e23x_spi.o(.text.spi_crc_next), (12 bytes).
    Removing gd32e23x_spi.o(.ARM.exidx.text.spi_crc_next), (8 bytes).
    Removing gd32e23x_spi.o(.text.spi_crc_get), (14 bytes).
    Removing gd32e23x_spi.o(.ARM.exidx.text.spi_crc_get), (8 bytes).
    Removing gd32e23x_spi.o(.text.spi_crc_error_clear), (8 bytes).
    Removing gd32e23x_spi.o(.ARM.exidx.text.spi_crc_error_clear), (8 bytes).
    Removing gd32e23x_spi.o(.text.spi_ti_mode_enable), (10 bytes).
    Removing gd32e23x_spi.o(.ARM.exidx.text.spi_ti_mode_enable), (8 bytes).
    Removing gd32e23x_spi.o(.text.spi_ti_mode_disable), (10 bytes).
    Removing gd32e23x_spi.o(.ARM.exidx.text.spi_ti_mode_disable), (8 bytes).
    Removing gd32e23x_spi.o(.text.spi_nssp_mode_enable), (10 bytes).
    Removing gd32e23x_spi.o(.ARM.exidx.text.spi_nssp_mode_enable), (8 bytes).
    Removing gd32e23x_spi.o(.text.spi_nssp_mode_disable), (10 bytes).
    Removing gd32e23x_spi.o(.ARM.exidx.text.spi_nssp_mode_disable), (8 bytes).
    Removing gd32e23x_spi.o(.text.spi_quad_enable), (12 bytes).
    Removing gd32e23x_spi.o(.ARM.exidx.text.spi_quad_enable), (8 bytes).
    Removing gd32e23x_spi.o(.text.spi_quad_disable), (12 bytes).
    Removing gd32e23x_spi.o(.ARM.exidx.text.spi_quad_disable), (8 bytes).
    Removing gd32e23x_spi.o(.text.spi_quad_write_enable), (12 bytes).
    Removing gd32e23x_spi.o(.ARM.exidx.text.spi_quad_write_enable), (8 bytes).
    Removing gd32e23x_spi.o(.text.spi_quad_read_enable), (12 bytes).
    Removing gd32e23x_spi.o(.ARM.exidx.text.spi_quad_read_enable), (8 bytes).
    Removing gd32e23x_spi.o(.text.spi_quad_io23_output_enable), (12 bytes).
    Removing gd32e23x_spi.o(.ARM.exidx.text.spi_quad_io23_output_enable), (8 bytes).
    Removing gd32e23x_spi.o(.text.spi_quad_io23_output_disable), (12 bytes).
    Removing gd32e23x_spi.o(.ARM.exidx.text.spi_quad_io23_output_disable), (8 bytes).
    Removing gd32e23x_spi.o(.text.spi_i2s_flag_get), (40 bytes).
    Removing gd32e23x_spi.o(.ARM.exidx.text.spi_i2s_flag_get), (8 bytes).
    Removing gd32e23x_spi.o(.text.spi_i2s_interrupt_enable), (8 bytes).
    Removing gd32e23x_spi.o(.ARM.exidx.text.spi_i2s_interrupt_enable), (8 bytes).
    Removing gd32e23x_spi.o(.text.spi_i2s_interrupt_disable), (8 bytes).
    Removing gd32e23x_spi.o(.ARM.exidx.text.spi_i2s_interrupt_disable), (8 bytes).
    Removing gd32e23x_spi.o(.text.spi_i2s_interrupt_flag_get), (122 bytes).
    Removing gd32e23x_spi.o(.ARM.exidx.text.spi_i2s_interrupt_flag_get), (8 bytes).
    Removing gd32e23x_syscfg.o(.text), (0 bytes).
    Removing gd32e23x_syscfg.o(.text.syscfg_deinit), (20 bytes).
    Removing gd32e23x_syscfg.o(.ARM.exidx.text.syscfg_deinit), (8 bytes).
    Removing gd32e23x_syscfg.o(.text.syscfg_dma_remap_enable), (16 bytes).
    Removing gd32e23x_syscfg.o(.ARM.exidx.text.syscfg_dma_remap_enable), (8 bytes).
    Removing gd32e23x_syscfg.o(.text.syscfg_dma_remap_disable), (16 bytes).
    Removing gd32e23x_syscfg.o(.ARM.exidx.text.syscfg_dma_remap_disable), (8 bytes).
    Removing gd32e23x_syscfg.o(.text.syscfg_high_current_enable), (20 bytes).
    Removing gd32e23x_syscfg.o(.ARM.exidx.text.syscfg_high_current_enable), (8 bytes).
    Removing gd32e23x_syscfg.o(.text.syscfg_high_current_disable), (20 bytes).
    Removing gd32e23x_syscfg.o(.ARM.exidx.text.syscfg_high_current_disable), (8 bytes).
    Removing gd32e23x_syscfg.o(.ARM.exidx.text.syscfg_exti_line_config), (8 bytes).
    Removing gd32e23x_syscfg.o(.text.syscfg_lock_config), (16 bytes).
    Removing gd32e23x_syscfg.o(.ARM.exidx.text.syscfg_lock_config), (8 bytes).
    Removing gd32e23x_syscfg.o(.text.irq_latency_set), (20 bytes).
    Removing gd32e23x_syscfg.o(.ARM.exidx.text.irq_latency_set), (8 bytes).
    Removing gd32e23x_syscfg.o(.text.syscfg_flag_get), (20 bytes).
    Removing gd32e23x_syscfg.o(.ARM.exidx.text.syscfg_flag_get), (8 bytes).
    Removing gd32e23x_syscfg.o(.text.syscfg_flag_clear), (16 bytes).
    Removing gd32e23x_syscfg.o(.ARM.exidx.text.syscfg_flag_clear), (8 bytes).
    Removing gd32e23x_timer.o(.text), (0 bytes).
    Removing gd32e23x_timer.o(.text.timer_deinit), (144 bytes).
    Removing gd32e23x_timer.o(.ARM.exidx.text.timer_deinit), (8 bytes).
    Removing gd32e23x_timer.o(.text.timer_struct_para_init), (24 bytes).
    Removing gd32e23x_timer.o(.ARM.exidx.text.timer_struct_para_init), (8 bytes).
    Removing gd32e23x_timer.o(.text.timer_init), (176 bytes).
    Removing gd32e23x_timer.o(.ARM.exidx.text.timer_init), (8 bytes).
    Removing gd32e23x_timer.o(.text.timer_enable), (10 bytes).
    Removing gd32e23x_timer.o(.ARM.exidx.text.timer_enable), (8 bytes).
    Removing gd32e23x_timer.o(.text.timer_disable), (10 bytes).
    Removing gd32e23x_timer.o(.ARM.exidx.text.timer_disable), (8 bytes).
    Removing gd32e23x_timer.o(.text.timer_auto_reload_shadow_enable), (10 bytes).
    Removing gd32e23x_timer.o(.ARM.exidx.text.timer_auto_reload_shadow_enable), (8 bytes).
    Removing gd32e23x_timer.o(.text.timer_auto_reload_shadow_disable), (10 bytes).
    Removing gd32e23x_timer.o(.ARM.exidx.text.timer_auto_reload_shadow_disable), (8 bytes).
    Removing gd32e23x_timer.o(.text.timer_update_event_enable), (10 bytes).
    Removing gd32e23x_timer.o(.ARM.exidx.text.timer_update_event_enable), (8 bytes).
    Removing gd32e23x_timer.o(.text.timer_update_event_disable), (10 bytes).
    Removing gd32e23x_timer.o(.ARM.exidx.text.timer_update_event_disable), (8 bytes).
    Removing gd32e23x_timer.o(.text.timer_counter_alignment), (16 bytes).
    Removing gd32e23x_timer.o(.ARM.exidx.text.timer_counter_alignment), (8 bytes).
    Removing gd32e23x_timer.o(.text.timer_counter_up_direction), (10 bytes).
    Removing gd32e23x_timer.o(.ARM.exidx.text.timer_counter_up_direction), (8 bytes).
    Removing gd32e23x_timer.o(.text.timer_counter_down_direction), (10 bytes).
    Removing gd32e23x_timer.o(.ARM.exidx.text.timer_counter_down_direction), (8 bytes).
    Removing gd32e23x_timer.o(.text.timer_prescaler_config), (16 bytes).
    Removing gd32e23x_timer.o(.ARM.exidx.text.timer_prescaler_config), (8 bytes).
    Removing gd32e23x_timer.o(.text.timer_repetition_value_config), (4 bytes).
    Removing gd32e23x_timer.o(.ARM.exidx.text.timer_repetition_value_config), (8 bytes).
    Removing gd32e23x_timer.o(.text.timer_autoreload_value_config), (4 bytes).
    Removing gd32e23x_timer.o(.ARM.exidx.text.timer_autoreload_value_config), (8 bytes).
    Removing gd32e23x_timer.o(.text.timer_counter_value_config), (4 bytes).
    Removing gd32e23x_timer.o(.ARM.exidx.text.timer_counter_value_config), (8 bytes).
    Removing gd32e23x_timer.o(.text.timer_counter_read), (4 bytes).
    Removing gd32e23x_timer.o(.ARM.exidx.text.timer_counter_read), (8 bytes).
    Removing gd32e23x_timer.o(.text.timer_prescaler_read), (6 bytes).
    Removing gd32e23x_timer.o(.ARM.exidx.text.timer_prescaler_read), (8 bytes).
    Removing gd32e23x_timer.o(.text.timer_single_pulse_mode_config), (26 bytes).
    Removing gd32e23x_timer.o(.ARM.exidx.text.timer_single_pulse_mode_config), (8 bytes).
    Removing gd32e23x_timer.o(.text.timer_update_source_config), (26 bytes).
    Removing gd32e23x_timer.o(.ARM.exidx.text.timer_update_source_config), (8 bytes).
    Removing gd32e23x_timer.o(.text.timer_ocpre_clear_source_config), (26 bytes).
    Removing gd32e23x_timer.o(.ARM.exidx.text.timer_ocpre_clear_source_config), (8 bytes).
    Removing gd32e23x_timer.o(.text.timer_interrupt_enable), (8 bytes).
    Removing gd32e23x_timer.o(.ARM.exidx.text.timer_interrupt_enable), (8 bytes).
    Removing gd32e23x_timer.o(.text.timer_interrupt_disable), (8 bytes).
    Removing gd32e23x_timer.o(.ARM.exidx.text.timer_interrupt_disable), (8 bytes).
    Removing gd32e23x_timer.o(.text.timer_interrupt_flag_get), (30 bytes).
    Removing gd32e23x_timer.o(.ARM.exidx.text.timer_interrupt_flag_get), (8 bytes).
    Removing gd32e23x_timer.o(.text.timer_interrupt_flag_clear), (6 bytes).
    Removing gd32e23x_timer.o(.ARM.exidx.text.timer_interrupt_flag_clear), (8 bytes).
    Removing gd32e23x_timer.o(.text.timer_flag_get), (12 bytes).
    Removing gd32e23x_timer.o(.ARM.exidx.text.timer_flag_get), (8 bytes).
    Removing gd32e23x_timer.o(.text.timer_flag_clear), (6 bytes).
    Removing gd32e23x_timer.o(.ARM.exidx.text.timer_flag_clear), (8 bytes).
    Removing gd32e23x_timer.o(.text.timer_dma_enable), (8 bytes).
    Removing gd32e23x_timer.o(.ARM.exidx.text.timer_dma_enable), (8 bytes).
    Removing gd32e23x_timer.o(.text.timer_dma_disable), (8 bytes).
    Removing gd32e23x_timer.o(.ARM.exidx.text.timer_dma_disable), (8 bytes).
    Removing gd32e23x_timer.o(.text.timer_channel_dma_request_source_select), (26 bytes).
    Removing gd32e23x_timer.o(.ARM.exidx.text.timer_channel_dma_request_source_select), (8 bytes).
    Removing gd32e23x_timer.o(.text.timer_dma_transfer_config), (24 bytes).
    Removing gd32e23x_timer.o(.ARM.exidx.text.timer_dma_transfer_config), (8 bytes).
    Removing gd32e23x_timer.o(.text.timer_event_software_generate), (8 bytes).
    Removing gd32e23x_timer.o(.ARM.exidx.text.timer_event_software_generate), (8 bytes).
    Removing gd32e23x_timer.o(.text.timer_break_struct_para_init), (18 bytes).
    Removing gd32e23x_timer.o(.ARM.exidx.text.timer_break_struct_para_init), (8 bytes).
    Removing gd32e23x_timer.o(.text.timer_break_config), (32 bytes).
    Removing gd32e23x_timer.o(.ARM.exidx.text.timer_break_config), (8 bytes).
    Removing gd32e23x_timer.o(.text.timer_break_enable), (12 bytes).
    Removing gd32e23x_timer.o(.ARM.exidx.text.timer_break_enable), (8 bytes).
    Removing gd32e23x_timer.o(.text.timer_break_disable), (12 bytes).
    Removing gd32e23x_timer.o(.ARM.exidx.text.timer_break_disable), (8 bytes).
    Removing gd32e23x_timer.o(.text.timer_automatic_output_enable), (12 bytes).
    Removing gd32e23x_timer.o(.ARM.exidx.text.timer_automatic_output_enable), (8 bytes).
    Removing gd32e23x_timer.o(.text.timer_automatic_output_disable), (12 bytes).
    Removing gd32e23x_timer.o(.ARM.exidx.text.timer_automatic_output_disable), (8 bytes).
    Removing gd32e23x_timer.o(.text.timer_primary_output_config), (24 bytes).
    Removing gd32e23x_timer.o(.ARM.exidx.text.timer_primary_output_config), (8 bytes).
    Removing gd32e23x_timer.o(.text.timer_channel_control_shadow_config), (22 bytes).
    Removing gd32e23x_timer.o(.ARM.exidx.text.timer_channel_control_shadow_config), (8 bytes).
    Removing gd32e23x_timer.o(.text.timer_channel_control_shadow_update_config), (26 bytes).
    Removing gd32e23x_timer.o(.ARM.exidx.text.timer_channel_control_shadow_update_config), (8 bytes).
    Removing gd32e23x_timer.o(.text.timer_channel_output_struct_para_init), (16 bytes).
    Removing gd32e23x_timer.o(.ARM.exidx.text.timer_channel_output_struct_para_init), (8 bytes).
    Removing gd32e23x_timer.o(.text.timer_channel_output_config), (592 bytes).
    Removing gd32e23x_timer.o(.ARM.exidx.text.timer_channel_output_config), (8 bytes).
    Removing gd32e23x_timer.o(.text.timer_channel_output_mode_config), (88 bytes).
    Removing gd32e23x_timer.o(.ARM.exidx.text.timer_channel_output_mode_config), (8 bytes).
    Removing gd32e23x_timer.o(.text.timer_channel_output_pulse_value_config), (12 bytes).
    Removing gd32e23x_timer.o(.ARM.exidx.text.timer_channel_output_pulse_value_config), (8 bytes).
    Removing gd32e23x_timer.o(.text.timer_channel_output_shadow_config), (88 bytes).
    Removing gd32e23x_timer.o(.ARM.exidx.text.timer_channel_output_shadow_config), (8 bytes).
    Removing gd32e23x_timer.o(.text.timer_channel_output_fast_config), (88 bytes).
    Removing gd32e23x_timer.o(.ARM.exidx.text.timer_channel_output_fast_config), (8 bytes).
    Removing gd32e23x_timer.o(.text.timer_channel_output_clear_config), (88 bytes).
    Removing gd32e23x_timer.o(.ARM.exidx.text.timer_channel_output_clear_config), (8 bytes).
    Removing gd32e23x_timer.o(.text.timer_channel_output_polarity_config), (90 bytes).
    Removing gd32e23x_timer.o(.ARM.exidx.text.timer_channel_output_polarity_config), (8 bytes).
    Removing gd32e23x_timer.o(.text.timer_channel_complementary_output_polarity_config), (90 bytes).
    Removing gd32e23x_timer.o(.ARM.exidx.text.timer_channel_complementary_output_polarity_config), (8 bytes).
    Removing gd32e23x_timer.o(.text.timer_channel_output_state_config), (90 bytes).
    Removing gd32e23x_timer.o(.ARM.exidx.text.timer_channel_output_state_config), (8 bytes).
    Removing gd32e23x_timer.o(.text.timer_channel_complementary_output_state_config), (54 bytes).
    Removing gd32e23x_timer.o(.ARM.exidx.text.timer_channel_complementary_output_state_config), (8 bytes).
    Removing gd32e23x_timer.o(.text.timer_channel_input_struct_para_init), (14 bytes).
    Removing gd32e23x_timer.o(.ARM.exidx.text.timer_channel_input_struct_para_init), (8 bytes).
    Removing gd32e23x_timer.o(.text.timer_input_capture_config), (384 bytes).
    Removing gd32e23x_timer.o(.ARM.exidx.text.timer_input_capture_config), (8 bytes).
    Removing gd32e23x_timer.o(.text.timer_channel_input_capture_prescaler_config), (88 bytes).
    Removing gd32e23x_timer.o(.ARM.exidx.text.timer_channel_input_capture_prescaler_config), (8 bytes).
    Removing gd32e23x_timer.o(.text.timer_channel_capture_value_register_read), (16 bytes).
    Removing gd32e23x_timer.o(.ARM.exidx.text.timer_channel_capture_value_register_read), (8 bytes).
    Removing gd32e23x_timer.o(.text.timer_input_pwm_capture_config), (376 bytes).
    Removing gd32e23x_timer.o(.ARM.exidx.text.timer_input_pwm_capture_config), (8 bytes).
    Removing gd32e23x_timer.o(.text.timer_hall_mode_config), (26 bytes).
    Removing gd32e23x_timer.o(.ARM.exidx.text.timer_hall_mode_config), (8 bytes).
    Removing gd32e23x_timer.o(.text.timer_input_trigger_source_select), (16 bytes).
    Removing gd32e23x_timer.o(.ARM.exidx.text.timer_input_trigger_source_select), (8 bytes).
    Removing gd32e23x_timer.o(.text.timer_master_output_trigger_source_select), (16 bytes).
    Removing gd32e23x_timer.o(.ARM.exidx.text.timer_master_output_trigger_source_select), (8 bytes).
    Removing gd32e23x_timer.o(.text.timer_slave_mode_select), (16 bytes).
    Removing gd32e23x_timer.o(.ARM.exidx.text.timer_slave_mode_select), (8 bytes).
    Removing gd32e23x_timer.o(.text.timer_master_slave_mode_config), (26 bytes).
    Removing gd32e23x_timer.o(.ARM.exidx.text.timer_master_slave_mode_config), (8 bytes).
    Removing gd32e23x_timer.o(.text.timer_external_trigger_config), (30 bytes).
    Removing gd32e23x_timer.o(.ARM.exidx.text.timer_external_trigger_config), (8 bytes).
    Removing gd32e23x_timer.o(.text.timer_quadrature_decoder_mode_config), (68 bytes).
    Removing gd32e23x_timer.o(.ARM.exidx.text.timer_quadrature_decoder_mode_config), (8 bytes).
    Removing gd32e23x_timer.o(.text.timer_internal_clock_config), (10 bytes).
    Removing gd32e23x_timer.o(.ARM.exidx.text.timer_internal_clock_config), (8 bytes).
    Removing gd32e23x_timer.o(.text.timer_internal_trigger_as_external_clock_config), (30 bytes).
    Removing gd32e23x_timer.o(.ARM.exidx.text.timer_internal_trigger_as_external_clock_config), (8 bytes).
    Removing gd32e23x_timer.o(.text.timer_external_trigger_as_external_clock_config), (152 bytes).
    Removing gd32e23x_timer.o(.ARM.exidx.text.timer_external_trigger_as_external_clock_config), (8 bytes).
    Removing gd32e23x_timer.o(.text.timer_external_clock_mode0_config), (44 bytes).
    Removing gd32e23x_timer.o(.ARM.exidx.text.timer_external_clock_mode0_config), (8 bytes).
    Removing gd32e23x_timer.o(.text.timer_external_clock_mode1_config), (40 bytes).
    Removing gd32e23x_timer.o(.ARM.exidx.text.timer_external_clock_mode1_config), (8 bytes).
    Removing gd32e23x_timer.o(.text.timer_external_clock_mode1_disable), (12 bytes).
    Removing gd32e23x_timer.o(.ARM.exidx.text.timer_external_clock_mode1_disable), (8 bytes).
    Removing gd32e23x_timer.o(.text.timer_channel_remap_config), (4 bytes).
    Removing gd32e23x_timer.o(.ARM.exidx.text.timer_channel_remap_config), (8 bytes).
    Removing gd32e23x_timer.o(.text.timer_write_chxval_register_config), (30 bytes).
    Removing gd32e23x_timer.o(.ARM.exidx.text.timer_write_chxval_register_config), (8 bytes).
    Removing gd32e23x_timer.o(.text.timer_output_value_selection_config), (30 bytes).
    Removing gd32e23x_timer.o(.ARM.exidx.text.timer_output_value_selection_config), (8 bytes).
    Removing gd32e23x_usart.o(.text), (0 bytes).
    Removing gd32e23x_usart.o(.ARM.exidx.text.usart_deinit), (8 bytes).
    Removing gd32e23x_usart.o(.ARM.exidx.text.usart_baudrate_set), (8 bytes).
    Removing gd32e23x_usart.o(.ARM.exidx.text.usart_parity_config), (8 bytes).
    Removing gd32e23x_usart.o(.ARM.exidx.text.usart_word_length_set), (8 bytes).
    Removing gd32e23x_usart.o(.ARM.exidx.text.usart_stop_bit_set), (8 bytes).
    Removing gd32e23x_usart.o(.ARM.exidx.text.usart_enable), (8 bytes).
    Removing gd32e23x_usart.o(.text.usart_disable), (10 bytes).
    Removing gd32e23x_usart.o(.ARM.exidx.text.usart_disable), (8 bytes).
    Removing gd32e23x_usart.o(.ARM.exidx.text.usart_transmit_config), (8 bytes).
    Removing gd32e23x_usart.o(.ARM.exidx.text.usart_receive_config), (8 bytes).
    Removing gd32e23x_usart.o(.text.usart_data_first_config), (26 bytes).
    Removing gd32e23x_usart.o(.ARM.exidx.text.usart_data_first_config), (8 bytes).
    Removing gd32e23x_usart.o(.text.usart_invert_config), (140 bytes).
    Removing gd32e23x_usart.o(.ARM.exidx.text.usart_invert_config), (8 bytes).
    Removing gd32e23x_usart.o(.text.usart_overrun_enable), (20 bytes).
    Removing gd32e23x_usart.o(.ARM.exidx.text.usart_overrun_enable), (8 bytes).
    Removing gd32e23x_usart.o(.text.usart_overrun_disable), (20 bytes).
    Removing gd32e23x_usart.o(.ARM.exidx.text.usart_overrun_disable), (8 bytes).
    Removing gd32e23x_usart.o(.text.usart_oversample_config), (26 bytes).
    Removing gd32e23x_usart.o(.ARM.exidx.text.usart_oversample_config), (8 bytes).
    Removing gd32e23x_usart.o(.text.usart_sample_bit_config), (26 bytes).
    Removing gd32e23x_usart.o(.ARM.exidx.text.usart_sample_bit_config), (8 bytes).
    Removing gd32e23x_usart.o(.text.usart_receiver_timeout_enable), (12 bytes).
    Removing gd32e23x_usart.o(.ARM.exidx.text.usart_receiver_timeout_enable), (8 bytes).
    Removing gd32e23x_usart.o(.text.usart_receiver_timeout_disable), (12 bytes).
    Removing gd32e23x_usart.o(.ARM.exidx.text.usart_receiver_timeout_disable), (8 bytes).
    Removing gd32e23x_usart.o(.text.usart_receiver_timeout_threshold_config), (18 bytes).
    Removing gd32e23x_usart.o(.ARM.exidx.text.usart_receiver_timeout_threshold_config), (8 bytes).
    Removing gd32e23x_usart.o(.ARM.exidx.text.usart_data_transmit), (8 bytes).
    Removing gd32e23x_usart.o(.text.usart_data_receive), (12 bytes).
    Removing gd32e23x_usart.o(.ARM.exidx.text.usart_data_receive), (8 bytes).
    Removing gd32e23x_usart.o(.text.usart_address_config), (28 bytes).
    Removing gd32e23x_usart.o(.ARM.exidx.text.usart_address_config), (8 bytes).
    Removing gd32e23x_usart.o(.text.usart_address_detection_mode_config), (26 bytes).
    Removing gd32e23x_usart.o(.ARM.exidx.text.usart_address_detection_mode_config), (8 bytes).
    Removing gd32e23x_usart.o(.text.usart_mute_mode_enable), (12 bytes).
    Removing gd32e23x_usart.o(.ARM.exidx.text.usart_mute_mode_enable), (8 bytes).
    Removing gd32e23x_usart.o(.text.usart_mute_mode_disable), (12 bytes).
    Removing gd32e23x_usart.o(.ARM.exidx.text.usart_mute_mode_disable), (8 bytes).
    Removing gd32e23x_usart.o(.text.usart_mute_mode_wakeup_config), (26 bytes).
    Removing gd32e23x_usart.o(.ARM.exidx.text.usart_mute_mode_wakeup_config), (8 bytes).
    Removing gd32e23x_usart.o(.text.usart_lin_mode_enable), (20 bytes).
    Removing gd32e23x_usart.o(.ARM.exidx.text.usart_lin_mode_enable), (8 bytes).
    Removing gd32e23x_usart.o(.text.usart_lin_mode_disable), (20 bytes).
    Removing gd32e23x_usart.o(.ARM.exidx.text.usart_lin_mode_disable), (8 bytes).
    Removing gd32e23x_usart.o(.text.usart_lin_break_detection_length_config), (26 bytes).
    Removing gd32e23x_usart.o(.ARM.exidx.text.usart_lin_break_detection_length_config), (8 bytes).
    Removing gd32e23x_usart.o(.text.usart_halfduplex_enable), (18 bytes).
    Removing gd32e23x_usart.o(.ARM.exidx.text.usart_halfduplex_enable), (8 bytes).
    Removing gd32e23x_usart.o(.text.usart_halfduplex_disable), (18 bytes).
    Removing gd32e23x_usart.o(.ARM.exidx.text.usart_halfduplex_disable), (8 bytes).
    Removing gd32e23x_usart.o(.text.usart_clock_enable), (20 bytes).
    Removing gd32e23x_usart.o(.ARM.exidx.text.usart_clock_enable), (8 bytes).
    Removing gd32e23x_usart.o(.text.usart_clock_disable), (20 bytes).
    Removing gd32e23x_usart.o(.ARM.exidx.text.usart_clock_disable), (8 bytes).
    Removing gd32e23x_usart.o(.text.usart_synchronous_clock_config), (58 bytes).
    Removing gd32e23x_usart.o(.ARM.exidx.text.usart_synchronous_clock_config), (8 bytes).
    Removing gd32e23x_usart.o(.text.usart_guard_time_config), (30 bytes).
    Removing gd32e23x_usart.o(.ARM.exidx.text.usart_guard_time_config), (8 bytes).
    Removing gd32e23x_usart.o(.text.usart_smartcard_mode_enable), (18 bytes).
    Removing gd32e23x_usart.o(.ARM.exidx.text.usart_smartcard_mode_enable), (8 bytes).
    Removing gd32e23x_usart.o(.text.usart_smartcard_mode_disable), (18 bytes).
    Removing gd32e23x_usart.o(.ARM.exidx.text.usart_smartcard_mode_disable), (8 bytes).
    Removing gd32e23x_usart.o(.text.usart_smartcard_mode_nack_enable), (18 bytes).
    Removing gd32e23x_usart.o(.ARM.exidx.text.usart_smartcard_mode_nack_enable), (8 bytes).
    Removing gd32e23x_usart.o(.text.usart_smartcard_mode_nack_disable), (18 bytes).
    Removing gd32e23x_usart.o(.ARM.exidx.text.usart_smartcard_mode_nack_disable), (8 bytes).
    Removing gd32e23x_usart.o(.text.usart_smartcard_mode_early_nack_enable), (12 bytes).
    Removing gd32e23x_usart.o(.ARM.exidx.text.usart_smartcard_mode_early_nack_enable), (8 bytes).
    Removing gd32e23x_usart.o(.text.usart_smartcard_mode_early_nack_disable), (12 bytes).
    Removing gd32e23x_usart.o(.ARM.exidx.text.usart_smartcard_mode_early_nack_disable), (8 bytes).
    Removing gd32e23x_usart.o(.text.usart_smartcard_autoretry_config), (30 bytes).
    Removing gd32e23x_usart.o(.ARM.exidx.text.usart_smartcard_autoretry_config), (8 bytes).
    Removing gd32e23x_usart.o(.text.usart_block_length_config), (20 bytes).
    Removing gd32e23x_usart.o(.ARM.exidx.text.usart_block_length_config), (8 bytes).
    Removing gd32e23x_usart.o(.text.usart_irda_mode_enable), (18 bytes).
    Removing gd32e23x_usart.o(.ARM.exidx.text.usart_irda_mode_enable), (8 bytes).
    Removing gd32e23x_usart.o(.text.usart_irda_mode_disable), (18 bytes).
    Removing gd32e23x_usart.o(.ARM.exidx.text.usart_irda_mode_disable), (8 bytes).
    Removing gd32e23x_usart.o(.text.usart_prescaler_config), (24 bytes).
    Removing gd32e23x_usart.o(.ARM.exidx.text.usart_prescaler_config), (8 bytes).
    Removing gd32e23x_usart.o(.text.usart_irda_lowpower_config), (26 bytes).
    Removing gd32e23x_usart.o(.ARM.exidx.text.usart_irda_lowpower_config), (8 bytes).
    Removing gd32e23x_usart.o(.text.usart_hardware_flow_rts_config), (26 bytes).
    Removing gd32e23x_usart.o(.ARM.exidx.text.usart_hardware_flow_rts_config), (8 bytes).
    Removing gd32e23x_usart.o(.text.usart_hardware_flow_cts_config), (26 bytes).
    Removing gd32e23x_usart.o(.ARM.exidx.text.usart_hardware_flow_cts_config), (8 bytes).
    Removing gd32e23x_usart.o(.text.usart_hardware_flow_coherence_config), (22 bytes).
    Removing gd32e23x_usart.o(.ARM.exidx.text.usart_hardware_flow_coherence_config), (8 bytes).
    Removing gd32e23x_usart.o(.text.usart_rs485_driver_enable), (20 bytes).
    Removing gd32e23x_usart.o(.ARM.exidx.text.usart_rs485_driver_enable), (8 bytes).
    Removing gd32e23x_usart.o(.text.usart_rs485_driver_disable), (20 bytes).
    Removing gd32e23x_usart.o(.ARM.exidx.text.usart_rs485_driver_disable), (8 bytes).
    Removing gd32e23x_usart.o(.text.usart_driver_assertime_config), (30 bytes).
    Removing gd32e23x_usart.o(.ARM.exidx.text.usart_driver_assertime_config), (8 bytes).
    Removing gd32e23x_usart.o(.text.usart_driver_deassertime_config), (30 bytes).
    Removing gd32e23x_usart.o(.ARM.exidx.text.usart_driver_deassertime_config), (8 bytes).
    Removing gd32e23x_usart.o(.text.usart_depolarity_config), (28 bytes).
    Removing gd32e23x_usart.o(.ARM.exidx.text.usart_depolarity_config), (8 bytes).
    Removing gd32e23x_usart.o(.text.usart_dma_receive_config), (16 bytes).
    Removing gd32e23x_usart.o(.ARM.exidx.text.usart_dma_receive_config), (8 bytes).
    Removing gd32e23x_usart.o(.text.usart_dma_transmit_config), (16 bytes).
    Removing gd32e23x_usart.o(.ARM.exidx.text.usart_dma_transmit_config), (8 bytes).
    Removing gd32e23x_usart.o(.text.usart_reception_error_dma_disable), (20 bytes).
    Removing gd32e23x_usart.o(.ARM.exidx.text.usart_reception_error_dma_disable), (8 bytes).
    Removing gd32e23x_usart.o(.text.usart_reception_error_dma_enable), (20 bytes).
    Removing gd32e23x_usart.o(.ARM.exidx.text.usart_reception_error_dma_enable), (8 bytes).
    Removing gd32e23x_usart.o(.text.usart_wakeup_enable), (10 bytes).
    Removing gd32e23x_usart.o(.ARM.exidx.text.usart_wakeup_enable), (8 bytes).
    Removing gd32e23x_usart.o(.text.usart_wakeup_disable), (10 bytes).
    Removing gd32e23x_usart.o(.ARM.exidx.text.usart_wakeup_disable), (8 bytes).
    Removing gd32e23x_usart.o(.text.usart_wakeup_mode_config), (28 bytes).
    Removing gd32e23x_usart.o(.ARM.exidx.text.usart_wakeup_mode_config), (8 bytes).
    Removing gd32e23x_usart.o(.text.usart_receive_fifo_enable), (14 bytes).
    Removing gd32e23x_usart.o(.ARM.exidx.text.usart_receive_fifo_enable), (8 bytes).
    Removing gd32e23x_usart.o(.text.usart_receive_fifo_disable), (14 bytes).
    Removing gd32e23x_usart.o(.ARM.exidx.text.usart_receive_fifo_disable), (8 bytes).
    Removing gd32e23x_usart.o(.text.usart_receive_fifo_counter_number), (12 bytes).
    Removing gd32e23x_usart.o(.ARM.exidx.text.usart_receive_fifo_counter_number), (8 bytes).
    Removing gd32e23x_usart.o(.ARM.exidx.text.usart_flag_get), (8 bytes).
    Removing gd32e23x_usart.o(.text.usart_flag_clear), (16 bytes).
    Removing gd32e23x_usart.o(.ARM.exidx.text.usart_flag_clear), (8 bytes).
    Removing gd32e23x_usart.o(.text.usart_interrupt_enable), (18 bytes).
    Removing gd32e23x_usart.o(.ARM.exidx.text.usart_interrupt_enable), (8 bytes).
    Removing gd32e23x_usart.o(.text.usart_interrupt_disable), (18 bytes).
    Removing gd32e23x_usart.o(.ARM.exidx.text.usart_interrupt_disable), (8 bytes).
    Removing gd32e23x_usart.o(.text.usart_command_enable), (8 bytes).
    Removing gd32e23x_usart.o(.ARM.exidx.text.usart_command_enable), (8 bytes).
    Removing gd32e23x_usart.o(.text.usart_interrupt_flag_get), (60 bytes).
    Removing gd32e23x_usart.o(.ARM.exidx.text.usart_interrupt_flag_get), (8 bytes).
    Removing gd32e23x_usart.o(.text.usart_interrupt_flag_clear), (44 bytes).
    Removing gd32e23x_usart.o(.ARM.exidx.text.usart_interrupt_flag_clear), (8 bytes).
    Removing gd32e23x_wwdgt.o(.text), (0 bytes).
    Removing gd32e23x_wwdgt.o(.text.wwdgt_deinit), (24 bytes).
    Removing gd32e23x_wwdgt.o(.ARM.exidx.text.wwdgt_deinit), (8 bytes).
    Removing gd32e23x_wwdgt.o(.text.wwdgt_enable), (16 bytes).
    Removing gd32e23x_wwdgt.o(.ARM.exidx.text.wwdgt_enable), (8 bytes).
    Removing gd32e23x_wwdgt.o(.text.wwdgt_counter_update), (16 bytes).
    Removing gd32e23x_wwdgt.o(.ARM.exidx.text.wwdgt_counter_update), (8 bytes).
    Removing gd32e23x_wwdgt.o(.text.wwdgt_config), (20 bytes).
    Removing gd32e23x_wwdgt.o(.ARM.exidx.text.wwdgt_config), (8 bytes).
    Removing gd32e23x_wwdgt.o(.text.wwdgt_flag_get), (16 bytes).
    Removing gd32e23x_wwdgt.o(.ARM.exidx.text.wwdgt_flag_get), (8 bytes).
    Removing gd32e23x_wwdgt.o(.text.wwdgt_flag_clear), (16 bytes).
    Removing gd32e23x_wwdgt.o(.ARM.exidx.text.wwdgt_flag_clear), (8 bytes).
    Removing gd32e23x_wwdgt.o(.text.wwdgt_interrupt_enable), (20 bytes).
    Removing gd32e23x_wwdgt.o(.ARM.exidx.text.wwdgt_interrupt_enable), (8 bytes).
    Removing system_gd32e23x.o(.text), (0 bytes).
    Removing system_gd32e23x.o(.ARM.exidx.text.SystemInit), (8 bytes).
    Removing system_gd32e23x.o(.text.SystemCoreClockUpdate), (136 bytes).
    Removing system_gd32e23x.o(.ARM.exidx.text.SystemCoreClockUpdate), (8 bytes).
    Removing startup_gd32e23x.o(HEAP), (1024 bytes).
    Removing ffixui.o(.text), (40 bytes).

994 unused section(s) (total 21976 bytes) removed from the image.

==============================================================================

Image Symbol Table

    Local Symbols

    Symbol Name                              Value     Ov Type        Size  Object(Section)

    ../Firmware/CMSIS/GD/GD32E23x/Source/system_gd32e23x.c 0x00000000   Number         0  system_gd32e23x.o ABSOLUTE
    ../Firmware/GD32E23x_standard_peripheral/Source/gd32e23x_adc.c 0x00000000   Number         0  gd32e23x_adc.o ABSOLUTE
    ../Firmware/GD32E23x_standard_peripheral/Source/gd32e23x_cmp.c 0x00000000   Number         0  gd32e23x_cmp.o ABSOLUTE
    ../Firmware/GD32E23x_standard_peripheral/Source/gd32e23x_crc.c 0x00000000   Number         0  gd32e23x_crc.o ABSOLUTE
    ../Firmware/GD32E23x_standard_peripheral/Source/gd32e23x_dbg.c 0x00000000   Number         0  gd32e23x_dbg.o ABSOLUTE
    ../Firmware/GD32E23x_standard_peripheral/Source/gd32e23x_dma.c 0x00000000   Number         0  gd32e23x_dma.o ABSOLUTE
    ../Firmware/GD32E23x_standard_peripheral/Source/gd32e23x_exti.c 0x00000000   Number         0  gd32e23x_exti.o ABSOLUTE
    ../Firmware/GD32E23x_standard_peripheral/Source/gd32e23x_fmc.c 0x00000000   Number         0  gd32e23x_fmc.o ABSOLUTE
    ../Firmware/GD32E23x_standard_peripheral/Source/gd32e23x_fwdgt.c 0x00000000   Number         0  gd32e23x_fwdgt.o ABSOLUTE
    ../Firmware/GD32E23x_standard_peripheral/Source/gd32e23x_gpio.c 0x00000000   Number         0  gd32e23x_gpio.o ABSOLUTE
    ../Firmware/GD32E23x_standard_peripheral/Source/gd32e23x_i2c.c 0x00000000   Number         0  gd32e23x_i2c.o ABSOLUTE
    ../Firmware/GD32E23x_standard_peripheral/Source/gd32e23x_misc.c 0x00000000   Number         0  gd32e23x_misc.o ABSOLUTE
    ../Firmware/GD32E23x_standard_peripheral/Source/gd32e23x_pmu.c 0x00000000   Number         0  gd32e23x_pmu.o ABSOLUTE
    ../Firmware/GD32E23x_standard_peripheral/Source/gd32e23x_rcu.c 0x00000000   Number         0  gd32e23x_rcu.o ABSOLUTE
    ../Firmware/GD32E23x_standard_peripheral/Source/gd32e23x_rtc.c 0x00000000   Number         0  gd32e23x_rtc.o ABSOLUTE
    ../Firmware/GD32E23x_standard_peripheral/Source/gd32e23x_spi.c 0x00000000   Number         0  gd32e23x_spi.o ABSOLUTE
    ../Firmware/GD32E23x_standard_peripheral/Source/gd32e23x_syscfg.c 0x00000000   Number         0  gd32e23x_syscfg.o ABSOLUTE
    ../Firmware/GD32E23x_standard_peripheral/Source/gd32e23x_timer.c 0x00000000   Number         0  gd32e23x_timer.o ABSOLUTE
    ../Firmware/GD32E23x_standard_peripheral/Source/gd32e23x_usart.c 0x00000000   Number         0  gd32e23x_usart.o ABSOLUTE
    ../Firmware/GD32E23x_standard_peripheral/Source/gd32e23x_wwdgt.c 0x00000000   Number         0  gd32e23x_wwdgt.o ABSOLUTE
    ../Hardware/usart.c                      0x00000000   Number         0  usart.o ABSOLUTE
    ../User/gd32e23x_it.c                    0x00000000   Number         0  gd32e23x_it.o ABSOLUTE
    ../User/main.c                           0x00000000   Number         0  main.o ABSOLUTE
    ../User/systick.c                        0x00000000   Number         0  systick.o ABSOLUTE
    ../clib/microlib/init/entry.s            0x00000000   Number         0  entry9a.o ABSOLUTE
    ../clib/microlib/init/entry.s            0x00000000   Number         0  entry8b.o ABSOLUTE
    ../clib/microlib/init/entry.s            0x00000000   Number         0  entry8a.o ABSOLUTE
    ../clib/microlib/init/entry.s            0x00000000   Number         0  entry7b.o ABSOLUTE
    ../clib/microlib/init/entry.s            0x00000000   Number         0  entry.o ABSOLUTE
    ../clib/microlib/init/entry.s            0x00000000   Number         0  entry2.o ABSOLUTE
    ../clib/microlib/init/entry.s            0x00000000   Number         0  entry5.o ABSOLUTE
    ../clib/microlib/init/entry.s            0x00000000   Number         0  entry7a.o ABSOLUTE
    ../clib/microlib/init/entry.s            0x00000000   Number         0  entry9b.o ABSOLUTE
    ../clib/microlib/init/entry.s            0x00000000   Number         0  entry11b.o ABSOLUTE
    ../clib/microlib/init/entry.s            0x00000000   Number         0  entry11a.o ABSOLUTE
    ../clib/microlib/init/entry.s            0x00000000   Number         0  entry10b.o ABSOLUTE
    ../clib/microlib/init/entry.s            0x00000000   Number         0  entry10a.o ABSOLUTE
    ../clib/microlib/stdio/puts.c            0x00000000   Number         0  puts.o ABSOLUTE
    ../clib/microlib/stdio/puts.c            0x00000000   Number         0  puts_e.o ABSOLUTE
    ../clib/microlib/stdio/streams.c         0x00000000   Number         0  stdout.o ABSOLUTE
    ../clib/microlib/stubs.s                 0x00000000   Number         0  iusefp.o ABSOLUTE
    ../fplib/microlib/fpdiv.c                0x00000000   Number         0  fdiv.o ABSOLUTE
    ../fplib/microlib/fpepilogue.c           0x00000000   Number         0  fepilogue.o ABSOLUTE
    ../fplib/microlib/fpfix.c                0x00000000   Number         0  ffixui.o ABSOLUTE
    ../fplib/microlib/fpflt.c                0x00000000   Number         0  ffltui.o ABSOLUTE
    ../fplib/microlib/fpmul.c                0x00000000   Number         0  fmul.o ABSOLUTE
    ..\Firmware\CMSIS\GD\GD32E23x\Source\ARM\startup_gd32e23x.s 0x00000000   Number         0  startup_gd32e23x.o ABSOLUTE
    dc.s                                     0x00000000   Number         0  dc.o ABSOLUTE
    handlers.s                               0x00000000   Number         0  handlers.o ABSOLUTE
    init.s                                   0x00000000   Number         0  init.o ABSOLUTE
    RESET                                    0x08000000   Section      204  startup_gd32e23x.o(RESET)
    .ARM.Collect$$$$00000000                 0x080000cc   Section        0  entry.o(.ARM.Collect$$$$00000000)
    .ARM.Collect$$$$00000001                 0x080000cc   Section        4  entry2.o(.ARM.Collect$$$$00000001)
    .ARM.Collect$$$$00000004                 0x080000d0   Section        4  entry5.o(.ARM.Collect$$$$00000004)
    .ARM.Collect$$$$00000008                 0x080000d4   Section        0  entry7b.o(.ARM.Collect$$$$00000008)
    .ARM.Collect$$$$0000000A                 0x080000d4   Section        0  entry8b.o(.ARM.Collect$$$$0000000A)
    .ARM.Collect$$$$0000000B                 0x080000d4   Section        8  entry9a.o(.ARM.Collect$$$$0000000B)
    .ARM.Collect$$$$0000000D                 0x080000dc   Section        0  entry10a.o(.ARM.Collect$$$$0000000D)
    .ARM.Collect$$$$0000000F                 0x080000dc   Section        0  entry11a.o(.ARM.Collect$$$$0000000F)
    .ARM.Collect$$$$00002712                 0x080000dc   Section        4  entry2.o(.ARM.Collect$$$$00002712)
    __lit__00000000                          0x080000dc   Data           4  entry2.o(.ARM.Collect$$$$00002712)
    .text                                    0x080000e0   Section       28  startup_gd32e23x.o(.text)
    .text                                    0x080000fc   Section        0  fmul.o(.text)
    .text                                    0x08000176   Section        0  fdiv.o(.text)
    .text                                    0x080001f2   Section        0  ffltui.o(.text)
    .text                                    0x08000200   Section        0  fepilogue.o(.text)
    .text                                    0x08000200   Section        0  iusefp.o(.text)
    .text                                    0x08000284   Section       36  init.o(.text)
    [Anonymous Symbol]                       0x080002a8   Section        0  main.o(.text.EXTI0_1_IRQHandler)
    __arm_cp.1_2                             0x08000300   Number         4  main.o(.text.EXTI0_1_IRQHandler)
    [Anonymous Symbol]                       0x08000304   Section        0  gd32e23x_it.o(.text.HardFault_Handler)
    [Anonymous Symbol]                       0x08000306   Section        0  gd32e23x_it.o(.text.NMI_Handler)
    [Anonymous Symbol]                       0x08000308   Section        0  gd32e23x_it.o(.text.PendSV_Handler)
    [Anonymous Symbol]                       0x0800030a   Section        0  gd32e23x_it.o(.text.SVC_Handler)
    [Anonymous Symbol]                       0x0800030c   Section        0  gd32e23x_it.o(.text.SysTick_Handler)
    [Anonymous Symbol]                       0x08000310   Section        0  system_gd32e23x.o(.text.SystemInit)
    __arm_cp.0_0                             0x08000430   Number         4  system_gd32e23x.o(.text.SystemInit)
    __arm_cp.0_1                             0x08000434   Number         4  system_gd32e23x.o(.text.SystemInit)
    __arm_cp.0_2                             0x08000438   Number         4  system_gd32e23x.o(.text.SystemInit)
    __arm_cp.0_3                             0x0800043c   Number         4  system_gd32e23x.o(.text.SystemInit)
    __arm_cp.0_4                             0x08000440   Number         4  system_gd32e23x.o(.text.SystemInit)
    __arm_cp.0_5                             0x08000444   Number         4  system_gd32e23x.o(.text.SystemInit)
    [Anonymous Symbol]                       0x08000448   Section        0  gd32e23x_exti.o(.text.exti_init)
    __arm_cp.1_0                             0x080004ac   Number         4  gd32e23x_exti.o(.text.exti_init)
    [Anonymous Symbol]                       0x080004b0   Section        0  gd32e23x_exti.o(.text.exti_interrupt_enable)
    __arm_cp.2_0                             0x080004bc   Number         4  gd32e23x_exti.o(.text.exti_interrupt_enable)
    [Anonymous Symbol]                       0x080004c0   Section        0  gd32e23x_exti.o(.text.exti_interrupt_flag_clear)
    [Anonymous Symbol]                       0x080004c8   Section        0  gd32e23x_exti.o(.text.exti_interrupt_flag_get)
    __arm_cp.10_0                            0x080004d8   Number         4  gd32e23x_exti.o(.text.exti_interrupt_flag_get)
    [Anonymous Symbol]                       0x080004dc   Section        0  usart.o(.text.fputc)
    __arm_cp.3_0                             0x080004fc   Number         4  usart.o(.text.fputc)
    __arm_cp.3_1                             0x08000500   Number         4  usart.o(.text.fputc)
    [Anonymous Symbol]                       0x08000504   Section        0  gd32e23x_gpio.o(.text.gpio_af_set)
    __arm_cp.11_0                            0x08000638   Number         4  gd32e23x_gpio.o(.text.gpio_af_set)
    __arm_cp.11_1                            0x0800063c   Number         4  gd32e23x_gpio.o(.text.gpio_af_set)
    __arm_cp.11_2                            0x08000640   Number         4  gd32e23x_gpio.o(.text.gpio_af_set)
    __arm_cp.11_3                            0x08000644   Number         4  gd32e23x_gpio.o(.text.gpio_af_set)
    __arm_cp.11_4                            0x08000648   Number         4  gd32e23x_gpio.o(.text.gpio_af_set)
    __arm_cp.11_5                            0x0800064c   Number         4  gd32e23x_gpio.o(.text.gpio_af_set)
    [Anonymous Symbol]                       0x08000650   Section        0  gd32e23x_gpio.o(.text.gpio_bit_reset)
    [Anonymous Symbol]                       0x08000654   Section        0  gd32e23x_gpio.o(.text.gpio_bit_toggle)
    [Anonymous Symbol]                       0x08000658   Section        0  gd32e23x_gpio.o(.text.gpio_input_bit_get)
    [Anonymous Symbol]                       0x08000664   Section        0  gd32e23x_gpio.o(.text.gpio_mode_set)
    __arm_cp.1_0                             0x08000818   Number         4  gd32e23x_gpio.o(.text.gpio_mode_set)
    __arm_cp.1_1                             0x0800081c   Number         4  gd32e23x_gpio.o(.text.gpio_mode_set)
    __arm_cp.1_2                             0x08000820   Number         4  gd32e23x_gpio.o(.text.gpio_mode_set)
    __arm_cp.1_3                             0x08000824   Number         4  gd32e23x_gpio.o(.text.gpio_mode_set)
    __arm_cp.1_4                             0x08000828   Number         4  gd32e23x_gpio.o(.text.gpio_mode_set)
    __arm_cp.1_5                             0x0800082c   Number         4  gd32e23x_gpio.o(.text.gpio_mode_set)
    __arm_cp.1_6                             0x08000830   Number         4  gd32e23x_gpio.o(.text.gpio_mode_set)
    __arm_cp.1_7                             0x08000834   Number         4  gd32e23x_gpio.o(.text.gpio_mode_set)
    __arm_cp.1_8                             0x08000838   Number         4  gd32e23x_gpio.o(.text.gpio_mode_set)
    __arm_cp.1_9                             0x0800083c   Number         4  gd32e23x_gpio.o(.text.gpio_mode_set)
    __arm_cp.1_10                            0x08000840   Number         4  gd32e23x_gpio.o(.text.gpio_mode_set)
    __arm_cp.1_11                            0x08000844   Number         4  gd32e23x_gpio.o(.text.gpio_mode_set)
    [Anonymous Symbol]                       0x08000848   Section        0  gd32e23x_gpio.o(.text.gpio_output_options_set)
    [Anonymous Symbol]                       0x08000988   Section        0  main.o(.text.main)
    __arm_cp.2_0                             0x08000a08   Number         4  main.o(.text.main)
    __arm_cp.2_1                             0x08000a0c   Number         4  main.o(.text.main)
    [Anonymous Symbol]                       0x08000a10   Section        0  gd32e23x_misc.o(.text.nvic_irq_enable)
    __arm_cp.0_0                             0x08000a64   Number         4  gd32e23x_misc.o(.text.nvic_irq_enable)
    __arm_cp.0_1                             0x08000a68   Number         4  gd32e23x_misc.o(.text.nvic_irq_enable)
    __arm_cp.0_2                             0x08000a6c   Number         4  gd32e23x_misc.o(.text.nvic_irq_enable)
    __arm_cp.0_3                             0x08000a70   Number         4  gd32e23x_misc.o(.text.nvic_irq_enable)
    [Anonymous Symbol]                       0x08000a74   Section        0  gd32e23x_misc.o(.text.nvic_vector_table_set)
    __arm_cp.3_0                             0x08000a84   Number         4  gd32e23x_misc.o(.text.nvic_vector_table_set)
    __arm_cp.3_1                             0x08000a88   Number         4  gd32e23x_misc.o(.text.nvic_vector_table_set)
    [Anonymous Symbol]                       0x08000a8c   Section        0  gd32e23x_rcu.o(.text.rcu_clock_freq_get)
    __arm_cp.33_0                            0x08000bf0   Number         4  gd32e23x_rcu.o(.text.rcu_clock_freq_get)
    __arm_cp.33_1                            0x08000bf4   Number         4  gd32e23x_rcu.o(.text.rcu_clock_freq_get)
    __arm_cp.33_2                            0x08000bf8   Number         4  gd32e23x_rcu.o(.text.rcu_clock_freq_get)
    rcu_clock_freq_get.ahb_exp               0x08000bfc   Number         0  gd32e23x_rcu.o(.text.rcu_clock_freq_get)
    rcu_clock_freq_get.apb2_exp              0x08000c0c   Number         0  gd32e23x_rcu.o(.text.rcu_clock_freq_get)
    __arm_cp.33_5                            0x08000c14   Number         4  gd32e23x_rcu.o(.text.rcu_clock_freq_get)
    __arm_cp.33_6                            0x08000c18   Number         4  gd32e23x_rcu.o(.text.rcu_clock_freq_get)
    [Anonymous Symbol]                       0x08000c1c   Section        0  gd32e23x_rcu.o(.text.rcu_periph_clock_enable)
    [Anonymous Symbol]                       0x08000c30   Section        0  gd32e23x_rcu.o(.text.rcu_periph_reset_disable)
    [Anonymous Symbol]                       0x08000c44   Section        0  gd32e23x_rcu.o(.text.rcu_periph_reset_enable)
    __arm_cp.5_0                             0x08000c58   Number         4  gd32e23x_rcu.o(.text.rcu_periph_reset_enable)
    [Anonymous Symbol]                       0x08000c5c   Section        0  gd32e23x_syscfg.o(.text.syscfg_exti_line_config)
    __arm_cp.5_0                             0x08000cb8   Number         4  gd32e23x_syscfg.o(.text.syscfg_exti_line_config)
    [Anonymous Symbol]                       0x08000cbc   Section        0  gd32e23x_misc.o(.text.systick_clksource_set)
    __arm_cp.6_0                             0x08000cd4   Number         4  gd32e23x_misc.o(.text.systick_clksource_set)
    [Anonymous Symbol]                       0x08000cd8   Section        0  systick.o(.text.systick_config)
    __arm_cp.0_0                             0x08000d00   Number         4  systick.o(.text.systick_config)
    __arm_cp.0_1                             0x08000d04   Number         4  systick.o(.text.systick_config)
    __arm_cp.0_2                             0x08000d08   Number         4  systick.o(.text.systick_config)
    __arm_cp.0_3                             0x08000d0c   Number         4  systick.o(.text.systick_config)
    [Anonymous Symbol]                       0x08000d10   Section        0  gd32e23x_usart.o(.text.usart_baudrate_set)
    __arm_cp.1_0                             0x08000d64   Number         4  gd32e23x_usart.o(.text.usart_baudrate_set)
    [Anonymous Symbol]                       0x08000d68   Section        0  gd32e23x_usart.o(.text.usart_data_transmit)
    __arm_cp.18_0                            0x08000d70   Number         4  gd32e23x_usart.o(.text.usart_data_transmit)
    [Anonymous Symbol]                       0x08000d74   Section        0  gd32e23x_usart.o(.text.usart_deinit)
    __arm_cp.0_0                             0x08000d98   Number         4  gd32e23x_usart.o(.text.usart_deinit)
    __arm_cp.0_2                             0x08000d9c   Number         4  gd32e23x_usart.o(.text.usart_deinit)
    __arm_cp.0_3                             0x08000da0   Number         4  gd32e23x_usart.o(.text.usart_deinit)
    [Anonymous Symbol]                       0x08000da4   Section        0  gd32e23x_usart.o(.text.usart_enable)
    [Anonymous Symbol]                       0x08000dae   Section        0  gd32e23x_usart.o(.text.usart_flag_get)
    [Anonymous Symbol]                       0x08000dc8   Section        0  usart.o(.text.usart_init)
    __arm_cp.0_0                             0x08000e80   Number         4  usart.o(.text.usart_init)
    __arm_cp.0_1                             0x08000e84   Number         4  usart.o(.text.usart_init)
    [Anonymous Symbol]                       0x08000e88   Section        0  gd32e23x_usart.o(.text.usart_parity_config)
    [Anonymous Symbol]                       0x08000ea2   Section        0  gd32e23x_usart.o(.text.usart_receive_config)
    [Anonymous Symbol]                       0x08000eb2   Section        0  gd32e23x_usart.o(.text.usart_stop_bit_set)
    [Anonymous Symbol]                       0x08000ecc   Section        0  gd32e23x_usart.o(.text.usart_transmit_config)
    [Anonymous Symbol]                       0x08000edc   Section        0  gd32e23x_usart.o(.text.usart_word_length_set)
    i.__scatterload_copy                     0x08000ef6   Section       14  handlers.o(i.__scatterload_copy)
    i.__scatterload_null                     0x08000f04   Section        2  handlers.o(i.__scatterload_null)
    i.__scatterload_zeroinit                 0x08000f06   Section       14  handlers.o(i.__scatterload_zeroinit)
    i.puts                                   0x08000f14   Section        0  puts.o(i.puts)
    .data                                    0x20000000   Section        4  stdout.o(.data)
    [Anonymous Symbol]                       0x20000008   Section        0  systick.o(.bss..L_MergedGlobals)
    count_1us                                0x20000008   Data           4  systick.o(.bss..L_MergedGlobals)
    count_1ms                                0x2000000c   Data           4  systick.o(.bss..L_MergedGlobals)
    STACK                                    0x20000010   Section     1024  startup_gd32e23x.o(STACK)

    Global Symbols

    Symbol Name                              Value     Ov Type        Size  Object(Section)

    BuildAttributes$$THM_ISAv3M$S$8M$PE$A:L22$X:L11$S22$IEEE1$IW$~IW$USESV6$~STKCKD$USESV7$~SHL$OTIME$ROPI$EBA8$MICROLIB$REQ8$PRES8$EABIv2 0x00000000   Number         0  anon$$obj.o ABSOLUTE
    __cpp_initialize__aeabi_                  - Undefined Weak Reference
    __cxa_finalize                            - Undefined Weak Reference
    __decompress                              - Undefined Weak Reference
    _clock_init                               - Undefined Weak Reference
    _microlib_exit                            - Undefined Weak Reference
    __Vectors_Size                           0x000000cc   Number         0  startup_gd32e23x.o ABSOLUTE
    __Vectors                                0x08000000   Data           4  startup_gd32e23x.o(RESET)
    __Vectors_End                            0x080000cc   Data           0  startup_gd32e23x.o(RESET)
    __main                                   0x080000cd   Thumb Code     0  entry.o(.ARM.Collect$$$$00000000)
    _main_stk                                0x080000cd   Thumb Code     0  entry2.o(.ARM.Collect$$$$00000001)
    _main_scatterload                        0x080000d1   Thumb Code     0  entry5.o(.ARM.Collect$$$$00000004)
    __main_after_scatterload                 0x080000d5   Thumb Code     0  entry5.o(.ARM.Collect$$$$00000004)
    _main_clock                              0x080000d5   Thumb Code     0  entry7b.o(.ARM.Collect$$$$00000008)
    _main_cpp_init                           0x080000d5   Thumb Code     0  entry8b.o(.ARM.Collect$$$$0000000A)
    _main_init                               0x080000d5   Thumb Code     0  entry9a.o(.ARM.Collect$$$$0000000B)
    __rt_final_cpp                           0x080000dd   Thumb Code     0  entry10a.o(.ARM.Collect$$$$0000000D)
    __rt_final_exit                          0x080000dd   Thumb Code     0  entry11a.o(.ARM.Collect$$$$0000000F)
    Reset_Handler                            0x080000e1   Thumb Code     8  startup_gd32e23x.o(.text)
    ADC_CMP_IRQHandler                       0x080000f3   Thumb Code     0  startup_gd32e23x.o(.text)
    DMA_Channel0_IRQHandler                  0x080000f3   Thumb Code     0  startup_gd32e23x.o(.text)
    DMA_Channel1_2_IRQHandler                0x080000f3   Thumb Code     0  startup_gd32e23x.o(.text)
    DMA_Channel3_4_IRQHandler                0x080000f3   Thumb Code     0  startup_gd32e23x.o(.text)
    EXTI2_3_IRQHandler                       0x080000f3   Thumb Code     0  startup_gd32e23x.o(.text)
    EXTI4_15_IRQHandler                      0x080000f3   Thumb Code     0  startup_gd32e23x.o(.text)
    FMC_IRQHandler                           0x080000f3   Thumb Code     0  startup_gd32e23x.o(.text)
    I2C0_ER_IRQHandler                       0x080000f3   Thumb Code     0  startup_gd32e23x.o(.text)
    I2C0_EV_IRQHandler                       0x080000f3   Thumb Code     0  startup_gd32e23x.o(.text)
    I2C1_ER_IRQHandler                       0x080000f3   Thumb Code     0  startup_gd32e23x.o(.text)
    I2C1_EV_IRQHandler                       0x080000f3   Thumb Code     0  startup_gd32e23x.o(.text)
    LVD_IRQHandler                           0x080000f3   Thumb Code     0  startup_gd32e23x.o(.text)
    RCU_IRQHandler                           0x080000f3   Thumb Code     0  startup_gd32e23x.o(.text)
    RTC_IRQHandler                           0x080000f3   Thumb Code     0  startup_gd32e23x.o(.text)
    SPI0_IRQHandler                          0x080000f3   Thumb Code     0  startup_gd32e23x.o(.text)
    SPI1_IRQHandler                          0x080000f3   Thumb Code     0  startup_gd32e23x.o(.text)
    TIMER0_BRK_UP_TRG_COM_IRQHandler         0x080000f3   Thumb Code     0  startup_gd32e23x.o(.text)
    TIMER0_Channel_IRQHandler                0x080000f3   Thumb Code     0  startup_gd32e23x.o(.text)
    TIMER13_IRQHandler                       0x080000f3   Thumb Code     0  startup_gd32e23x.o(.text)
    TIMER14_IRQHandler                       0x080000f3   Thumb Code     0  startup_gd32e23x.o(.text)
    TIMER15_IRQHandler                       0x080000f3   Thumb Code     0  startup_gd32e23x.o(.text)
    TIMER16_IRQHandler                       0x080000f3   Thumb Code     0  startup_gd32e23x.o(.text)
    TIMER2_IRQHandler                        0x080000f3   Thumb Code     0  startup_gd32e23x.o(.text)
    TIMER5_IRQHandler                        0x080000f3   Thumb Code     0  startup_gd32e23x.o(.text)
    USART0_IRQHandler                        0x080000f3   Thumb Code     0  startup_gd32e23x.o(.text)
    USART1_IRQHandler                        0x080000f3   Thumb Code     0  startup_gd32e23x.o(.text)
    WWDGT_IRQHandler                         0x080000f3   Thumb Code     0  startup_gd32e23x.o(.text)
    __aeabi_fmul                             0x080000fd   Thumb Code   122  fmul.o(.text)
    __aeabi_fdiv                             0x08000177   Thumb Code   124  fdiv.o(.text)
    __aeabi_ui2f                             0x080001f3   Thumb Code    14  ffltui.o(.text)
    __I$use$fp                               0x08000201   Thumb Code     0  iusefp.o(.text)
    _float_round                             0x08000201   Thumb Code    16  fepilogue.o(.text)
    _float_epilogue                          0x08000211   Thumb Code   114  fepilogue.o(.text)
    __scatterload                            0x08000285   Thumb Code    28  init.o(.text)
    __scatterload_rt2                        0x08000285   Thumb Code     0  init.o(.text)
    EXTI0_1_IRQHandler                       0x080002a9   Thumb Code    92  main.o(.text.EXTI0_1_IRQHandler)
    HardFault_Handler                        0x08000305   Thumb Code     2  gd32e23x_it.o(.text.HardFault_Handler)
    NMI_Handler                              0x08000307   Thumb Code     2  gd32e23x_it.o(.text.NMI_Handler)
    PendSV_Handler                           0x08000309   Thumb Code     2  gd32e23x_it.o(.text.PendSV_Handler)
    SVC_Handler                              0x0800030b   Thumb Code     2  gd32e23x_it.o(.text.SVC_Handler)
    SysTick_Handler                          0x0800030d   Thumb Code     2  gd32e23x_it.o(.text.SysTick_Handler)
    SystemInit                               0x08000311   Thumb Code   312  system_gd32e23x.o(.text.SystemInit)
    exti_init                                0x08000449   Thumb Code   104  gd32e23x_exti.o(.text.exti_init)
    exti_interrupt_enable                    0x080004b1   Thumb Code    16  gd32e23x_exti.o(.text.exti_interrupt_enable)
    exti_interrupt_flag_clear                0x080004c1   Thumb Code    12  gd32e23x_exti.o(.text.exti_interrupt_flag_clear)
    exti_interrupt_flag_get                  0x080004c9   Thumb Code    20  gd32e23x_exti.o(.text.exti_interrupt_flag_get)
    fputc                                    0x080004dd   Thumb Code    40  usart.o(.text.fputc)
    gpio_af_set                              0x08000505   Thumb Code   332  gd32e23x_gpio.o(.text.gpio_af_set)
    gpio_bit_reset                           0x08000651   Thumb Code     4  gd32e23x_gpio.o(.text.gpio_bit_reset)
    gpio_bit_toggle                          0x08000655   Thumb Code     4  gd32e23x_gpio.o(.text.gpio_bit_toggle)
    gpio_input_bit_get                       0x08000659   Thumb Code    12  gd32e23x_gpio.o(.text.gpio_input_bit_get)
    gpio_mode_set                            0x08000665   Thumb Code   484  gd32e23x_gpio.o(.text.gpio_mode_set)
    gpio_output_options_set                  0x08000849   Thumb Code   320  gd32e23x_gpio.o(.text.gpio_output_options_set)
    main                                     0x08000989   Thumb Code   136  main.o(.text.main)
    nvic_irq_enable                          0x08000a11   Thumb Code   100  gd32e23x_misc.o(.text.nvic_irq_enable)
    nvic_vector_table_set                    0x08000a75   Thumb Code    24  gd32e23x_misc.o(.text.nvic_vector_table_set)
    rcu_clock_freq_get                       0x08000a8d   Thumb Code   400  gd32e23x_rcu.o(.text.rcu_clock_freq_get)
    rcu_periph_clock_enable                  0x08000c1d   Thumb Code    24  gd32e23x_rcu.o(.text.rcu_periph_clock_enable)
    rcu_periph_reset_disable                 0x08000c31   Thumb Code    24  gd32e23x_rcu.o(.text.rcu_periph_reset_disable)
    rcu_periph_reset_enable                  0x08000c45   Thumb Code    24  gd32e23x_rcu.o(.text.rcu_periph_reset_enable)
    syscfg_exti_line_config                  0x08000c5d   Thumb Code    96  gd32e23x_syscfg.o(.text.syscfg_exti_line_config)
    systick_clksource_set                    0x08000cbd   Thumb Code    28  gd32e23x_misc.o(.text.systick_clksource_set)
    systick_config                           0x08000cd9   Thumb Code    56  systick.o(.text.systick_config)
    usart_baudrate_set                       0x08000d11   Thumb Code    96  gd32e23x_usart.o(.text.usart_baudrate_set)
    usart_data_transmit                      0x08000d69   Thumb Code    12  gd32e23x_usart.o(.text.usart_data_transmit)
    usart_deinit                             0x08000d75   Thumb Code    52  gd32e23x_usart.o(.text.usart_deinit)
    usart_enable                             0x08000da5   Thumb Code    10  gd32e23x_usart.o(.text.usart_enable)
    usart_flag_get                           0x08000daf   Thumb Code    26  gd32e23x_usart.o(.text.usart_flag_get)
    usart_init                               0x08000dc9   Thumb Code   192  usart.o(.text.usart_init)
    usart_parity_config                      0x08000e89   Thumb Code    26  gd32e23x_usart.o(.text.usart_parity_config)
    usart_receive_config                     0x08000ea3   Thumb Code    16  gd32e23x_usart.o(.text.usart_receive_config)
    usart_stop_bit_set                       0x08000eb3   Thumb Code    26  gd32e23x_usart.o(.text.usart_stop_bit_set)
    usart_transmit_config                    0x08000ecd   Thumb Code    16  gd32e23x_usart.o(.text.usart_transmit_config)
    usart_word_length_set                    0x08000edd   Thumb Code    26  gd32e23x_usart.o(.text.usart_word_length_set)
    __scatterload_copy                       0x08000ef7   Thumb Code    14  handlers.o(i.__scatterload_copy)
    __scatterload_null                       0x08000f05   Thumb Code     2  handlers.o(i.__scatterload_null)
    __scatterload_zeroinit                   0x08000f07   Thumb Code    14  handlers.o(i.__scatterload_zeroinit)
    puts                                     0x08000f15   Thumb Code    28  puts.o(i.puts)
    Region$$Table$$Base                      0x08000f34   Number         0  anon$$obj.o(Region$$Table)
    Region$$Table$$Limit                     0x08000f54   Number         0  anon$$obj.o(Region$$Table)
    __stdout                                 0x20000000   Data           4  stdout.o(.data)
    SystemCoreClock                          0x20000004   Data           4  system_gd32e23x.o(.data.SystemCoreClock)
    __initial_sp                             0x20000410   Data           0  startup_gd32e23x.o(STACK)



==============================================================================

Memory Map of the image

  Image Entry point : 0x080000cd

  Load Region LR_IROM1 (Base: 0x08000000, Size: 0x00000f60, Max: 0x00010000, ABSOLUTE)

    Execution Region ER_IROM1 (Exec base: 0x08000000, Load base: 0x08000000, Size: 0x00000f54, Max: 0x00010000, ABSOLUTE)

    Exec Addr    Load Addr    Size         Type   Attr      Idx    E Section Name        Object

    0x08000000   0x08000000   0x000000cc   Data   RO         1275    RESET               startup_gd32e23x.o
    0x080000cc   0x080000cc   0x00000000   Code   RO         1282  * .ARM.Collect$$$$00000000  mc_p.l(entry.o)
    0x080000cc   0x080000cc   0x00000004   Code   RO         1297    .ARM.Collect$$$$00000001  mc_p.l(entry2.o)
    0x080000d0   0x080000d0   0x00000004   Code   RO         1300    .ARM.Collect$$$$00000004  mc_p.l(entry5.o)
    0x080000d4   0x080000d4   0x00000000   Code   RO         1302    .ARM.Collect$$$$00000008  mc_p.l(entry7b.o)
    0x080000d4   0x080000d4   0x00000000   Code   RO         1304    .ARM.Collect$$$$0000000A  mc_p.l(entry8b.o)
    0x080000d4   0x080000d4   0x00000008   Code   RO         1305    .ARM.Collect$$$$0000000B  mc_p.l(entry9a.o)
    0x080000dc   0x080000dc   0x00000000   Code   RO         1307    .ARM.Collect$$$$0000000D  mc_p.l(entry10a.o)
    0x080000dc   0x080000dc   0x00000000   Code   RO         1309    .ARM.Collect$$$$0000000F  mc_p.l(entry11a.o)
    0x080000dc   0x080000dc   0x00000004   Code   RO         1298    .ARM.Collect$$$$00002712  mc_p.l(entry2.o)
    0x080000e0   0x080000e0   0x0000001c   Code   RO         1276    .text               startup_gd32e23x.o
    0x080000fc   0x080000fc   0x0000007a   Code   RO         1289    .text               mf_p.l(fmul.o)
    0x08000176   0x08000176   0x0000007c   Code   RO         1291    .text               mf_p.l(fdiv.o)
    0x080001f2   0x080001f2   0x0000000e   Code   RO         1293    .text               mf_p.l(ffltui.o)
    0x08000200   0x08000200   0x00000000   Code   RO         1312    .text               mc_p.l(iusefp.o)
    0x08000200   0x08000200   0x00000082   Code   RO         1313    .text               mf_p.l(fepilogue.o)
    0x08000282   0x08000282   0x00000002   PAD
    0x08000284   0x08000284   0x00000024   Code   RO         1315    .text               mc_p.l(init.o)
    0x080002a8   0x080002a8   0x0000005c   Code   RO           24    .text.EXTI0_1_IRQHandler  main.o
    0x08000304   0x08000304   0x00000002   Code   RO            4    .text.HardFault_Handler  gd32e23x_it.o
    0x08000306   0x08000306   0x00000002   Code   RO            2    .text.NMI_Handler   gd32e23x_it.o
    0x08000308   0x08000308   0x00000002   Code   RO            8    .text.PendSV_Handler  gd32e23x_it.o
    0x0800030a   0x0800030a   0x00000002   Code   RO            6    .text.SVC_Handler   gd32e23x_it.o
    0x0800030c   0x0800030c   0x00000002   Code   RO           10    .text.SysTick_Handler  gd32e23x_it.o
    0x0800030e   0x0800030e   0x00000002   PAD
    0x08000310   0x08000310   0x00000138   Code   RO         1258    .text.SystemInit    system_gd32e23x.o
    0x08000448   0x08000448   0x00000068   Code   RO          312    .text.exti_init     gd32e23x_exti.o
    0x080004b0   0x080004b0   0x00000010   Code   RO          314    .text.exti_interrupt_enable  gd32e23x_exti.o
    0x080004c0   0x080004c0   0x00000008   Code   RO          332    .text.exti_interrupt_flag_clear  gd32e23x_exti.o
    0x080004c8   0x080004c8   0x00000014   Code   RO          330    .text.exti_interrupt_flag_get  gd32e23x_exti.o
    0x080004dc   0x080004dc   0x00000028   Code   RO           64    .text.fputc         usart.o
    0x08000504   0x08000504   0x0000014c   Code   RO          467    .text.gpio_af_set   gd32e23x_gpio.o
    0x08000650   0x08000650   0x00000004   Code   RO          453    .text.gpio_bit_reset  gd32e23x_gpio.o
    0x08000654   0x08000654   0x00000004   Code   RO          471    .text.gpio_bit_toggle  gd32e23x_gpio.o
    0x08000658   0x08000658   0x0000000c   Code   RO          459    .text.gpio_input_bit_get  gd32e23x_gpio.o
    0x08000664   0x08000664   0x000001e4   Code   RO          447    .text.gpio_mode_set  gd32e23x_gpio.o
    0x08000848   0x08000848   0x00000140   Code   RO          449    .text.gpio_output_options_set  gd32e23x_gpio.o
    0x08000988   0x08000988   0x00000088   Code   RO           26    .text.main          main.o
    0x08000a10   0x08000a10   0x00000064   Code   RO          567    .text.nvic_irq_enable  gd32e23x_misc.o
    0x08000a74   0x08000a74   0x00000018   Code   RO          573    .text.nvic_vector_table_set  gd32e23x_misc.o
    0x08000a8c   0x08000a8c   0x00000190   Code   RO          695    .text.rcu_clock_freq_get  gd32e23x_rcu.o
    0x08000c1c   0x08000c1c   0x00000014   Code   RO          631    .text.rcu_periph_clock_enable  gd32e23x_rcu.o
    0x08000c30   0x08000c30   0x00000014   Code   RO          641    .text.rcu_periph_reset_disable  gd32e23x_rcu.o
    0x08000c44   0x08000c44   0x00000018   Code   RO          639    .text.rcu_periph_reset_enable  gd32e23x_rcu.o
    0x08000c5c   0x08000c5c   0x00000060   Code   RO          902    .text.syscfg_exti_line_config  gd32e23x_syscfg.o
    0x08000cbc   0x08000cbc   0x0000001c   Code   RO          579    .text.systick_clksource_set  gd32e23x_misc.o
    0x08000cd8   0x08000cd8   0x00000038   Code   RO           40    .text.systick_config  systick.o
    0x08000d10   0x08000d10   0x00000058   Code   RO         1082    .text.usart_baudrate_set  gd32e23x_usart.o
    0x08000d68   0x08000d68   0x0000000c   Code   RO         1116    .text.usart_data_transmit  gd32e23x_usart.o
    0x08000d74   0x08000d74   0x00000030   Code   RO         1080    .text.usart_deinit  gd32e23x_usart.o
    0x08000da4   0x08000da4   0x0000000a   Code   RO         1090    .text.usart_enable  gd32e23x_usart.o
    0x08000dae   0x08000dae   0x0000001a   Code   RO         1208    .text.usart_flag_get  gd32e23x_usart.o
    0x08000dc8   0x08000dc8   0x000000c0   Code   RO           58    .text.usart_init    usart.o
    0x08000e88   0x08000e88   0x0000001a   Code   RO         1084    .text.usart_parity_config  gd32e23x_usart.o
    0x08000ea2   0x08000ea2   0x00000010   Code   RO         1096    .text.usart_receive_config  gd32e23x_usart.o
    0x08000eb2   0x08000eb2   0x0000001a   Code   RO         1088    .text.usart_stop_bit_set  gd32e23x_usart.o
    0x08000ecc   0x08000ecc   0x00000010   Code   RO         1094    .text.usart_transmit_config  gd32e23x_usart.o
    0x08000edc   0x08000edc   0x0000001a   Code   RO         1086    .text.usart_word_length_set  gd32e23x_usart.o
    0x08000ef6   0x08000ef6   0x0000000e   Code   RO         1319    i.__scatterload_copy  mc_p.l(handlers.o)
    0x08000f04   0x08000f04   0x00000002   Code   RO         1320    i.__scatterload_null  mc_p.l(handlers.o)
    0x08000f06   0x08000f06   0x0000000e   Code   RO         1321    i.__scatterload_zeroinit  mc_p.l(handlers.o)
    0x08000f14   0x08000f14   0x00000020   Code   RO         1285    i.puts              mc_p.l(puts.o)
    0x08000f34   0x08000f34   0x00000020   Data   RO         1317    Region$$Table       anon$$obj.o


    Execution Region RW_IRAM1 (Exec base: 0x20000000, Load base: 0x08000f58, Size: 0x00000410, Max: 0x00002000, ABSOLUTE)

    Exec Addr    Load Addr    Size         Type   Attr      Idx    E Section Name        Object

    0x20000000   0x08000f58   0x00000004   Data   RW         1311    .data               mc_p.l(stdout.o)
    0x20000004   0x08000f5c   0x00000004   Data   RW         1262    .data.SystemCoreClock  system_gd32e23x.o
    0x20000008        -       0x00000008   Zero   RW           46    .bss..L_MergedGlobals  systick.o
    0x20000010        -       0x00000400   Zero   RW         1273    STACK               startup_gd32e23x.o


==============================================================================

Image component sizes


      Code (inc. data)   RO Data    RW Data    ZI Data      Debug   Object Name

       148         12          0          0          0       3391   gd32e23x_exti.o
      1156         72          0          0          0       6016   gd32e23x_gpio.o
        10          0          0          0          0        836   gd32e23x_it.o
       152         28          0          0          0       4142   gd32e23x_misc.o
       464         48          0          0          0      13561   gd32e23x_rcu.o
        96          4          0          0          0       3111   gd32e23x_syscfg.o
       294         20          0          0          0      15730   gd32e23x_usart.o
       228         40          0          0          0       2910   main.o
        28          8        204          0       1024        720   startup_gd32e23x.o
       312         24          0          4          0       2304   system_gd32e23x.o
        56         16          0          0          8       1503   systick.o
       232         16          0          0          0       2948   usart.o

    ----------------------------------------------------------------------
      3178        288        236          4       1032      57172   Object Totals
         0          0         32          0          0          0   (incl. Generated)
         2          0          0          0          0          0   (incl. Padding)

    ----------------------------------------------------------------------

      Code (inc. data)   RO Data    RW Data    ZI Data      Debug   Library Member Name

         0          0          0          0          0          0   entry.o
         0          0          0          0          0          0   entry10a.o
         0          0          0          0          0          0   entry11a.o
         8          4          0          0          0          0   entry2.o
         4          0          0          0          0          0   entry5.o
         0          0          0          0          0          0   entry7b.o
         0          0          0          0          0          0   entry8b.o
         8          4          0          0          0          0   entry9a.o
        30          0          0          0          0          0   handlers.o
        36          8          0          0          0         68   init.o
         0          0          0          0          0          0   iusefp.o
        32          4          0          0          0         68   puts.o
         0          0          0          4          0          0   stdout.o
       124          0          0          0          0         72   fdiv.o
       130          0          0          0          0        144   fepilogue.o
        14          0          0          0          0         68   ffltui.o
       122          0          0          0          0         72   fmul.o

    ----------------------------------------------------------------------
       510         20          0          4          0        492   Library Totals
         2          0          0          0          0          0   (incl. Padding)

    ----------------------------------------------------------------------

      Code (inc. data)   RO Data    RW Data    ZI Data      Debug   Library Name

       118         20          0          4          0        136   mc_p.l
       390          0          0          0          0        356   mf_p.l

    ----------------------------------------------------------------------
       510         20          0          4          0        492   Library Totals

    ----------------------------------------------------------------------

==============================================================================


      Code (inc. data)   RO Data    RW Data    ZI Data      Debug   

      3688        308        236          8       1032      57524   Grand Totals
      3688        308        236          8       1032      57524   ELF Image Totals
      3688        308        236          8          0          0   ROM Totals

==============================================================================

    Total RO  Size (Code + RO Data)                 3924 (   3.83kB)
    Total RW  Size (RW Data + ZI Data)              1040 (   1.02kB)
    Total ROM Size (Code + RO Data + RW Data)       3932 (   3.84kB)

==============================================================================

