BL51 BANKED LINKER/LOCATER V6.22.2.0                                                    11/01/2025  13:50:23  PAGE 1


BL51 BANKED LINKER/LOCATER V6.22.2.0, INVOKED BY:
C:\KEIL_V5\C51\BIN\BL51.EXE .\Objects\STARTUP.obj, .\Objects\main.obj TO .\Objects\7-1 EXT PRINT (.\Listings\7-1 EXT.m51
>> )


MEMORY MODEL: SMALL


INPUT MODULES INCLUDED:
  .\Objects\STARTUP.obj (?C_STARTUP)
  .\Objects\main.obj (MAIN)


LINK MAP OF MODULE:  .\Objects\7-1 EXT (?C_STARTUP)


            TYPE    BASE      LENGTH    RELOCATION   SEGMENT NAME
            -----------------------------------------------------

            * * * * * * *   D A T A   M E M O R Y   * * * * * * *
            REG     0000H     0008H     ABSOLUTE     "REG BANK 0"
            IDATA   0008H     0001H     UNIT         ?STACK

            * * * * * * *   C O D E   M E M O R Y   * * * * * * *
            CODE    0000H     0003H     ABSOLUTE     
            CODE    0003H     0003H     ABSOLUTE     
            CODE    0006H     000CH     UNIT         ?C_C51STARTUP
                    0012H     0001H                  *** GAP ***
            CODE    0013H     0003H     ABSOLUTE     
            CODE    0016H     000FH     UNIT         ?PR?MAIN?MAIN
            CODE    0025H     0003H     UNIT         ?PR?XIN0?MAIN
            CODE    0028H     0003H     UNIT         ?PR?XIN1?MAIN



OVERLAY MAP OF MODULE:   .\Objects\7-1 EXT (?C_STARTUP)


SEGMENT
  +--> CALLED SEGMENT
---------------------
?C_C51STARTUP
  +--> ?PR?MAIN?MAIN



SYMBOL TABLE OF MODULE:  .\Objects\7-1 EXT (?C_STARTUP)

  VALUE           TYPE          NAME
  ----------------------------------

  -------         MODULE        ?C_STARTUP
  C:0006H         SEGMENT       ?C_C51STARTUP
  I:0008H         SEGMENT       ?STACK
  C:0000H         PUBLIC        ?C_STARTUP
  D:00E0H         SYMBOL        ACC
  D:00F0H         SYMBOL        B
  D:0083H         SYMBOL        DPH
BL51 BANKED LINKER/LOCATER V6.22.2.0                                                  11/01/2025  13:50:23  PAGE 2


  D:0082H         SYMBOL        DPL
  N:0000H         SYMBOL        IBPSTACK
  N:0100H         SYMBOL        IBPSTACKTOP
  N:0080H         SYMBOL        IDATALEN
  C:0009H         SYMBOL        IDATALOOP
  N:0000H         SYMBOL        PBPSTACK
  N:0100H         SYMBOL        PBPSTACKTOP
  N:0000H         SYMBOL        PDATALEN
  N:0000H         SYMBOL        PDATASTART
  N:0000H         SYMBOL        PPAGE
  N:0000H         SYMBOL        PPAGEENABLE
  D:00A0H         SYMBOL        PPAGE_SFR
  D:0081H         SYMBOL        SP
  C:0006H         SYMBOL        STARTUP1
  N:0000H         SYMBOL        XBPSTACK
  N:0000H         SYMBOL        XBPSTACKTOP
  N:0000H         SYMBOL        XDATALEN
  N:0000H         SYMBOL        XDATASTART
  C:0000H         LINE#         126
  C:0006H         LINE#         133
  C:0008H         LINE#         134
  C:0009H         LINE#         135
  C:000AH         LINE#         136
  C:000CH         LINE#         185
  C:000FH         LINE#         196
  -------         ENDMOD        ?C_STARTUP

  -------         MODULE        MAIN
  C:0000H         SYMBOL        _ICE_DUMMY_
  C:0025H         PUBLIC        xin0
  D:0090H         PUBLIC        P1
  C:0028H         PUBLIC        xin1
  B:00A8H.7       PUBLIC        EA
  D:00B8H         PUBLIC        IP
  C:0016H         PUBLIC        main
  B:00A8H.0       PUBLIC        EX0
  B:0088H.0       PUBLIC        IT0
  B:00A8H.2       PUBLIC        EX1
  B:0088H.2       PUBLIC        IT1
  B:0090H.0       PUBLIC        led1
  B:0090H.1       PUBLIC        led2
  -------         PROC          MAIN
  C:0016H         LINE#         13
  C:0016H         LINE#         14
  C:0016H         LINE#         16
  C:0019H         LINE#         17
  C:001BH         LINE#         18
  C:001DH         LINE#         19
  C:001FH         LINE#         20
  C:0021H         LINE#         21
  C:0023H         LINE#         22
  -------         ENDPROC       MAIN
  -------         PROC          XIN0
  C:0025H         LINE#         24
  C:0025H         LINE#         26
  C:0027H         LINE#         27
  -------         ENDPROC       XIN0
BL51 BANKED LINKER/LOCATER V6.22.2.0                                                  11/01/2025  13:50:23  PAGE 3


  -------         PROC          XIN1
  C:0028H         LINE#         28
  C:0028H         LINE#         30
  C:002AH         LINE#         31
  -------         ENDPROC       XIN1
  -------         ENDMOD        MAIN

Program Size: data=9.0 xdata=0 code=42
LINK/LOCATE RUN COMPLETE.  0 WARNING(S),  0 ERROR(S)
