C51 COMPILER V9.59.0.0   MAIN                                                              11/01/2025 13:50:22 PAGE 1   


C51 COMPILER V9.59.0.0, COMPILATION OF MODULE MAIN
OBJECT MODULE PLACED IN .\Objects\main.obj
COMPILER INVOKED BY: C:\Keil_v5\C51\BIN\C51.EXE main.c OPTIMIZE(8,SPEED) BROWSE DEBUG OBJECTEXTEND PRINT(.\Listings\main
                    -.lst) TABS(2) OBJECT(.\Objects\main.obj)

line level    source

   1          /* Main.c file generated by New Project wizard
   2           *
   3           * Created:   ÖÜÁù 3ÔÂ 19 2016
   4           * Processor: AT89C51
   5           * Compiler:  Keil for 8051
   6           */
   7          
   8          #include <reg51.h>
   9          //#include <stdio.h>
  10          sbit led1=P1^0;
  11          sbit led2=P1^1;
  12          
  13          void main(void)
  14           { 
  15   1          //led1=0;           
  16   1          IP=0x05;
  17   1          IT0=1;
  18   1          IT1=1;
  19   1          EX0=1;
  20   1          EX1=1;
  21   1          EA=1;
  22   1          while (1);
  23   1       }
  24          void  xin0(void)  interrupt  0
  25          {
  26   1          led1=!led1;
  27   1      }
  28          void  xin1(void)  interrupt  2
  29          {
  30   1          led2=!led2;
  31   1      }


MODULE INFORMATION:   STATIC OVERLAYABLE
   CODE SIZE        =     21    ----
   CONSTANT SIZE    =   ----    ----
   XDATA SIZE       =   ----    ----
   PDATA SIZE       =   ----    ----
   DATA SIZE        =   ----    ----
   IDATA SIZE       =   ----    ----
   BIT SIZE         =   ----    ----
END OF MODULE INFORMATION.


C51 COMPILATION COMPLETE.  0 WARNING(S),  0 ERROR(S)
